//my_bigball/Omoji/assets/ageMod/U_001.bundle 8-386
//my_bigball/Omoji/assets/ani/accountbg/ani_oppo_head_k4.bundle 387-403
//my_bigball/Omoji/assets/ani/aod/ani_oppo_head_k1.bundle 405-412
//my_bigball/Omoji/assets/ani/aod/ani_oppo_head_k2.bundle 414-423
//my_bigball/Omoji/assets/ani/aod/ani_oppo_head_k3.bundle 424-434
//my_bigball/Omoji/assets/ani/watch/ani_oppo_head_k1.bundle 455-462
//my_bigball/Omoji/assets/ani/watch/ani_oppo_head_k2.bundle 464-473
//my_bigball/Omoji/assets/ani/watch/ani_oppo_head_k3.bundle 475-482
//my_bigball/Omoji/assets/ani/watch/ani_oppo_head_k4.bundle 483-491
//my_bigball/Omoji/assets/ani/watch/ani_oppo_head_k5.bundle 492-499
//my_bigball/Omoji/assets/beard/H_001.bundle 501-587
//my_bigball/Omoji/assets/beard/H_002.bundle 589-743
//my_bigball/Omoji/assets/beard/H_003.bundle 744-971
//my_bigball/Omoji/assets/beard/H_004.bundle 972-1265
//my_bigball/Omoji/assets/beard/H_005.bundle 1266-1315
//my_bigball/Omoji/assets/beard/H_006.bundle 1317-1412
//my_bigball/Omoji/assets/beard/H_007.bundle 1414-1453
//my_bigball/Omoji/assets/beard/H_008.bundle 1455-1490
//my_bigball/Omoji/assets/beard/H_009.bundle 1491-1551
//my_bigball/Omoji/assets/beard/H_010.bundle 1553-1594
//my_bigball/Omoji/assets/beard/H_011.bundle 1596-1658
//my_bigball/Omoji/assets/beard/H_012.bundle 1659-1720
//my_bigball/Omoji/assets/beard/H_013.bundle 1722-1931
//my_bigball/Omoji/assets/beard/H_014.bundle 1932-2032
//my_bigball/Omoji/assets/beard/H_015.bundle 2033-2105
//my_bigball/Omoji/assets/beard/H_016.bundle 2106-2413
//my_bigball/Omoji/assets/beard/H_017.bundle 2414-2832
//my_bigball/Omoji/assets/beard/H_018.bundle 2833-3090
//my_bigball/Omoji/assets/beard/H_019.bundle 3091-3395
//my_bigball/Omoji/assets/beauty/midManBeauty.bundle 3396-3415
//my_bigball/Omoji/assets/beauty/nasolabial.bundle 3416-3467
//my_bigball/Omoji/assets/beauty/oldManBeauty.bundle 3469-3567
//my_bigball/Omoji/assets/beauty/oppo_liplash.bundle 3568-3569
//my_bigball/Omoji/assets/brow/M_001.bundle 3571-3585
//my_bigball/Omoji/assets/brow/M_002.bundle 3587-3604
//my_bigball/Omoji/assets/brow/M_003.bundle 3606-3619
//my_bigball/Omoji/assets/brow/M_004.bundle 3621-3635
//my_bigball/Omoji/assets/brow/M_005.bundle 3637-3652
//my_bigball/Omoji/assets/brow/M_006.bundle 3653-3667
//my_bigball/Omoji/assets/brow/M_007.bundle 3669-3683
//my_bigball/Omoji/assets/brow/M_008.bundle 3684-3698
//my_bigball/Omoji/assets/brow/M_009.bundle 3699-3713
//my_bigball/Omoji/assets/brow/M_010.bundle 3714-3729
//my_bigball/Omoji/assets/brow/M_011.bundle 3731-3763
//my_bigball/Omoji/assets/brow/M_012.bundle 3765-3796
//my_bigball/Omoji/assets/brow/M_013.bundle 3797-3823
//my_bigball/Omoji/assets/brow/M_014.bundle 3825-3845
//my_bigball/Omoji/assets/brow/M_015.bundle 3846-3867
//my_bigball/Omoji/assets/brow/M_016.bundle 3868-3892
//my_bigball/Omoji/assets/config.json 3904
//my_bigball/Omoji/assets/ear/E_001.bundle 3906-3910
//my_bigball/Omoji/assets/ear/E_002.bundle 3911-3913
//my_bigball/Omoji/assets/ear/E_003.bundle 3914-3916
//my_bigball/Omoji/assets/earring_l/S_001_L.bundle 3918-3956
//my_bigball/Omoji/assets/earring_l/S_002_L.bundle 3958-3994
//my_bigball/Omoji/assets/earring_l/S_003_L.bundle 3996-4026
//my_bigball/Omoji/assets/earring_l/S_004_L.bundle 4027-4069
//my_bigball/Omoji/assets/earring_l/S_005_L.bundle 4070-4120
//my_bigball/Omoji/assets/earring_l/S_006_L.bundle 4121-4163
//my_bigball/Omoji/assets/earring_l/S_007_L.bundle 4164-4187
//my_bigball/Omoji/assets/earring_l/S_008_L.bundle 4189-4226
//my_bigball/Omoji/assets/earring_l/S_009_L.bundle 4228-4256
//my_bigball/Omoji/assets/earring_r/S_001_R.bundle 4257-4295
//my_bigball/Omoji/assets/earring_r/S_002_R.bundle 4296-4333
//my_bigball/Omoji/assets/earring_r/S_003_R.bundle 4335-4365
//my_bigball/Omoji/assets/earring_r/S_004_R.bundle 4367-4409
//my_bigball/Omoji/assets/earring_r/S_005_R.bundle 4410-4460
//my_bigball/Omoji/assets/earring_r/S_006_R.bundle 4462-4504
//my_bigball/Omoji/assets/earring_r/S_007_R.bundle 4505-4528
//my_bigball/Omoji/assets/earring_r/S_008_R.bundle 4529-4566
//my_bigball/Omoji/assets/earring_r/S_009_R.bundle 4567-4595
//my_bigball/Omoji/assets/eye/Y_001.bundle 4597-4616
//my_bigball/Omoji/assets/eye/Y_002.bundle 4618-4637
//my_bigball/Omoji/assets/eye/Y_003.bundle 4638-4651
//my_bigball/Omoji/assets/eye/Y_004.bundle 4652-4685
//my_bigball/Omoji/assets/eye/Y_005.bundle 4687-4711
//my_bigball/Omoji/assets/eye/Y_006.bundle 4713-4735
//my_bigball/Omoji/assets/eye/Y_007.bundle 4737-4760
//my_bigball/Omoji/assets/eye/Y_008.bundle 4762-4790
//my_bigball/Omoji/assets/eye/Y_009.bundle 4792-4818
//my_bigball/Omoji/assets/eyelash/J_001.bundle 4820-4845
//my_bigball/Omoji/assets/eyelash/J_002.bundle 4846-4870
//my_bigball/Omoji/assets/eyelash/J_003.bundle 4871-4896
//my_bigball/Omoji/assets/eyelash/J_004.bundle 4898-4923
//my_bigball/Omoji/assets/eyelash/J_005.bundle 4924-4950
//my_bigball/Omoji/assets/eyelash/J_006.bundle 4952-4987
//my_bigball/Omoji/assets/eyelash/J_007.bundle 4989-5061
//my_bigball/Omoji/assets/eyelash/J_008.bundle 5063-5143
//my_bigball/Omoji/assets/eyelash/J_009.bundle 5145-5221
//my_bigball/Omoji/assets/face/L_001.bundle 5223
//my_bigball/Omoji/assets/face/L_002.bundle 5224
//my_bigball/Omoji/assets/face/L_003.bundle 5225
//my_bigball/Omoji/assets/face/L_004.bundle 5226-5233
//my_bigball/Omoji/assets/face/L_005.bundle 5234-5241
//my_bigball/Omoji/assets/face/L_006.bundle 5242-5249
//my_bigball/Omoji/assets/face/L_007.bundle 5250-5256
//my_bigball/Omoji/assets/face/L_008.bundle 5257-5263
//my_bigball/Omoji/assets/face/L_009.bundle 5264-5270
//my_bigball/Omoji/assets/freckles/A_001.bundle 5271-5273
//my_bigball/Omoji/assets/freckles/A_002.bundle 5274-5278
//my_bigball/Omoji/assets/freckles/A_003.bundle 5280-5281
//my_bigball/Omoji/assets/glasses/G_001.bundle 5282-5353
//my_bigball/Omoji/assets/glasses/G_002.bundle 5355-5400
//my_bigball/Omoji/assets/glasses/G_003.bundle 5402-5471
//my_bigball/Omoji/assets/glasses/G_004.bundle 5472-5521
//my_bigball/Omoji/assets/glasses/G_005.bundle 5523-5568
//my_bigball/Omoji/assets/glasses/G_006.bundle 5570-5653
//my_bigball/Omoji/assets/glasses/G_008.bundle 5654-5717
//my_bigball/Omoji/assets/glasses/G_009.bundle 5718-5820
//my_bigball/Omoji/assets/glasses/G_010.bundle 5822-5876
//my_bigball/Omoji/assets/glasses/G_011.bundle 5878-5942
//my_bigball/Omoji/assets/glasses/G_012.bundle 5944-5984
//my_bigball/Omoji/assets/glasses/G_013.bundle 5985-6059
//my_bigball/Omoji/assets/glasses/G_014.bundle 6060-6129
//my_bigball/Omoji/assets/glasses/G_015.bundle 6131-6211
//my_bigball/Omoji/assets/glasses/G_016.bundle 6212-6244
//my_bigball/Omoji/assets/glasses/G_017.bundle 6246-6282
//my_bigball/Omoji/assets/glasses/G_018.bundle 6284-6321
//my_bigball/Omoji/assets/glasses/G_019.bundle 6322-6366
//my_bigball/Omoji/assets/glasses/G_020.bundle 6368-6422
//my_bigball/Omoji/assets/glasses/G_021.bundle 6423-6472
//my_bigball/Omoji/assets/glasses/G_022.bundle 6474-6523
//my_bigball/Omoji/assets/hair/F_001.bundle 6525-6879
//my_bigball/Omoji/assets/hair/F_002.bundle 6880-7405
//my_bigball/Omoji/assets/hair/F_003.bundle 7406-7821
//my_bigball/Omoji/assets/hair/F_004.bundle 7822-8652
//my_bigball/Omoji/assets/hair/F_005.bundle 8653-8846
//my_bigball/Omoji/assets/hair/F_006.bundle 8848-9027
//my_bigball/Omoji/assets/hair/F_007.bundle 9028-9911
//my_bigball/Omoji/assets/hair/F_008.bundle 9913-10388
//my_bigball/Omoji/assets/hair/F_009.bundle 10390-10858
//my_bigball/Omoji/assets/hair/F_010.bundle 10859-11292
//my_bigball/Omoji/assets/hair/F_011.bundle 11293-11653
//my_bigball/Omoji/assets/hair/F_012.bundle 11654-11669
//my_bigball/Omoji/assets/hair/F_013.bundle 11671-12021
//my_bigball/Omoji/assets/hair/F_014.bundle 12022-12348
//my_bigball/Omoji/assets/hair/F_015.bundle 12349-12671 12672
//my_bigball/Omoji/assets/hair/F_016.bundle 12673-13447
//my_bigball/Omoji/assets/hair/F_017.bundle 13449-13766
//my_bigball/Omoji/assets/hair/F_018.bundle 13767-14424
//my_bigball/Omoji/assets/hair/F_019.bundle 14425-14791
//my_bigball/Omoji/assets/hair/F_020.bundle 14793-15238
//my_bigball/Omoji/assets/hair/F_021.bundle 15240-15596
//my_bigball/Omoji/assets/hair/F_022.bundle 15598-16001
//my_bigball/Omoji/assets/hair/F_023.bundle 16003-16351
//my_bigball/Omoji/assets/hair/F_024.bundle 16352-16827
//my_bigball/Omoji/assets/hair/F_025.bundle 16829-17226
//my_bigball/Omoji/assets/hair/F_026.bundle 17228-17635
//my_bigball/Omoji/assets/hair/F_027.bundle 17636-17957
//my_bigball/Omoji/assets/hair/F_028.bundle 17959-18286
//my_bigball/Omoji/assets/hair/F_029.bundle 18288-19078
//my_bigball/Omoji/assets/hair/F_030.bundle 19080-19407
//my_bigball/Omoji/assets/hair/F_031.bundle 19408-19840
//my_bigball/Omoji/assets/hair/F_032.bundle 19842-20131
//my_bigball/Omoji/assets/hair/F_033.bundle 20132-20713
//my_bigball/Omoji/assets/hair/F_034.bundle 20714-21022
//my_bigball/Omoji/assets/hair/F_035.bundle 21023-21765
//my_bigball/Omoji/assets/hair/F_036.bundle 21766-22364
//my_bigball/Omoji/assets/hair/F_037.bundle 22366-22751
//my_bigball/Omoji/assets/hair/F_038.bundle 22753-22920
//my_bigball/Omoji/assets/hair/F_039.bundle 22921-23100
//my_bigball/Omoji/assets/hair/F_040.bundle 23102-23234
//my_bigball/Omoji/assets/hair/F_041.bundle 23236-23653
//my_bigball/Omoji/assets/hair/F_042.bundle 23655-24307
//my_bigball/Omoji/assets/hair/F_043.bundle 24308-24652
//my_bigball/Omoji/assets/hair/F_044.bundle 24653-25087
//my_bigball/Omoji/assets/hair/F_045.bundle 25088-25589
//my_bigball/Omoji/assets/hair/F_046.bundle 25590-25884
//my_bigball/Omoji/assets/hair/F_047.bundle 25885-26270
//my_bigball/Omoji/assets/hair/F_048.bundle 26272-26659
//my_bigball/Omoji/assets/hair/F_049.bundle 26661-26952
//my_bigball/Omoji/assets/hair/F_050.bundle 26953-27447
//my_bigball/Omoji/assets/hair/F_051.bundle 27448-27842
//my_bigball/Omoji/assets/hair/F_052.bundle 27844-28398
//my_bigball/Omoji/assets/hair/F_053.bundle 28400-28652
//my_bigball/Omoji/assets/hair/F_054.bundle 28654-28979
//my_bigball/Omoji/assets/hair/F_055.bundle 28980-29184
//my_bigball/Omoji/assets/hair/F_056.bundle 29185-29488
//my_bigball/Omoji/assets/hair/F_057.bundle 29490-29937
//my_bigball/Omoji/assets/hair/F_058.bundle 29938-31361
//my_bigball/Omoji/assets/hair/F_059.bundle 31363-31652
//my_bigball/Omoji/assets/hair/F_060.bundle 31653-31831
//my_bigball/Omoji/assets/hair/F_061.bundle 31832-32358
//my_bigball/Omoji/assets/hair/F_062.bundle 32359-32726
//my_bigball/Omoji/assets/hair/F_063.bundle 32728-33247
//my_bigball/Omoji/assets/hair/F_064.bundle 33248-33763
//my_bigball/Omoji/assets/hair/F_065.bundle 33765-34171
//my_bigball/Omoji/assets/hair/F_066.bundle 34173-34351
//my_bigball/Omoji/assets/hair/F_067.bundle 34353-34676
//my_bigball/Omoji/assets/hair/F_068.bundle 34678-34900
//my_bigball/Omoji/assets/hair/F_069.bundle 34902-35933
//my_bigball/Omoji/assets/head/head_1/info.json 35935
//my_bigball/Omoji/assets/head/head_2/info.json 35936
//my_bigball/Omoji/assets/head/head_2/originPhoto.png 35937-35981
//my_bigball/Omoji/assets/head/head_3/info.json 35982
//my_bigball/Omoji/assets/head/head_3/originPhoto.png 35983-36041
//my_bigball/Omoji/assets/head/head_4/info.json 36042
//my_bigball/Omoji/assets/head/head_4/originPhoto.png 36043-36088
//my_bigball/Omoji/assets/head/head_5/info.json 36089
//my_bigball/Omoji/assets/head/head_5/originPhoto.png 36090-36130
//my_bigball/Omoji/assets/head/oppo_face_mid.bundle 36131-36982
//my_bigball/Omoji/assets/headwear/T_001.bundle 36983-37176
//my_bigball/Omoji/assets/headwear/T_002.bundle 37177-37259
//my_bigball/Omoji/assets/headwear/T_003.bundle 37261-37326
//my_bigball/Omoji/assets/headwear/T_004.bundle 37327-37408
//my_bigball/Omoji/assets/headwear/T_005.bundle 37410-37552
//my_bigball/Omoji/assets/headwear/T_006.bundle 37554-37631
//my_bigball/Omoji/assets/headwear/T_007.bundle 37633-37775
//my_bigball/Omoji/assets/headwear/T_008.bundle 37776-37850
//my_bigball/Omoji/assets/headwear/T_009.bundle 37851-37994
//my_bigball/Omoji/assets/headwear/T_010.bundle 37996-38044
//my_bigball/Omoji/assets/headwear/T_011.bundle 38046-38290
//my_bigball/Omoji/assets/headwear/T_012.bundle 38292-38368
//my_bigball/Omoji/assets/headwear/T_013.bundle 38370-38643
//my_bigball/Omoji/assets/headwear/T_014.bundle 38644-38839
//my_bigball/Omoji/assets/headwear/T_015.bundle 38840-38967
//my_bigball/Omoji/assets/headwear/T_016.bundle 38969-39109
//my_bigball/Omoji/assets/light/oppo_light.bundle 39111-39348
//my_bigball/Omoji/assets/light/oppo_light_02.bundle 39349-39586
//my_bigball/Omoji/assets/light/oppo_light_03.bundle 39587-39824
//my_bigball/Omoji/assets/light/oppo_light_04.bundle 39825-40062
//my_bigball/Omoji/assets/light/oppo_light_modify_01.bundle 40063-40300
//my_bigball/Omoji/assets/light/oppo_light_modify_02.bundle 40301-40538
//my_bigball/Omoji/assets/lipstuds/I_001.bundle 40539-40580
//my_bigball/Omoji/assets/lipstuds/I_002.bundle 40582-40624
//my_bigball/Omoji/assets/lipstuds/I_003.bundle 40625-40668
//my_bigball/Omoji/assets/lipstuds/I_004.bundle 40670-40735
//my_bigball/Omoji/assets/lipstuds/I_005.bundle 40737-40793
//my_bigball/Omoji/assets/mouth/Z_001.bundle 40795-40804
//my_bigball/Omoji/assets/mouth/Z_002.bundle 40805
//my_bigball/Omoji/assets/mouth/Z_003.bundle 40806-40815
//my_bigball/Omoji/assets/mouth/Z_004.bundle 40816-40825
//my_bigball/Omoji/assets/mouth/Z_005.bundle 40827-40864
//my_bigball/Omoji/assets/mouth/Z_006.bundle 40866-40877
//my_bigball/Omoji/assets/mouth/Z_007.bundle 40878-40887
//my_bigball/Omoji/assets/mouth/Z_008.bundle 40889-40898
//my_bigball/Omoji/assets/mouth/Z_009.bundle 40900-40910
//my_bigball/Omoji/assets/mouth/Z_010.bundle 40912-40921
//my_bigball/Omoji/assets/mouth/Z_011.bundle 40922-40931
//my_bigball/Omoji/assets/mouth/Z_012.bundle 40932-40945
//my_bigball/Omoji/assets/nevus/C_003.bundle 40949-40961
//my_bigball/Omoji/assets/nevus/C_004.bundle 40962-40974
//my_bigball/Omoji/assets/nevus/C_005.bundle 40975-40985
//my_bigball/Omoji/assets/nevus/C_006.bundle 40986-40996
//my_bigball/Omoji/assets/nose/B_001.bundle 40997-40998
//my_bigball/Omoji/assets/nose/B_002.bundle 41000-41002
//my_bigball/Omoji/assets/nose/B_003.bundle 41004-41006
//my_bigball/Omoji/assets/others/ARmask.bundle 41008-41023
//my_bigball/Omoji/assets/others/ARmask_gk.bundle 41025-41040
//my_bigball/Omoji/assets/others/ARmask_shadow.bundle 41042-41057
//my_bigball/Omoji/assets/others/color.json 41059
//my_bigball/Omoji/assets/others/controller_config.bundle 41060-41089
//my_bigball/Omoji/assets/others/controller_config_for_icon_scene.bundle 41090-41119
//my_bigball/Omoji/info.json 41120
//my_bigball/apkcerts.txt 41121
//my_bigball/app/AssistantScreen/AssistantScreen.apk 41122-53733
//my_bigball/app/AssistantScreen/oat/arm64/AssistantScreen.vdex 53744-53900
//my_bigball/app/OcrScanner/OcrScanner.apk 53901-65615
//my_bigball/app/OcrScanner/oat/arm64/OcrScanner.vdex 65626-65697
//my_bigball/app/Omoji/Omoji.apk 65698-76957
//my_bigball/app/Omoji/lib/arm64/libCNamaSDK_vendor.so 76965-79115
//my_bigball/app/Omoji/lib/arm64/libFUP2AHelper.so 79119-79269
//my_bigball/app/Omoji/lib/arm64/libffmpeg.so 79271-79734
//my_bigball/app/Omoji/lib/arm64/libffmpegJNI.so 79735-79842
//my_bigball/app/Omoji/lib/arm64/libfuai_vendor.so 79843-80744
//my_bigball/app/Omoji/oat/arm64/Omoji.vdex 80746-80805
//my_bigball/app/OplusPhoneActivation/OplusPhoneActivation.apk 80806-82023
//my_bigball/app/OplusPhoneActivation/oat/arm64/OplusPhoneActivation.vdex 82026-82044
//my_bigball/app/PhoneNOAreaInquireProvider/PhoneNOAreaInquireProvider.apk 82045-82741
//my_bigball/app/PhoneNOAreaInquireProvider/oat/arm64/PhoneNOAreaInquireProvider.vdex 82742-82744
//my_bigball/app/RegService/RegService.apk 82745-82870
//my_bigball/app/RegService/oat/arm64/RegService.vdex 82871-82873
//my_bigball/app/SwitchAccess/SwitchAccess.apk 82874-84362
//my_bigball/app/TrichromeLibraryCN/TrichromeLibraryCN.apk 84365-99927
//my_bigball/app/WebViewGoogleCN/WebViewGoogleCN.apk 99939-118567
//my_bigball/app/talkbackCN/talkbackCN.apk 118582-123126
//my_bigball/del-app/SoftsimRedteaRoaming/SoftsimRedteaRoaming.apk 123131-130642
//my_bigball/etc/NOTICE.xml.gz 130648-130651
//my_bigball/etc/launcher/default_workspace.xml 130653-130654
//my_bigball/etc/launcher/default_workspace_simple.xml 130655
//my_bigball/etc/oplus_carriers_map.xml 130656
//my_bigball/etc/oplus_channel_map.xml 130657-130658
//my_bigball/etc/oplus_channel_ready_stat_map.xml 130659
//my_bigball/etc/permissions/privapp-permissions-google-product.xml 130660
//my_bigball/etc/permissions/privapp-permissions-google-system_ext.xml 130662
//my_bigball/etc/sysconfig/google-hiddenapi-package-allowlist.xml 130664
//my_bigball/etc/sysconfig/google.xml 130665
//my_bigball/non_overlay/app/GoogleExtShared/GoogleExtShared.apk 130666-130668
//my_bigball/non_overlay/app/GooglePrintRecommendationService/GooglePrintRecommendationService.apk 130669-130699
//my_bigball/non_overlay/priv-app/GoogleServicesFramework/GoogleServicesFramework.apk 130700-131467
//my_bigball/overlay/GmsConfigOverlayCommonCN/GmsConfigOverlayCommonCN.apk 131469-131473
//my_bigball/overlay/GmsConfigOverlayNoSafetyCenter/GmsConfigOverlayNoSafetyCenter.apk 131474-131475
//my_bigball/overlay/OplusConfigOverlayComms/OplusConfigOverlayComms.apk 131476-131477
//my_bigball/plugin/BatteryRestrictPlugin/BatteryRestrictPlugin.apk 131478-131496
//my_bigball/plugin/BatterySecretPlugin/BatterySecretPlugin.apk 131497-131594
//my_bigball/plugin/bpm/sys_elsa_config_list.xml 131595-131596
//my_bigball/priv-app/BlackListApp/BlackListApp.apk 131597-134098
//my_bigball/priv-app/BlackListApp/oat/arm64/BlackListApp.vdex 134102-134143
//my_bigball/priv-app/CTAutoRegist/CTAutoRegist.apk 134144-134176
//my_bigball/priv-app/CTAutoRegist/oat/arm64/CTAutoRegist.vdex 134177
//my_bigball/priv-app/ConfigUpdaterCN/ConfigUpdaterCN.apk 134178-134342
//my_bigball/priv-app/ConfigUpdaterCN/oat/arm64/ConfigUpdaterCN.vdex 134343-134345
//my_bigball/priv-app/Contacts/Contacts.apk 134346-144705
//my_bigball/priv-app/Contacts/oat/arm64/Contacts.vdex 144714-144787
//my_bigball/priv-app/GmsCore/GmsCore.apk 144788-172731
//my_bigball/priv-app/GmsCore/m/independent/AndroidPlatformServices.apk 172753-174769
//my_bigball/priv-app/GmsCore/oat/arm/GmsCore.vdex 174772-175268
//my_bigball/priv-app/GmsCore/oat/arm64/GmsCore.vdex 175269-175765
//my_bigball/priv-app/GoogleOneTimeInitializer/GoogleOneTimeInitializer.apk 175767-175813
//my_bigball/priv-app/GooglePlayServicesUpdater/GooglePlayServicesUpdater.apk 175815-175819
//my_bigball/priv-app/InCallUI/InCallUI.apk 175820-178607
//my_bigball/priv-app/InCallUI/oat/arm64/InCallUI.vdex 178611-178641
//my_bigball/priv-app/Mms/Mms.apk 178642-188108
//my_bigball/priv-app/Mms/oat/arm64/Mms.vdex 188117-188211
//my_bigball/priv-app/NumberRecognition/NumberRecognition.apk 188212-192645
//my_bigball/priv-app/NumberRecognition/oat/arm64/NumberRecognition.vdex 192649-192673
//my_bigball/priv-app/OppoTranslationService/OppoTranslationService.apk 192674-197838
//my_bigball/priv-app/OppoTranslationService/oat/arm64/OppoTranslationService.vdex 197843-197882
//my_bigball/priv-app/SceneService/SceneService.apk 197883-207236
//my_bigball/priv-app/SystemHelper-oppo-20231124/SystemHelper-oppo-20231124.apk 207245-207744
