//my_heytap/apkcerts.txt 1
//my_heytap/app/ARCore/ARCore.apk 2-280
//my_heytap/app/Browser/Browser.apk 281-46372
//my_heytap/app/Browser/oat/arm64/Browser.vdex 46404-46765
//my_heytap/app/GlobalSearch/GlobalSearch.apk 46766-63074
//my_heytap/app/GlobalSearch/oat/arm64/GlobalSearch.vdex 63087-63247
//my_heytap/app/Instant/Instant.apk 63248-79231
//my_heytap/app/Instant/lib/arm64/libSecret.so 79246-79250
//my_heytap/app/Instant/lib/arm64/libWSEncrypt.so 79251-79252
//my_heytap/app/Instant/lib/arm64/libads-ac.so 79253
//my_heytap/app/Instant/lib/arm64/libads-c.so 79254-79255
//my_heytap/app/Instant/lib/arm64/libbdtls.so 79256-79279
//my_heytap/app/Instant/lib/arm64/libc++_shared.so 79280-79393
//my_heytap/app/Instant/lib/arm64/libcanvas.so 79394
//my_heytap/app/Instant/lib/arm64/libconscrypt_jni.so 79395-79590
//my_heytap/app/Instant/lib/arm64/libfb.so 79592-79691
//my_heytap/app/Instant/lib/arm64/libfinmp3lame.so 79692-79729
//my_heytap/app/Instant/lib/arm64/libfire.so 79730-79736
//my_heytap/app/Instant/lib/arm64/libgifimage.so 79737-79766
//my_heytap/app/Instant/lib/arm64/libhapbridge.so 79767-79809
//my_heytap/app/Instant/lib/arm64/libhide-api-bypass.so 79810-79811
//my_heytap/app/Instant/lib/arm64/libhs.so 79812-79813
//my_heytap/app/Instant/lib/arm64/libijkplayer.so 79814-79866
//my_heytap/app/Instant/lib/arm64/libijksdl.so 79867-79933
//my_heytap/app/Instant/lib/arm64/libimagepipeline.so 79934
//my_heytap/app/Instant/lib/arm64/libinfrasjs_snapshot.so 79935-79963
//my_heytap/app/Instant/lib/arm64/libinspector.so 79964-79967
//my_heytap/app/Instant/lib/arm64/libinstant2djs.so 79968-83113
//my_heytap/app/Instant/lib/arm64/liblocSDK7d.so 83117-83145
//my_heytap/app/Instant/lib/arm64/libmmkv.so 83146-83209
//my_heytap/app/Instant/lib/arm64/libmp3lame.so 83210-83246
//my_heytap/app/Instant/lib/arm64/libnative-filters.so 83247-83251
//my_heytap/app/Instant/lib/arm64/libnative-imagetranscoder.so 83252-83313
//my_heytap/app/Instant/lib/arm64/libnearmelog.so 83314-83322
//my_heytap/app/Instant/lib/arm64/libocstool.so 83323-83325
//my_heytap/app/Instant/lib/arm64/libopluslog.so 83326-83334
//my_heytap/app/Instant/lib/arm64/libplay_sdk.so 83335
//my_heytap/app/Instant/lib/arm64/libqjsruntime.so 83336-83560
//my_heytap/app/Instant/lib/arm64/libscorpion.so 83561-83624
//my_heytap/app/Instant/lib/arm64/libsdkcore.so 83626-83645
//my_heytap/app/Instant/lib/arm64/libsentry-android.so 83646
//my_heytap/app/Instant/lib/arm64/libsentry.so 83647-83737
//my_heytap/app/Instant/lib/arm64/libspine.so 83738-83817
//my_heytap/app/Instant/lib/arm64/libstatic-webp.so 83818-83899
//my_heytap/app/Instant/lib/arm64/libswan-arch.so 83900-83925
//my_heytap/app/Instant/lib/arm64/libswanKV.so 83926-83971
//my_heytap/app/Instant/lib/arm64/libtbljniutils.so 83972-83982
//my_heytap/app/Instant/lib/arm64/libv8runtime.so 83983-86254
//my_heytap/app/Instant/lib/arm64/libwebgl.so 86258
//my_heytap/app/Instant/lib/arm64/libweibosdkcore.so 86259-86262
//my_heytap/app/Instant/lib/arm64/libyoga.so 86263-86292
//my_heytap/app/Instant/oat/arm64/Instant.vdex 86293-86541
//my_heytap/app/InstantService/InstantService.apk 86542-86556
//my_heytap/app/InterconnectCollectKit/InterconnectCollectKit.apk 86557-86586
//my_heytap/app/KeKePay/KeKePay.apk 86588-90786
//my_heytap/app/KeKePay/lib/arm64/libDXCaptcha-1.7.2.so 90791-90835
//my_heytap/app/KeKePay/lib/arm64/libDXCaptcha-v1.7.7-oppo.feb5cc11.so 90836-90880
//my_heytap/app/KeKePay/lib/arm64/libDXRisk-v6.1.7.2r-oppo.27dbf905.so 90881-90923
//my_heytap/app/KeKePay/lib/arm64/libDXRiskComm-v6.1.7.2r-oppo.27dbf905.so 90924-91093
//my_heytap/app/KeKePay/lib/arm64/libentryexpro.so 91094-91121
//my_heytap/app/KeKePay/lib/arm64/libmmkv.so 91122-91193
//my_heytap/app/KeKePay/lib/arm64/libnesdk.so 91194-91445
//my_heytap/app/KeKePay/lib/arm64/libocstool.so 91446-91448
//my_heytap/app/KeKePay/lib/arm64/libwb_tables_459410001354613984_1.so 91449-91502
//my_heytap/app/KeKePay/lib/arm64/libwbkit-seckit3.so 91503-91518
//my_heytap/app/KeKePay/oat/arm64/KeKePay.vdex 91519-91574
//my_heytap/app/MCS/MCS.apk 91576-94295
//my_heytap/app/MCS/lib/arm64/libheytap_mcs_cipheralgo_fixed.so 94299-94300
//my_heytap/app/MCS/lib/arm64/libmmkv.so 94301-94364
//my_heytap/app/MCS/lib/arm64/libopluslog.so 94365-94373
//my_heytap/app/MCS/oat/arm/MCS.vdex 94374-94415
//my_heytap/app/MCS/oat/arm64/MCS.vdex 94416-94457
//my_heytap/app/StdSP/StdSP.apk 94458-117931
//my_heytap/app/TasWallet/TasWallet.apk 117948-124084
//my_heytap/app/TasWallet/lib/arm64/libeidjni.so 124089-124123
//my_heytap/app/TasWallet/lib/arm64/libglide-webp.so 124124-124190
//my_heytap/app/TasWallet/lib/arm64/libimage_processing_util_jni.so 124191-124195
//my_heytap/app/TasWallet/lib/arm64/liblogan.so 124196-124204
//my_heytap/app/TasWallet/lib/arm64/libmfx.so 124205-124212
//my_heytap/app/TasWallet/lib/arm64/libmmkv.so 124213-124263
//my_heytap/app/TasWallet/lib/arm64/libocstool.so 124264-124266
//my_heytap/app/TasWallet/lib/arm64/libuptsmaddon.so 124267-124378
//my_heytap/app/TasWallet/lib/arm64/libuptsmaddonmi.so 124379-124490
//my_heytap/app/WifiBackupRestore/WifiBackupRestore.apk 124491-125973
//my_heytap/del-app/FinShellWallet/FinShellWallet.apk 125976-138000
//my_heytap/del-app/FinShellWallet/lib/arm64/libBaiduMapSDK_base_v7_3_0.so 138008-138093
//my_heytap/del-app/FinShellWallet/lib/arm64/libBankCardScanSDK.so 138094-138290
//my_heytap/del-app/FinShellWallet/lib/arm64/libBugly_Native_idasc.so 138291-138317
//my_heytap/del-app/FinShellWallet/lib/arm64/libGoriilaIDCardQuality_1.2.2.so 138318-138477
//my_heytap/del-app/FinShellWallet/lib/arm64/libMZSignature.so 138478-138480
//my_heytap/del-app/FinShellWallet/lib/arm64/libYTCommonLiveness.so 138482-138569
//my_heytap/del-app/FinShellWallet/lib/arm64/libYTImageRefiner.so 138570-138848
//my_heytap/del-app/FinShellWallet/lib/arm64/libYTLiveness.so 138849-139059
//my_heytap/del-app/FinShellWallet/lib/arm64/libads-ac.so 139060
//my_heytap/del-app/FinShellWallet/lib/arm64/libads-c.so 139061-139062
//my_heytap/del-app/FinShellWallet/lib/arm64/libapkpatch.so 139063-139093
//my_heytap/del-app/FinShellWallet/lib/arm64/libbsdiffutils.so 139094-139131
//my_heytap/del-app/FinShellWallet/lib/arm64/libcomm-sign-lib.so 139132-139149
//my_heytap/del-app/FinShellWallet/lib/arm64/libeidjni.so 139150-139184
//my_heytap/del-app/FinShellWallet/lib/arm64/libentryexpro.so 139185-139211
//my_heytap/del-app/FinShellWallet/lib/arm64/libffmpeg.so 139212-139676
//my_heytap/del-app/FinShellWallet/lib/arm64/libffmpegJNI.so 139677-139780
//my_heytap/del-app/FinShellWallet/lib/arm64/libglide-webp.so 139781-139847
//my_heytap/del-app/FinShellWallet/lib/arm64/libgnustl_shared.so 139848-139967
//my_heytap/del-app/FinShellWallet/lib/arm64/libhpatchz.so 139968-139973
//my_heytap/del-app/FinShellWallet/lib/arm64/libimage_processing_util_jni.so 139974-139978
//my_heytap/del-app/FinShellWallet/lib/arm64/libindoor.so 139979-140018
//my_heytap/del-app/FinShellWallet/lib/arm64/libkycgm.so 140019-140042
//my_heytap/del-app/FinShellWallet/lib/arm64/liblivenessdetection_v2.4.7.so 140043-140146
//my_heytap/del-app/FinShellWallet/lib/arm64/liblocSDK8a.so 140147-140154
//my_heytap/del-app/FinShellWallet/lib/arm64/liblogan.so 140155-140163
//my_heytap/del-app/FinShellWallet/lib/arm64/libmfx.so 140164-140171
//my_heytap/del-app/FinShellWallet/lib/arm64/libmmkv.so 140172-140222
//my_heytap/del-app/FinShellWallet/lib/arm64/libnetsecsdk-4.1.3.so 140223-140304
//my_heytap/del-app/FinShellWallet/lib/arm64/libocstool.so 140306-140308
//my_heytap/del-app/FinShellWallet/lib/arm64/libopluslog.so 140309-140317
//my_heytap/del-app/FinShellWallet/lib/arm64/libpl_droidsonroids_gif.so 140318-140324
//my_heytap/del-app/FinShellWallet/lib/arm64/librtmp-jni.so 140325-140338
//my_heytap/del-app/FinShellWallet/lib/arm64/libscorpion.so 140339-140402
//my_heytap/del-app/FinShellWallet/lib/arm64/libturingmfa.so 140403-140446
//my_heytap/del-app/FinShellWallet/lib/arm64/libuptsmaddon.so 140447-140558
//my_heytap/del-app/FinShellWallet/lib/arm64/libuptsmaddonmi.so 140559-140670
//my_heytap/del-app/FinShellWallet/lib/arm64/libweconvert.so 140671
//my_heytap/del-app/FinShellWallet/lib/arm64/libweyuv.so 140672-140704
//my_heytap/del-app/Gamecenter/Gamecenter.apk 140705-152611
//my_heytap/del-app/KeKeThemeSpace/KeKeThemeSpace.apk 152622-164286
//my_heytap/del-app/KeKeThemeSpace/lib/arm64/libads-ac.so 164295
//my_heytap/del-app/KeKeThemeSpace/lib/arm64/libads-c.so 164296-164297
//my_heytap/del-app/KeKeThemeSpace/lib/arm64/libastcenc.so 164298-164484
//my_heytap/del-app/KeKeThemeSpace/lib/arm64/libavif_android.so 164485-164625
//my_heytap/del-app/KeKeThemeSpace/lib/arm64/libbsdiffutils.so 164626-164663
//my_heytap/del-app/KeKeThemeSpace/lib/arm64/libbspatch.so 164664-164678
//my_heytap/del-app/KeKeThemeSpace/lib/arm64/libbspatch_instant.so 164679-164696
//my_heytap/del-app/KeKeThemeSpace/lib/arm64/libcoloros_image_process.so 164697-164698
//my_heytap/del-app/KeKeThemeSpace/lib/arm64/libcomm-sign-lib.so 164699-164716
//my_heytap/del-app/KeKeThemeSpace/lib/arm64/libconceal.so 164717-164748
//my_heytap/del-app/KeKeThemeSpace/lib/arm64/libconscrypt_jni.so 164749-165026
//my_heytap/del-app/KeKeThemeSpace/lib/arm64/libffmpeg.so 165027-165503
//my_heytap/del-app/KeKeThemeSpace/lib/arm64/libffmpegJNI.so 165504-165611
//my_heytap/del-app/KeKeThemeSpace/lib/arm64/libgdx.so 165612-165636
//my_heytap/del-app/KeKeThemeSpace/lib/arm64/libmcs-watch.so 165637-165638
//my_heytap/del-app/KeKeThemeSpace/lib/arm64/libmmkv.so 165639-165702
//my_heytap/del-app/KeKeThemeSpace/lib/arm64/libocstool.so 165704-165706
//my_heytap/del-app/KeKeThemeSpace/lib/arm64/libopluslog.so 165707-165716
//my_heytap/del-app/KeKeThemeSpace/lib/arm64/librtmp-jni.so 165717-165730
//my_heytap/del-app/KeKeThemeSpace/lib/arm64/libscorpion.so 165731-165794
//my_heytap/del-app/KeKeThemeSpace/lib/arm64/libtbljniutils.so 165795-165805
//my_heytap/del-app/KeKeThemeSpace/lib/arm64/libvipfont.so 165806-166002
//my_heytap/del-app/Melody/Melody.apk 166003-170012
//my_heytap/del-app/Music/Music.apk 170017-183080
//my_heytap/del-app/Music/lib/arm64/libACRCloudExtrTool.so 183088-183357
//my_heytap/del-app/Music/lib/arm64/libACRCloudUniversalEngine.so 183358-183376
//my_heytap/del-app/Music/lib/arm64/libMZSignature.so 183377-183379
//my_heytap/del-app/Music/lib/arm64/libads-ac.so 183380
//my_heytap/del-app/Music/lib/arm64/libads-c.so 183381-183382
//my_heytap/del-app/Music/lib/arm64/libavcodec.so 183383-184692
//my_heytap/del-app/Music/lib/arm64/libavdevice.so 184694-184695
//my_heytap/del-app/Music/lib/arm64/libavfilter.so 184696-184710
//my_heytap/del-app/Music/lib/arm64/libavformat.so 184711-185088
//my_heytap/del-app/Music/lib/arm64/libavutil.so 185089-185141
//my_heytap/del-app/Music/lib/arm64/libffmpegJNI.so 185142-185207
//my_heytap/del-app/Music/lib/arm64/libffmpegfilter.so 185208-185327
//my_heytap/del-app/Music/lib/arm64/libffmpegkit.so 185328-185385
//my_heytap/del-app/Music/lib/arm64/libffmpegkit_abidetect.so 185386-185389
//my_heytap/del-app/Music/lib/arm64/libjni_signal.so 185390-185394
//my_heytap/del-app/Music/lib/arm64/libmmkv.so 185395-185458
//my_heytap/del-app/Music/lib/arm64/libmpeghaudio.so 185460-186077
//my_heytap/del-app/Music/lib/arm64/libopluslog.so 186078-186086
//my_heytap/del-app/Music/lib/arm64/libpangleflipped.so 186087
//my_heytap/del-app/Music/lib/arm64/libscorpion.so 186088-186151
//my_heytap/del-app/Music/lib/arm64/libsgcore.so 186152-186162
//my_heytap/del-app/Music/lib/arm64/libsign.so 186163-186180
//my_heytap/del-app/Music/lib/arm64/libsls_producer.so 186181-186205
//my_heytap/del-app/Music/lib/arm64/libswresample.so 186206-186215
//my_heytap/del-app/Music/lib/arm64/libswscale.so 186216-186258
//my_heytap/del-app/Music/lib/arm64/libucrop.so 186259-186400
//my_heytap/del-app/Music/lib/arm64/libutility.so 186402-186407
//my_heytap/del-app/Music/lib/arm64/libweibosdkcore.so 186408-186411
//my_heytap/del-app/Music/lib/arm64/libwind.so 186412-186418
//my_heytap/del-app/Music/lib/arm64/libzeus_direct_dex.so 186419-186420
//my_heytap/del-app/OplusGames/OplusGames.apk 186421-201764
//my_heytap/del-app/OplusQuickGame/OplusQuickGame.apk 201778-208252
//my_heytap/del-app/SmartHome/SmartHome.apk 208257-223703
//my_heytap/del-app/UPTsmService_01.01.13/UPTsmService_01.01.13.apk 223718-225194
//my_heytap/del-app/UPTsmService_01.01.13/lib/arm64/libentryexpro.so 225195-225228
//my_heytap/del-app/UPTsmService_01.01.13/lib/arm64/libuptsmaddon.so 225229-225333
//my_heytap/del-app/UPTsmService_01.01.13/lib/arm64/libuptsmservice.so 225334-225510
//my_heytap/del-app/UPTsmService_01.01.13/lib/arm64/libxdjacrypto.so 225511-225578
//my_heytap/etc/NOTICE.xml.gz 225579-225585
//my_heytap/etc/permissions/default_grant_permissions_list.xml 225586
//my_heytap/etc/permissions/privapp-permissions-oplus.xml 225587
//my_heytap/priv-app/HeyTapSpeechAssist/HeyTapSpeechAssist.apk 225589-248017
//my_heytap/priv-app/HeyTapSpeechAssist/lib/arm64/libACRCloudUniversalEngine.so 248033-248051
//my_heytap/priv-app/HeyTapSpeechAssist/lib/arm64/libMNN.so 248052-248313
//my_heytap/priv-app/HeyTapSpeechAssist/lib/arm64/libMZSignature.so 248314-248316
//my_heytap/priv-app/HeyTapSpeechAssist/lib/arm64/libPlaceSemantic.so 248317-248342
//my_heytap/priv-app/HeyTapSpeechAssist/lib/arm64/libPlaceSemanticLoc7d.so 248343-248389
//my_heytap/priv-app/HeyTapSpeechAssist/lib/arm64/libSlpOpus.so 248390-248453
//my_heytap/priv-app/HeyTapSpeechAssist/lib/arm64/libSlpTts.so 248454-248459
//my_heytap/priv-app/HeyTapSpeechAssist/lib/arm64/lib_burst_generated.so 248460-248509
//my_heytap/priv-app/HeyTapSpeechAssist/lib/arm64/libads-ac.so 248510
//my_heytap/priv-app/HeyTapSpeechAssist/lib/arm64/libads-c.so 248511-248512
//my_heytap/priv-app/HeyTapSpeechAssist/lib/arm64/libaeclib.so 248513-248640
//my_heytap/priv-app/HeyTapSpeechAssist/lib/arm64/libbreeno-oai-vad-lib.so 248641-249093
//my_heytap/priv-app/HeyTapSpeechAssist/lib/arm64/libbreeno_opus.so 249094-249095
//my_heytap/priv-app/HeyTapSpeechAssist/lib/arm64/libbreeno_vad.so 249096-249102
//my_heytap/priv-app/HeyTapSpeechAssist/lib/arm64/libbsdiffutils.so 249103-249140
//my_heytap/priv-app/HeyTapSpeechAssist/lib/arm64/libc++_shared.so 249142-249250
//my_heytap/priv-app/HeyTapSpeechAssist/lib/arm64/libcae2micvehicle.so 249251-249818
//my_heytap/priv-app/HeyTapSpeechAssist/lib/arm64/libcomm-sign-lib.so 249819-249836
//my_heytap/priv-app/HeyTapSpeechAssist/lib/arm64/libheytap_tapconnect_cipher.so 249837-249838
//my_heytap/priv-app/HeyTapSpeechAssist/lib/arm64/libil2cpp.so 249839-253278
//my_heytap/priv-app/HeyTapSpeechAssist/lib/arm64/libkws.so 253283-253469
//my_heytap/priv-app/HeyTapSpeechAssist/lib/arm64/libkwslib.so 253470-253475
//my_heytap/priv-app/HeyTapSpeechAssist/lib/arm64/liblocSDK8a.so 253476-253483
//my_heytap/priv-app/HeyTapSpeechAssist/lib/arm64/liblog.so 253484
//my_heytap/priv-app/HeyTapSpeechAssist/lib/arm64/libmain.so 253485
//my_heytap/priv-app/HeyTapSpeechAssist/lib/arm64/libmarsxlog.so 253486-253523
//my_heytap/priv-app/HeyTapSpeechAssist/lib/arm64/libmmkv.so 253524-253595
//my_heytap/priv-app/HeyTapSpeechAssist/lib/arm64/liboner-security.so 253596-253620
//my_heytap/priv-app/HeyTapSpeechAssist/lib/arm64/libopenblas.so 253621-253797
//my_heytap/priv-app/HeyTapSpeechAssist/lib/arm64/libopluslog.so 253798-253806
//my_heytap/priv-app/HeyTapSpeechAssist/lib/arm64/libopus.so 253807-253881
//my_heytap/priv-app/HeyTapSpeechAssist/lib/arm64/libpl_droidsonroids_gif.so 253882-253888
//my_heytap/priv-app/HeyTapSpeechAssist/lib/arm64/libprivate-constants-v3.so 253889-253890
//my_heytap/priv-app/HeyTapSpeechAssist/lib/arm64/libquiche.so 253892-254169
//my_heytap/priv-app/HeyTapSpeechAssist/lib/arm64/libsecurity1.so 254170-254171
//my_heytap/priv-app/HeyTapSpeechAssist/lib/arm64/libsenz.so 254172-254238
//my_heytap/priv-app/HeyTapSpeechAssist/lib/arm64/libsevenZr.so 254239-254251
//my_heytap/priv-app/HeyTapSpeechAssist/lib/arm64/libspeech-cipher.so 254252-254276
//my_heytap/priv-app/HeyTapSpeechAssist/lib/arm64/libssound.so 254277-254408
//my_heytap/priv-app/HeyTapSpeechAssist/lib/arm64/libstlport_shared.so 254409-254473
//my_heytap/priv-app/HeyTapSpeechAssist/lib/arm64/libttsoff.so 254474-255123
//my_heytap/priv-app/HeyTapSpeechAssist/lib/arm64/libunity.so 255125-257961
//my_heytap/priv-app/HeyTapSpeechAssist/lib/arm64/libwakeup.so 257965-258125
//my_heytap/priv-app/HeyTapSpeechAssist/oat/arm64/HeyTapSpeechAssist.vdex 258126-258330
//my_heytap/priv-app/KeKeAppDetail/KeKeAppDetail.apk 258331-261495
//my_heytap/priv-app/KeKeAppDetail/oat/arm64/KeKeAppDetail.vdex 261499-261543
//my_heytap/priv-app/KeKeMarket/KeKeMarket.apk 261544-272226
//my_heytap/priv-app/KeKeMarket/oat/arm64/KeKeMarket.vdex 272236-272407
//my_heytap/priv-app/KeKeOplusThemeStore-CN/KeKeOplusThemeStore-CN.apk 272408-276590
//my_heytap/priv-app/KeKeOplusThemeStore-CN/oat/arm64/KeKeOplusThemeStore-CN.vdex 276595-276668
//my_heytap/priv-app/OpenID/OpenID.apk 276669-278453
//my_heytap/priv-app/OpenID/oat/arm64/OpenID.vdex 278456-278483
//my_heytap/priv-app/OplusThirdKit/OplusThirdKit.apk 278484-279739
//my_heytap/priv-app/OplusThirdKit/oat/arm64/OplusThirdKit.vdex 279742-279760
//my_heytap/priv-app/VideoGallery/VideoGallery.apk 279761-283787
//my_heytap/priv-app/VideoGallery/oat/arm64/VideoGallery.vdex 283792-283813
