//my_product/apkcerts.txt 1-6
//my_product/app/AudioEffectCenter/AudioEffectCenter.apk 7-767
//my_product/app/AudioEffectCenter/oat/arm64/AudioEffectCenter.vdex 769-780
//my_product/app/BaiduInput_U_Product/BaiduInput_U_Product.apk 781-16775
//my_product/app/BaiduInput_U_Product/lib/arm64/libBaiduOcrSDK.so 16785-16850
//my_product/app/BaiduInput_U_Product/lib/arm64/libBaiduSpeechSDK.so 16851-17150
//my_product/app/BaiduInput_U_Product/lib/arm64/libFaceSDK.so 17151-17257
//my_product/app/BaiduInput_U_Product/lib/arm64/libRSSupport.so 17258-17433
//my_product/app/BaiduInput_U_Product/lib/arm64/libbd_idl_pass_token.so 17434-17435
//my_product/app/BaiduInput_U_Product/lib/arm64/libc++_shared.so 17436-17548
//my_product/app/BaiduInput_U_Product/lib/arm64/libchiperencoder_v1_2_1.so 17549-17554
//my_product/app/BaiduInput_U_Product/lib/arm64/libfire.so 17555-17561
//my_product/app/BaiduInput_U_Product/lib/arm64/libhs.so 17563-17564
//my_product/app/BaiduInput_U_Product/lib/arm64/libidl_license.so 17565-17590
//my_product/app/BaiduInput_U_Product/lib/arm64/libimagepipeline.so 17591
//my_product/app/BaiduInput_U_Product/lib/arm64/libime_graphics.so 17592
//my_product/app/BaiduInput_U_Product/lib/arm64/libiptcore.so 17593-18479
//my_product/app/BaiduInput_U_Product/lib/arm64/libmarsxlog.so 18480-18583
//my_product/app/BaiduInput_U_Product/lib/arm64/libmmkv.so 18585-18648
//my_product/app/BaiduInput_U_Product/lib/arm64/libmsaoaidauth.so 18649-18679
//my_product/app/BaiduInput_U_Product/lib/arm64/libmsaoaidsec.so 18680-18761
//my_product/app/BaiduInput_U_Product/lib/arm64/libnative-filters.so 18762-18765
//my_product/app/BaiduInput_U_Product/lib/arm64/libnative-imagetranscoder.so 18766-18831
//my_product/app/BaiduInput_U_Product/lib/arm64/libocr.so 18832-18945
//my_product/app/BaiduInput_U_Product/lib/arm64/libp.so 18946
//my_product/app/BaiduInput_U_Product/lib/arm64/libpangleflipped.so 18947
//my_product/app/BaiduInput_U_Product/lib/arm64/libpassport_core.so 18948-18971
//my_product/app/BaiduInput_U_Product/lib/arm64/libpl_droidsonroids_gif.so 18972-18978
//my_product/app/BaiduInput_U_Product/lib/arm64/librsjni.so 18979-18986
//my_product/app/BaiduInput_U_Product/lib/arm64/librsjni_androidx.so 18987-18993
//my_product/app/BaiduInput_U_Product/lib/arm64/libsimeji_ime.so 18994-19248
//my_product/app/BaiduInput_U_Product/lib/arm64/libsoundtouch.so 19249-19315
//my_product/app/BaiduInput_U_Product/lib/arm64/libstatic-webp.so 19317-19402
//my_product/app/BaiduInput_U_Product/lib/arm64/libutility.so 19403-19408
//my_product/app/BaiduInput_U_Product/lib/arm64/libvad.dnn.so 19409-19417
//my_product/app/BaiduInput_U_Product/lib/arm64/libweibosdkcore.so 19418-19421
//my_product/app/BaiduInput_U_Product/lib/arm64/libwind.so 19422-19428
//my_product/app/BaiduInput_U_Product/lib/arm64/libxcrash.so 19429-19441
//my_product/app/BaiduInput_U_Product/lib/arm64/libxcrash_dumper.so 19442-19461
//my_product/app/BaiduInput_U_Product/lib/arm64/libyoga.so 19462-19501
//my_product/app/BaiduInput_U_Product/lib/arm64/libzeus_direct_dex.so 19502-19503
//my_product/app/Hamlet/Hamlet.apk 19504-21280
//my_product/app/Hamlet/oat/arm64/Hamlet.vdex 21283-21311
//my_product/app/OplusCamera/OplusCamera.apk 21312-42470
//my_product/app/OplusCamera/oat/arm64/OplusCamera.vdex 42489-42564
//my_product/app/com.oplus.gpudrivers.sm8350.api30/com.oplus.gpudrivers.sm8350.api30.apk 42565-42566
//my_product/app/com.oplus.vulkanLayer/com.oplus.vulkanLayer.apk 42567-43261
//my_product/build.prop 43262
//my_product/decouping_wallpaper/common/default_multi_sys_wallpaper.png 43264-43271
//my_product/decouping_wallpaper/common/inlay_wallpaper110.png 43272-44770
//my_product/decouping_wallpaper/common/inlay_wallpaper111.png 44771-46236
//my_product/decouping_wallpaper/common/inlay_wallpaper119.png 46238-46595
//my_product/decouping_wallpaper/common/inlay_wallpaper72.png 46596-48521
//my_product/decouping_wallpaper/common/inlay_wallpaper73.png 48522-50614
//my_product/decouping_wallpaper/common/inlay_wallpaper75.png 50616-52342
//my_product/decouping_wallpaper/common/inlay_wallpaper76.png 52344-54349
//my_product/decouping_wallpaper/common/inlay_wallpaper77.png 54351-56861
//my_product/decouping_wallpaper/common/inlay_wallpaper78.png 56863-58069
//my_product/decouping_wallpaper/common/inlay_wallpaper79.png 58071-60166
//my_product/decouping_wallpaper/common/inlay_wallpaper80.png 60167-62515
//my_product/decouping_wallpaper/common/inlay_wallpaper81.png 62517-64082
//my_product/decouping_wallpaper/common/inlay_wallpaper82.png 64084-65530
//my_product/decouping_wallpaper/common/inlay_wallpaper83.png 65532-67712
//my_product/decouping_wallpaper/common/inlay_wallpaper84.png 67714-69527
//my_product/decouping_wallpaper/common/inlay_wallpaper_id.png 69529-71694
//my_product/decouping_wallpaper/common/intuition_wallpaper/intuition_green_wallpaper.mp4 71696-76659
//my_product/decouping_wallpaper/common/intuition_wallpaper/intuition_yellow_wallpaper.mp4 76663-81672
//my_product/decouping_wallpaper/common/product_wallpaper1.png 81676-82029
//my_product/decouping_wallpaper/common/product_wallpaper2.png 82030-82668
//my_product/decouping_wallpaper/default/default_multi_sys_wallpaper.png 82669-82676
//my_product/decouping_wallpaper/default/default_wallpaper.png 82677-83030
//my_product/decouping_wallpaper/default/default_wallpaper_lock.png 83031-83384
//my_product/decouping_wallpaper/default/liveWallpaper/SkimmingDark.mp4 83386-84172
//my_product/decouping_wallpaper/default/liveWallpaper/SkimmingLight.mp4 84173-85035
//my_product/decouping_wallpaper/default/preview_0.png 85037-85039
//my_product/decouping_wallpaper/default/preview_0_en.png 85040-85043
//my_product/decouping_wallpaper/default/preview_1.png 85044-85071
//my_product/decouping_wallpaper/default/preview_1_en.png 85072-85091
//my_product/decouping_wallpaper/default/product_wallpaper1.png 85093-85446
//my_product/decouping_wallpaper/default/product_wallpaper2.png 85448-86086
//my_product/decouping_wallpaper/default/thumb.png 86087-86090
//my_product/decouping_wallpaper/default/thumb_en.png 86092-86095
//my_product/del-app/HeytapReader/HeytapReader.apk 86096-97360
//my_product/del-app/HeytapReader/lib/arm64/libEncryptor.so 97367-97378
//my_product/del-app/HeytapReader/lib/arm64/libEncryptorP.so 97379-97390
//my_product/del-app/HeytapReader/lib/arm64/libJNI_ImageBlur.so 97391-97392
//my_product/del-app/HeytapReader/lib/arm64/libMMASignature.so 97393-97395
//my_product/del-app/HeytapReader/lib/arm64/libMZSignature.so 97396-97398
//my_product/del-app/HeytapReader/lib/arm64/libUiControl.so 97399-98061
//my_product/del-app/HeytapReader/lib/arm64/libZYAccDecoder.so 98063-98198
//my_product/del-app/HeytapReader/lib/arm64/libads-ac.so 98199
//my_product/del-app/HeytapReader/lib/arm64/libads-c.so 98200-98201
//my_product/del-app/HeytapReader/lib/arm64/libalicomphonenumberauthsdk_core.so 98202
//my_product/del-app/HeytapReader/lib/arm64/libapminsighta.so 98203-98218
//my_product/del-app/HeytapReader/lib/arm64/libapminsightb.so 98219-98233
//my_product/del-app/HeytapReader/lib/arm64/libbsdiffutils.so 98234-98271
//my_product/del-app/HeytapReader/lib/arm64/libbuffer_pg.so 98272-98273
//my_product/del-app/HeytapReader/lib/arm64/libfile_lock_pg.so 98274
//my_product/del-app/HeytapReader/lib/arm64/libmmkv.so 98275-98333
//my_product/del-app/HeytapReader/lib/arm64/libmsaoaidauth.so 98334-98359
//my_product/del-app/HeytapReader/lib/arm64/libmsaoaidsec.so 98360-98436
//my_product/del-app/HeytapReader/lib/arm64/libnearmelog.so 98437-98445
//my_product/del-app/HeytapReader/lib/arm64/libnms.so 98446-98475
//my_product/del-app/HeytapReader/lib/arm64/libopluslog.so 98476-98484
//my_product/del-app/HeytapReader/lib/arm64/libpangleflipped.so 98485
//my_product/del-app/HeytapReader/lib/arm64/libpatchMerge.so 98486-98496
//my_product/del-app/HeytapReader/lib/arm64/libpns-LogOnlineNouiRelease-2.12.4-SNAPSHOT_alijtca_plus.so 98497-98538
//my_product/del-app/HeytapReader/lib/arm64/libscorpion.so 98539-98602
//my_product/del-app/HeytapReader/lib/arm64/libsls_producer.so 98603-98725
//my_product/del-app/HeytapReader/lib/arm64/libsmsdk.so 98726-99130
//my_product/del-app/HeytapReader/lib/arm64/libtingReader.so 99131-99165
//my_product/del-app/HeytapReader/lib/arm64/libtobEmbedEncrypt.so 99166-99167
//my_product/del-app/HeytapReader/lib/arm64/libumeng-spy.so 99168-99259
//my_product/del-app/HeytapReader/lib/arm64/libvolc_log.so 99260-99281
//my_product/del-app/HeytapReader/lib/arm64/libzeus_direct_dex.so 99282-99283
//my_product/del-app/HeytapReader/lib/arm64/libzhangyue_security.so 99284-99304
//my_product/del-app/OplusEmail/OplusEmail.apk 99305-104527
//my_product/etc/Multimedia_Feedback_List.xml 104533
//my_product/etc/NOTICE.xml.gz 104534-104535
//my_product/etc/OVMS_1st_wakeup.bin 104536-104554
//my_product/etc/OVMS_uda.bin 104555-104556
//my_product/etc/OVMS_vprint.bin 104557-105838
//my_product/etc/OVMS_wakeup.bin 105840-106182
//my_product/etc/apns-conf.xml 106183-106230
//my_product/etc/audio_policy_configuration.xml 106231-106232
//my_product/etc/audio_policy_volumes.xml 106233
//my_product/etc/camera/engineer_camera_config 106234
//my_product/etc/cooleffect/defaultEncryptedData/dwrg.dat 106239
//my_product/etc/cooleffect/defaultEncryptedData/fortnite.dat 106240-106242
//my_product/etc/cooleffect/defaultEncryptedData/lolm.dat 106243
//my_product/etc/cooleffect/defaultEncryptedData/lolm_international.dat 106244
//my_product/etc/cooleffect/defaultEncryptedData/wzry.dat 106248
//my_product/etc/default_volume_tables.xml 106250
//my_product/etc/ecc_list.xml 106251-106253
//my_product/etc/extension/sys_osense_decisionmaker_config.xml 106255
//my_product/etc/oplus_pinfile_config_v2.xml 106256
//my_product/etc/oplus_vrr_config.json 106257-106258
//my_product/etc/permissions/oplus.features.network.xml 106263
//my_product/etc/refresh_rate_config.xml 106266-106279
//my_product/etc/settings/nfc_payment_animation_dark.json 106280-106292
//my_product/etc/settings/nfc_payment_animation_light.json 106293-106305
//my_product/etc/signal_map/subway_cellid_info_v2.json 106307-106309
//my_product/etc/signal_map/subway_qos_map.json 106310
//my_product/etc/signal_map/subway_section_info_v2.json 106311-106312
//my_product/etc/signal_map/subway_station_info_v2.json 106313
//my_product/etc/sys_resolution_switch_config.xml 106316
//my_product/etc/vendor_oplus_carriername.xml 106317-106319
//my_product/etc/vibrator/effect2waveform.xml 106320-106322
//my_product/etc/vibrator/effect_waveform.xml 106323-106326
//my_product/lib/libAPSClient-cmd-jni.so 106327-106404
//my_product/lib/libAPSClient-jni.so 106405-106495
//my_product/lib/libcolorx-loader.so 106496-106503
//my_product/lib/libcolorx.so 106504-106950
//my_product/lib/libcoolex.so 106951-106984
//my_product/lib64/libAPSClient-cmd-jni.so 106986-107095
//my_product/lib64/libAPSClient-jni.so 107096-107220
//my_product/lib64/libAncFilter_jni.so 107221-107309
//my_product/lib64/libAncHumBokeh-jni.so 107310-107345
//my_product/lib64/libAncHumanDoubleExposure-jni.so 107346-107388
//my_product/lib64/libAncHumanRetain-jni_v2.so 107389-107430
//my_product/lib64/libAncHumanSegFigureFusion-jni.so 107431-107473
//my_product/lib64/libAncHumanVideo-jni.so 107474-107507
//my_product/lib64/libApsFaceBeautyPreviewProductJni.so 107508-107585
//my_product/lib64/libAvatarEngineRender.so 107587-108065
//my_product/lib64/libAvatarEngineRenderNative.so 108066-108544
//my_product/lib64/libCombineLut.so 108545-108570
//my_product/lib64/libCombineLutJni.so 108571
//my_product/lib64/libFileExtender-jni.so 108572-108596
//my_product/lib64/libOplusBlurPreviewJNI.so 108597-108640
//my_product/lib64/libSuperTextWrapper.so 108641-108763
//my_product/lib64/libXDocProcessSDK-jni.so 108765-108905
//my_product/lib64/libXDocProcessSDK.so 108906-109800
//my_product/lib64/libYTCommon.so 109802-109905
//my_product/lib64/libarcsoft_wideselfie.so 109906-110577
//my_product/lib64/libcolorx-loader.so 110578-110588
//my_product/lib64/libcolorx.so 110589-111122
//my_product/lib64/libcoolex.so 111124-111157
//my_product/lib64/libextendfile.so 111158-111264
//my_product/lib64/libjni_wideselfie.so 111265-111267
//my_product/lib64/libjnisingleblur_api.so 111268-111332
//my_product/lib64/libjnistblur_api.so 111333-111398
//my_product/lib64/libmpbase.so 111399
//my_product/lib64/libsingle_camera_bokeh_native.so 111400-111537
//my_product/lib64/libst_mobile.so 111539-112804
//my_product/lib64/libst_sticker_jni.so 112806-112837
//my_product/media/bootanimation/bootanimation.zip 112838-113590
//my_product/media/bootanimation/rbootanimation.zip 113591-113703
//my_product/media/quickboot/boot_bat_temp_low.png 113706-113716
//my_product/media/quickboot/boot_black_picture.png 113717
//my_product/media/quickboot/boot_charger_01.png 113718-113720
//my_product/media/quickboot/boot_charger_02.png 113721-113723
//my_product/media/quickboot/boot_charger_03.png 113724-113726
//my_product/media/quickboot/boot_charger_04.png 113727-113729
//my_product/media/quickboot/boot_charger_05.png 113730-113732
//my_product/media/quickboot/boot_charger_06.png 113733-113735
//my_product/media/quickboot/boot_charger_07.png 113736-113738
//my_product/media/quickboot/boot_charger_08.png 113739-113741
//my_product/media/quickboot/boot_charger_09.png 113742-113745
//my_product/media/quickboot/boot_charger_10.png 113746-113749
//my_product/media/quickboot/boot_charger_100.png 113750-113754
//my_product/media/quickboot/boot_charger_11.png 113755-113758
//my_product/media/quickboot/boot_charger_12.png 113759-113762
//my_product/media/quickboot/boot_charger_13.png 113763-113766
//my_product/media/quickboot/boot_charger_14.png 113767-113770
//my_product/media/quickboot/boot_charger_15.png 113771-113774
//my_product/media/quickboot/boot_charger_16.png 113775-113778
//my_product/media/quickboot/boot_charger_17.png 113779-113782
//my_product/media/quickboot/boot_charger_18.png 113783-113786
//my_product/media/quickboot/boot_charger_19.png 113787-113790
//my_product/media/quickboot/boot_charger_20.png 113791-113794
//my_product/media/quickboot/boot_charger_21.png 113795-113798
//my_product/media/quickboot/boot_charger_22.png 113799-113802
//my_product/media/quickboot/boot_charger_23.png 113803-113806
//my_product/media/quickboot/boot_charger_24.png 113807-113810
//my_product/media/quickboot/boot_charger_25.png 113811-113814
//my_product/media/quickboot/boot_charger_battery_untouch.png 113815-113824
//my_product/media/quickboot/boot_charger_deviated_CN.png 113825-113843
//my_product/media/quickboot/boot_charger_deviated_US.png 113844-113861
//my_product/media/quickboot/boot_charger_empty.png 113863-113865
//my_product/media/quickboot/boot_charger_full.png 113866-113870
//my_product/media/quickboot/boot_charger_full_thirdbat.png 113871-113881
//my_product/media/quickboot/boot_charger_s_01.png 113887-113889
//my_product/media/quickboot/boot_charger_s_02.png 113890-113892
//my_product/media/quickboot/boot_charger_s_03.png 113893-113896
//my_product/media/quickboot/boot_charger_s_04.png 113897-113900
//my_product/media/quickboot/boot_charger_s_05.png 113901-113904
//my_product/media/quickboot/boot_charger_s_06.png 113905-113908
//my_product/media/quickboot/boot_charger_s_07.png 113909-113912
//my_product/media/quickboot/boot_charger_s_08.png 113913-113916
//my_product/media/quickboot/boot_charger_s_09.png 113917-113920
//my_product/media/quickboot/boot_charger_s_10.png 113921-113924
//my_product/media/quickboot/boot_charger_s_11.png 113925-113928
//my_product/media/quickboot/boot_charger_s_12.png 113929-113932
//my_product/media/quickboot/boot_charger_s_13.png 113933-113936
//my_product/media/quickboot/boot_charger_s_14.png 113937-113940
//my_product/media/quickboot/boot_charger_s_15.png 113941-113944
//my_product/media/quickboot/boot_charger_s_16.png 113945-113948
//my_product/media/quickboot/boot_charger_s_17.png 113949-113952
//my_product/media/quickboot/boot_charger_s_18.png 113953-113956
//my_product/media/quickboot/boot_charger_s_19.png 113957-113960
//my_product/media/quickboot/boot_charger_s_20.png 113961-113964
//my_product/media/quickboot/boot_charger_s_21.png 113965-113968
//my_product/media/quickboot/boot_charger_s_22.png 113969-113972
//my_product/media/quickboot/boot_charger_s_23.png 113973-113976
//my_product/media/quickboot/boot_charger_s_24.png 113977-113980
//my_product/media/quickboot/boot_charger_s_25.png 113981-113984
//my_product/media/quickboot/boot_charger_s_empty.png 113985-113988
//my_product/media/quickboot/boot_charger_s_v_01.png 113989-113992
//my_product/media/quickboot/boot_charger_s_v_02.png 113993-113996
//my_product/media/quickboot/boot_charger_s_v_03.png 113997-114000
//my_product/media/quickboot/boot_charger_s_v_04.png 114001-114004
//my_product/media/quickboot/boot_charger_s_v_05.png 114005-114008
//my_product/media/quickboot/boot_charger_s_v_06.png 114009-114012
//my_product/media/quickboot/boot_charger_s_v_07.png 114013-114016
//my_product/media/quickboot/boot_charger_s_v_08.png 114017-114020
//my_product/media/quickboot/boot_charger_s_v_09.png 114021-114024
//my_product/media/quickboot/boot_charger_s_v_10.png 114025-114028
//my_product/media/quickboot/boot_charger_s_v_11.png 114029-114033
//my_product/media/quickboot/boot_charger_s_v_12.png 114034-114038
//my_product/media/quickboot/boot_charger_s_v_13.png 114039-114043
//my_product/media/quickboot/boot_charger_s_v_14.png 114044-114048
//my_product/media/quickboot/boot_charger_s_v_15.png 114049-114053
//my_product/media/quickboot/boot_charger_s_v_16.png 114054-114058
//my_product/media/quickboot/boot_charger_s_v_17.png 114059-114063
//my_product/media/quickboot/boot_charger_s_v_18.png 114065-114069
//my_product/media/quickboot/boot_charger_s_v_19.png 114070-114074
//my_product/media/quickboot/boot_charger_s_v_20.png 114075-114079
//my_product/media/quickboot/boot_charger_s_v_21.png 114080-114084
//my_product/media/quickboot/boot_charger_s_v_22.png 114085-114089
//my_product/media/quickboot/boot_charger_s_v_23.png 114090-114094
//my_product/media/quickboot/boot_charger_s_v_24.png 114095-114099
//my_product/media/quickboot/boot_charger_s_v_25.png 114100-114104
//my_product/media/quickboot/boot_charger_s_v_2_01.png 114105-114108
//my_product/media/quickboot/boot_charger_s_v_2_02.png 114109-114112
//my_product/media/quickboot/boot_charger_s_v_2_03.png 114113-114116
//my_product/media/quickboot/boot_charger_s_v_2_04.png 114117-114120
//my_product/media/quickboot/boot_charger_s_v_2_05.png 114121-114124
//my_product/media/quickboot/boot_charger_s_v_2_06.png 114125-114128
//my_product/media/quickboot/boot_charger_s_v_2_07.png 114129-114132
//my_product/media/quickboot/boot_charger_s_v_2_08.png 114133-114136
//my_product/media/quickboot/boot_charger_s_v_2_09.png 114137-114140
//my_product/media/quickboot/boot_charger_s_v_2_10.png 114141-114145
//my_product/media/quickboot/boot_charger_s_v_2_100.png 114146-114151
//my_product/media/quickboot/boot_charger_s_v_2_11.png 114152-114156
//my_product/media/quickboot/boot_charger_s_v_2_12.png 114157-114161
//my_product/media/quickboot/boot_charger_s_v_2_13.png 114162-114166
//my_product/media/quickboot/boot_charger_s_v_2_14.png 114167-114171
//my_product/media/quickboot/boot_charger_s_v_2_15.png 114172-114176
//my_product/media/quickboot/boot_charger_s_v_2_16.png 114177-114181
//my_product/media/quickboot/boot_charger_s_v_2_17.png 114182-114186
//my_product/media/quickboot/boot_charger_s_v_2_18.png 114187-114191
//my_product/media/quickboot/boot_charger_s_v_2_19.png 114192-114196
//my_product/media/quickboot/boot_charger_s_v_2_20.png 114197-114201
//my_product/media/quickboot/boot_charger_s_v_2_21.png 114202-114206
//my_product/media/quickboot/boot_charger_s_v_2_22.png 114207-114211
//my_product/media/quickboot/boot_charger_s_v_2_23.png 114212-114216
//my_product/media/quickboot/boot_charger_s_v_2_24.png 114217-114221
//my_product/media/quickboot/boot_charger_s_v_2_25.png 114222-114226
//my_product/media/quickboot/boot_charger_s_v_2_empty.png 114227-114229
//my_product/media/quickboot/boot_charger_s_v_empty.png 114230-114233
//my_product/media/quickboot/boot_charger_unknown.png 114234-114236
//my_product/media/quickboot/boot_charger_vol_high.png 114237-114246
//my_product/media/quickboot/boot_charger_vol_low.png 114247-114253
//my_product/media/quickboot/boot_charger_wireless_01.png 114254-114261
//my_product/media/quickboot/boot_charger_wireless_02.png 114262-114269
//my_product/media/quickboot/boot_charger_wireless_03.png 114271-114278
//my_product/media/quickboot/boot_charger_wireless_04.png 114279-114286
//my_product/media/quickboot/boot_charger_wireless_05.png 114287-114295
//my_product/media/quickboot/boot_charger_wireless_06.png 114296-114304
//my_product/media/quickboot/boot_charger_wireless_07.png 114305-114313
//my_product/media/quickboot/boot_charger_wireless_08.png 114314-114322
//my_product/media/quickboot/boot_charger_wireless_09.png 114323-114332
//my_product/media/quickboot/boot_charger_wireless_10.png 114333-114342
//my_product/media/quickboot/boot_charger_wireless_100.png 114343-114355
//my_product/media/quickboot/boot_charger_wireless_11.png 114356-114365
//my_product/media/quickboot/boot_charger_wireless_12.png 114366-114375
//my_product/media/quickboot/boot_charger_wireless_13.png 114376-114385
//my_product/media/quickboot/boot_charger_wireless_14.png 114386-114395
//my_product/media/quickboot/boot_charger_wireless_15.png 114396-114405
//my_product/media/quickboot/boot_charger_wireless_16.png 114406-114416
//my_product/media/quickboot/boot_charger_wireless_17.png 114417-114427
//my_product/media/quickboot/boot_charger_wireless_18.png 114428-114438
//my_product/media/quickboot/boot_charger_wireless_19.png 114439-114449
//my_product/media/quickboot/boot_charger_wireless_20.png 114450-114460
//my_product/media/quickboot/boot_charger_wireless_21.png 114461-114471
//my_product/media/quickboot/boot_charger_wireless_22.png 114472-114482
//my_product/media/quickboot/boot_charger_wireless_23.png 114483-114493
//my_product/media/quickboot/boot_charger_wireless_24.png 114494-114504
//my_product/media/quickboot/boot_charger_wireless_25.png 114505-114515
//my_product/media/quickboot/boot_charger_wireless_empty.png 114516-114523
//my_product/media/quickboot/boot_charger_wireless_novooc_01.png 114525-114530
//my_product/media/quickboot/boot_charger_wireless_novooc_02.png 114531-114537
//my_product/media/quickboot/boot_charger_wireless_novooc_03.png 114538-114544
//my_product/media/quickboot/boot_charger_wireless_novooc_04.png 114545-114551
//my_product/media/quickboot/boot_charger_wireless_novooc_05.png 114552-114558
//my_product/media/quickboot/boot_charger_wireless_novooc_06.png 114559-114565
//my_product/media/quickboot/boot_charger_wireless_novooc_07.png 114566-114573
//my_product/media/quickboot/boot_charger_wireless_novooc_08.png 114574-114581
//my_product/media/quickboot/boot_charger_wireless_novooc_09.png 114582-114589
//my_product/media/quickboot/boot_charger_wireless_novooc_10.png 114590-114597
//my_product/media/quickboot/boot_charger_wireless_novooc_100.png 114598-114608
//my_product/media/quickboot/boot_charger_wireless_novooc_11.png 114609-114617
//my_product/media/quickboot/boot_charger_wireless_novooc_12.png 114618-114626
//my_product/media/quickboot/boot_charger_wireless_novooc_13.png 114627-114635
//my_product/media/quickboot/boot_charger_wireless_novooc_14.png 114636-114644
//my_product/media/quickboot/boot_charger_wireless_novooc_15.png 114645-114653
//my_product/media/quickboot/boot_charger_wireless_novooc_16.png 114654-114662
//my_product/media/quickboot/boot_charger_wireless_novooc_17.png 114663-114671
//my_product/media/quickboot/boot_charger_wireless_novooc_18.png 114672-114680
//my_product/media/quickboot/boot_charger_wireless_novooc_19.png 114681-114690
//my_product/media/quickboot/boot_charger_wireless_novooc_20.png 114691-114700
//my_product/media/quickboot/boot_charger_wireless_novooc_21.png 114701-114710
//my_product/media/quickboot/boot_charger_wireless_novooc_22.png 114711-114720
//my_product/media/quickboot/boot_charger_wireless_novooc_23.png 114721-114730
//my_product/media/quickboot/boot_charger_wireless_novooc_24.png 114731-114740
//my_product/media/quickboot/boot_charger_wireless_novooc_25.png 114741-114750
//my_product/media/quickboot/boot_charger_wireless_novooc_empty.png 114752-114758
//my_product/overlay/CarrierConfigOverlay.20311.apk 114759-114760
//my_product/overlay/CarrierConfigOverlay.platform.8350U.apk 114761-114769
//my_product/overlay/SystemUIFingerprintRes_13_0_FY.apk 114770-116415
//my_product/overlay/SystemUIFingerprintRes_13_0_JD.apk 116417-118770
//my_product/overlay/SystemUIFingerprintRes_13_0_LY.apk 118773-120520
//my_product/overlay/SystemUIFingerprintRes_13_0_NONE.apk 120522-120579
//my_product/overlay/SystemUIFingerprintRes_13_0_SW.apk 120580-122062
//my_product/overlay/SystemUIFingerprintRes_13_0_XW.apk 122063-123935
//my_product/overlay/SystemUIFingerprintRes_13_0_ZF.apk 123937-125528
//my_product/overlay/oplus_framework_res_rro_oppo.apk 125529-125530
//my_product/priv-app/OVoiceManagerService/OVoiceManagerService.apk 125531-128412
//my_product/priv-app/OVoiceManagerService/oat/arm64/OVoiceManagerService.vdex 128416-128426
//my_product/priv-app/SystemClone/SystemClone.apk 128427-130076
//my_product/priv-app/SystemClone/oat/arm64/SystemClone.vdex 130079-130101
//my_product/product_overlay/framework/com.oplus.camera.unit.sdk.adapter.jar 130102-130326
//my_product/product_overlay/framework/com.oplus.camera.unit.sdk.jar 130327-130670
//my_product/res/audio/haptic_ringtone/output228HZ/alarm_master.ogg 130672-130712
//my_product/res/audio/haptic_ringtone/output228HZ/notification_001.ogg 130713-130716
//my_product/res/audio/haptic_ringtone/output228HZ/notification_002.ogg 130718-130719
//my_product/res/audio/haptic_ringtone/output228HZ/notification_003.ogg 130720-130723
//my_product/res/audio/haptic_ringtone/output228HZ/notification_004.ogg 130724-130726
//my_product/res/audio/haptic_ringtone/output228HZ/notification_005.ogg 130727-130729
//my_product/res/audio/haptic_ringtone/output228HZ/notification_006.ogg 130731-130736
//my_product/res/audio/haptic_ringtone/output228HZ/notification_007.ogg 130738-130740
//my_product/res/audio/haptic_ringtone/output228HZ/notification_008.ogg 130742-130744
//my_product/res/audio/haptic_ringtone/output228HZ/notification_009.ogg 130745-130747
//my_product/res/audio/haptic_ringtone/output228HZ/notification_010.ogg 130749-130755
//my_product/res/audio/haptic_ringtone/output228HZ/notification_011.ogg 130756-130758
//my_product/res/audio/haptic_ringtone/output228HZ/notification_012.ogg 130760-130764
//my_product/res/audio/haptic_ringtone/output228HZ/notification_013.ogg 130765-130778
//my_product/res/audio/haptic_ringtone/output228HZ/notification_014.ogg 130780-130788
//my_product/res/audio/haptic_ringtone/output228HZ/notification_015.ogg 130789-130791
//my_product/res/audio/haptic_ringtone/output228HZ/notification_016.ogg 130793-130800
//my_product/res/audio/haptic_ringtone/output228HZ/notification_017.ogg 130801-130808
//my_product/res/audio/haptic_ringtone/output228HZ/notification_018.ogg 130810-130813
//my_product/res/audio/haptic_ringtone/output228HZ/notification_019.ogg 130815-130819
//my_product/res/audio/haptic_ringtone/output228HZ/notification_020.ogg 130820-130825
//my_product/res/audio/haptic_ringtone/output228HZ/notification_021.ogg 130826-130828
//my_product/res/audio/haptic_ringtone/output228HZ/notification_022.ogg 130830-130833 130834
//my_product/res/audio/haptic_ringtone/output228HZ/notification_023.ogg 130835-130838
//my_product/res/audio/haptic_ringtone/output228HZ/notification_024.ogg 130840-130845
//my_product/res/audio/haptic_ringtone/output228HZ/notification_025.ogg 130847
//my_product/res/audio/haptic_ringtone/output228HZ/notification_026.ogg 130849-130852
//my_product/res/audio/haptic_ringtone/output228HZ/notification_027.ogg 130853-130860
//my_product/res/audio/haptic_ringtone/output228HZ/notification_028.ogg 130862-130865
//my_product/res/audio/haptic_ringtone/output228HZ/notification_029.ogg 130867-130874
//my_product/res/audio/haptic_ringtone/output228HZ/notification_030.ogg 130875-130881
//my_product/res/audio/haptic_ringtone/output228HZ/notification_031.ogg 130882-130888
//my_product/res/audio/haptic_ringtone/output228HZ/notification_032.ogg 130890-130898
//my_product/res/audio/haptic_ringtone/output228HZ/notification_033.ogg 130900-130903
//my_product/res/audio/haptic_ringtone/output228HZ/notification_034.ogg 130905-130909
//my_product/res/audio/haptic_ringtone/output228HZ/notification_035.ogg 130910-130914
//my_product/res/audio/haptic_ringtone/output228HZ/notification_036.ogg 130915-130920
//my_product/res/audio/haptic_ringtone/output228HZ/notification_037.ogg 130921-130927
//my_product/res/audio/haptic_ringtone/output228HZ/notification_038.ogg 130929-130935
//my_product/res/audio/haptic_ringtone/output228HZ/notification_039.ogg 130937-130941
//my_product/res/audio/haptic_ringtone/output228HZ/notification_040.ogg 130942-130947
//my_product/res/audio/haptic_ringtone/output228HZ/notification_041.ogg 130949-130952
//my_product/res/audio/haptic_ringtone/output228HZ/notification_042.ogg 130954-130958 130959
//my_product/res/audio/haptic_ringtone/output228HZ/notification_043.ogg 130960-130966
//my_product/res/audio/haptic_ringtone/output228HZ/notification_044.ogg 130967-130975
//my_product/res/audio/haptic_ringtone/output228HZ/notification_045.ogg 130977-130983
//my_product/res/audio/haptic_ringtone/output228HZ/notification_046.ogg 130985-130991
//my_product/res/audio/haptic_ringtone/output228HZ/notification_master.ogg 130992-130996
//my_product/res/audio/haptic_ringtone/output228HZ/ringtone_001.ogg 130998-131080
//my_product/res/audio/haptic_ringtone/output228HZ/ringtone_002.ogg 131082-131175
//my_product/res/audio/haptic_ringtone/output228HZ/ringtone_003.ogg 131177-131261
//my_product/res/audio/haptic_ringtone/output228HZ/ringtone_004.ogg 131262-131307
//my_product/res/audio/haptic_ringtone/output228HZ/ringtone_005.ogg 131308-131395
//my_product/res/audio/haptic_ringtone/output228HZ/ringtone_006.ogg 131397-131431
//my_product/res/audio/haptic_ringtone/output228HZ/ringtone_007.ogg 131433-131513
//my_product/res/audio/haptic_ringtone/output228HZ/ringtone_008.ogg 131514-131566
//my_product/res/audio/haptic_ringtone/output228HZ/ringtone_009.ogg 131567-131573
//my_product/res/audio/haptic_ringtone/output228HZ/ringtone_010.ogg 131574-131634
//my_product/res/audio/haptic_ringtone/output228HZ/ringtone_011.ogg 131636-131701
//my_product/res/audio/haptic_ringtone/output228HZ/ringtone_012.ogg 131702-131770
//my_product/res/audio/haptic_ringtone/output228HZ/ringtone_013.ogg 131772-131812
//my_product/res/audio/haptic_ringtone/output228HZ/ringtone_014.ogg 131813-131881
//my_product/res/audio/haptic_ringtone/output228HZ/ringtone_015.ogg 131882-131960
//my_product/res/audio/haptic_ringtone/output228HZ/ringtone_016.ogg 131961-132035
//my_product/res/audio/haptic_ringtone/output228HZ/ringtone_017.ogg 132036-132065
//my_product/res/audio/haptic_ringtone/output228HZ/ringtone_018.ogg 132067-132118
//my_product/res/audio/haptic_ringtone/output228HZ/ringtone_019.ogg 132119-132160
//my_product/res/audio/haptic_ringtone/output228HZ/ringtone_020.ogg 132162-132213
//my_product/res/audio/haptic_ringtone/output228HZ/ringtone_021.ogg 132215-132238
//my_product/res/audio/haptic_ringtone/output228HZ/ringtone_022.ogg 132240-132302
//my_product/res/audio/haptic_ringtone/output228HZ/ringtone_023.ogg 132304-132337
//my_product/res/audio/haptic_ringtone/output228HZ/ringtone_024.ogg 132338-132426
//my_product/res/audio/haptic_ringtone/output228HZ/ringtone_025.ogg 132427-132481
//my_product/res/audio/haptic_ringtone/output228HZ/ringtone_026.ogg 132482-132605
//my_product/res/audio/haptic_ringtone/output228HZ/ringtone_027.ogg 132607-132688
//my_product/res/audio/haptic_ringtone/output228HZ/ringtone_028.ogg 132689-132717
//my_product/res/audio/haptic_ringtone/output228HZ/ringtone_029.ogg 132718-132808
//my_product/res/audio/haptic_ringtone/output228HZ/ringtone_030.ogg 132810-132860
//my_product/res/audio/haptic_ringtone/output228HZ/ringtone_031.ogg 132861-132917
//my_product/res/audio/haptic_ringtone/output228HZ/ringtone_032.ogg 132918-132975
//my_product/res/audio/haptic_ringtone/output228HZ/ringtone_033.ogg 132976-133031
//my_product/res/audio/haptic_ringtone/output228HZ/ringtone_034.ogg 133032-133098
//my_product/res/audio/haptic_ringtone/output228HZ/ringtone_035.ogg 133100-133171
//my_product/res/audio/haptic_ringtone/output228HZ/ringtone_036.ogg 133172-133207
//my_product/res/audio/haptic_ringtone/output228HZ/ringtone_037.ogg 133208-133278
//my_product/res/audio/haptic_ringtone/output228HZ/ringtone_038.ogg 133279-133339
//my_product/res/audio/haptic_ringtone/output228HZ/ringtone_039.ogg 133341-133412
//my_product/res/audio/haptic_ringtone/output228HZ/ringtone_040.ogg 133414-133486
//my_product/res/audio/haptic_ringtone/output228HZ/ringtone_041.ogg 133487-133508
//my_product/res/audio/haptic_ringtone/output228HZ/ringtone_042.ogg 133509-133543
//my_product/res/audio/haptic_ringtone/output228HZ/ringtone_043.ogg 133544-133629
//my_product/res/audio/haptic_ringtone/output228HZ/ringtone_044.ogg 133630-133722
//my_product/res/audio/haptic_ringtone/output228HZ/ringtone_045.ogg 133723-133768
//my_product/res/audio/haptic_ringtone/output228HZ/ringtone_046.ogg 133769-133848
//my_product/res/audio/haptic_ringtone/output228HZ/ringtone_047.ogg 133849-133877
//my_product/res/audio/haptic_ringtone/output228HZ/ringtone_048.ogg 133878-133919
//my_product/res/audio/haptic_ringtone/output228HZ/ringtone_049.ogg 133920-134001
//my_product/res/audio/haptic_ringtone/output228HZ/ringtone_050.ogg 134003-134092
//my_product/res/audio/haptic_ringtone/output228HZ/ringtone_051.ogg 134094-134144
//my_product/res/audio/haptic_ringtone/output228HZ/ringtone_052.ogg 134145-134234
//my_product/res/audio/haptic_ringtone/output228HZ/ringtone_053.ogg 134235-134299
//my_product/res/audio/haptic_ringtone/output228HZ/ringtone_054.ogg 134300-134368
//my_product/res/audio/haptic_ringtone/output228HZ/ringtone_055.ogg 134369-134426
//my_product/res/audio/haptic_ringtone/output228HZ/ringtone_056.ogg 134427-134482
//my_product/res/audio/haptic_ringtone/output228HZ/ringtone_057.ogg 134483-134562
//my_product/res/audio/haptic_ringtone/output228HZ/ringtone_058.ogg 134563-134659
//my_product/res/audio/haptic_ringtone/output228HZ/ringtone_master.ogg 134661-134719
//my_product/res/audio/haptic_ringtone/output228HZ/sms_master.ogg 134720-134725
//my_product/res/audio/haptic_ringtone/output228HZ/weather_alarm_cloud.ogg 134726-134786
//my_product/res/audio/haptic_ringtone/output228HZ/weather_alarm_default.ogg 134788-134880
//my_product/res/audio/haptic_ringtone/output228HZ/weather_alarm_haze.ogg 134882-134928
//my_product/res/audio/haptic_ringtone/output228HZ/weather_alarm_rain.ogg 134930-134980
//my_product/res/audio/haptic_ringtone/output228HZ/weather_alarm_snow.ogg 134981-135036
//my_product/res/audio/haptic_ringtone/output228HZ/weather_alarm_sun.ogg 135037-135103
//my_product/res/audio/haptic_ringtone/output228HZ/weather_alarm_thunderstorm.ogg 135104-135155
//my_product/res/audio/haptic_ringtone/output228HZ/weather_alarm_wind.ogg 135156-135210
//my_product/res/audio/haptic_ringtone/output232HZ/alarm_master.ogg 135212-135253
//my_product/res/audio/haptic_ringtone/output232HZ/notification_001.ogg 135255-135258
//my_product/res/audio/haptic_ringtone/output232HZ/notification_002.ogg 135259-135260
//my_product/res/audio/haptic_ringtone/output232HZ/notification_003.ogg 135261-135264
//my_product/res/audio/haptic_ringtone/output232HZ/notification_004.ogg 135265-135267
//my_product/res/audio/haptic_ringtone/output232HZ/notification_005.ogg 135268-135270
//my_product/res/audio/haptic_ringtone/output232HZ/notification_006.ogg 135272-135277
//my_product/res/audio/haptic_ringtone/output232HZ/notification_007.ogg 135279-135281
//my_product/res/audio/haptic_ringtone/output232HZ/notification_008.ogg 135283-135285
//my_product/res/audio/haptic_ringtone/output232HZ/notification_009.ogg 135287-135289
//my_product/res/audio/haptic_ringtone/output232HZ/notification_010.ogg 135291-135297
//my_product/res/audio/haptic_ringtone/output232HZ/notification_011.ogg 135298-135301
//my_product/res/audio/haptic_ringtone/output232HZ/notification_012.ogg 135302-135306
//my_product/res/audio/haptic_ringtone/output232HZ/notification_013.ogg 135307-135320
//my_product/res/audio/haptic_ringtone/output232HZ/notification_014.ogg 135321-135329
//my_product/res/audio/haptic_ringtone/output232HZ/notification_015.ogg 135330-135332
//my_product/res/audio/haptic_ringtone/output232HZ/notification_016.ogg 135334-135341
//my_product/res/audio/haptic_ringtone/output232HZ/notification_017.ogg 135342-135349
//my_product/res/audio/haptic_ringtone/output232HZ/notification_018.ogg 135350-135353
//my_product/res/audio/haptic_ringtone/output232HZ/notification_019.ogg 135355-135359
//my_product/res/audio/haptic_ringtone/output232HZ/notification_020.ogg 135360-135365
//my_product/res/audio/haptic_ringtone/output232HZ/notification_021.ogg 135366-135368
//my_product/res/audio/haptic_ringtone/output232HZ/notification_022.ogg 135370-135373
//my_product/res/audio/haptic_ringtone/output232HZ/notification_023.ogg 135375-135378
//my_product/res/audio/haptic_ringtone/output232HZ/notification_024.ogg 135380-135385
//my_product/res/audio/haptic_ringtone/output232HZ/notification_025.ogg 135387
//my_product/res/audio/haptic_ringtone/output232HZ/notification_026.ogg 135389-135392
//my_product/res/audio/haptic_ringtone/output232HZ/notification_027.ogg 135393-135400
//my_product/res/audio/haptic_ringtone/output232HZ/notification_028.ogg 135402-135405
//my_product/res/audio/haptic_ringtone/output232HZ/notification_029.ogg 135407-135414
//my_product/res/audio/haptic_ringtone/output232HZ/notification_030.ogg 135415-135421
//my_product/res/audio/haptic_ringtone/output232HZ/notification_031.ogg 135422-135428
//my_product/res/audio/haptic_ringtone/output232HZ/notification_032.ogg 135430-135438
//my_product/res/audio/haptic_ringtone/output232HZ/notification_033.ogg 135440-135443
//my_product/res/audio/haptic_ringtone/output232HZ/notification_034.ogg 135445-135449
//my_product/res/audio/haptic_ringtone/output232HZ/notification_035.ogg 135450-135454
//my_product/res/audio/haptic_ringtone/output232HZ/notification_036.ogg 135455-135460
//my_product/res/audio/haptic_ringtone/output232HZ/notification_037.ogg 135461-135467
//my_product/res/audio/haptic_ringtone/output232HZ/notification_038.ogg 135469-135475
//my_product/res/audio/haptic_ringtone/output232HZ/notification_039.ogg 135477-135481
//my_product/res/audio/haptic_ringtone/output232HZ/notification_040.ogg 135482-135487
//my_product/res/audio/haptic_ringtone/output232HZ/notification_041.ogg 135489-135492
//my_product/res/audio/haptic_ringtone/output232HZ/notification_042.ogg 135494-135498 135499
//my_product/res/audio/haptic_ringtone/output232HZ/notification_043.ogg 135500-135506
//my_product/res/audio/haptic_ringtone/output232HZ/notification_044.ogg 135507-135515
//my_product/res/audio/haptic_ringtone/output232HZ/notification_045.ogg 135517-135523
//my_product/res/audio/haptic_ringtone/output232HZ/notification_046.ogg 135525-135531
//my_product/res/audio/haptic_ringtone/output232HZ/notification_master.ogg 135532-135536
//my_product/res/audio/haptic_ringtone/output232HZ/ringtone_001.ogg 135538-135621
//my_product/res/audio/haptic_ringtone/output232HZ/ringtone_002.ogg 135622-135714
//my_product/res/audio/haptic_ringtone/output232HZ/ringtone_003.ogg 135716-135799
//my_product/res/audio/haptic_ringtone/output232HZ/ringtone_004.ogg 135801-135848
//my_product/res/audio/haptic_ringtone/output232HZ/ringtone_005.ogg 135849-135936
//my_product/res/audio/haptic_ringtone/output232HZ/ringtone_006.ogg 135938-135972
//my_product/res/audio/haptic_ringtone/output232HZ/ringtone_007.ogg 135974-136053
//my_product/res/audio/haptic_ringtone/output232HZ/ringtone_008.ogg 136055-136107
//my_product/res/audio/haptic_ringtone/output232HZ/ringtone_009.ogg 136108-136114
//my_product/res/audio/haptic_ringtone/output232HZ/ringtone_010.ogg 136115-136175
//my_product/res/audio/haptic_ringtone/output232HZ/ringtone_011.ogg 136177-136242
//my_product/res/audio/haptic_ringtone/output232HZ/ringtone_012.ogg 136243-136311
//my_product/res/audio/haptic_ringtone/output232HZ/ringtone_013.ogg 136312-136351
//my_product/res/audio/haptic_ringtone/output232HZ/ringtone_014.ogg 136353-136420
//my_product/res/audio/haptic_ringtone/output232HZ/ringtone_015.ogg 136422-136499
//my_product/res/audio/haptic_ringtone/output232HZ/ringtone_016.ogg 136500-136575
//my_product/res/audio/haptic_ringtone/output232HZ/ringtone_017.ogg 136577-136606
//my_product/res/audio/haptic_ringtone/output232HZ/ringtone_018.ogg 136608-136659
//my_product/res/audio/haptic_ringtone/output232HZ/ringtone_019.ogg 136661-136702
//my_product/res/audio/haptic_ringtone/output232HZ/ringtone_020.ogg 136703-136754
//my_product/res/audio/haptic_ringtone/output232HZ/ringtone_021.ogg 136755-136778
//my_product/res/audio/haptic_ringtone/output232HZ/ringtone_022.ogg 136780-136843
//my_product/res/audio/haptic_ringtone/output232HZ/ringtone_023.ogg 136844-136877
//my_product/res/audio/haptic_ringtone/output232HZ/ringtone_024.ogg 136879-136966
//my_product/res/audio/haptic_ringtone/output232HZ/ringtone_025.ogg 136968-137023
//my_product/res/audio/haptic_ringtone/output232HZ/ringtone_026.ogg 137024-137146
//my_product/res/audio/haptic_ringtone/output232HZ/ringtone_027.ogg 137148-137229
//my_product/res/audio/haptic_ringtone/output232HZ/ringtone_028.ogg 137231-137258
//my_product/res/audio/haptic_ringtone/output232HZ/ringtone_029.ogg 137260-137349
//my_product/res/audio/haptic_ringtone/output232HZ/ringtone_030.ogg 137351-137401
//my_product/res/audio/haptic_ringtone/output232HZ/ringtone_031.ogg 137402-137457
//my_product/res/audio/haptic_ringtone/output232HZ/ringtone_032.ogg 137459-137515
//my_product/res/audio/haptic_ringtone/output232HZ/ringtone_033.ogg 137517-137571
//my_product/res/audio/haptic_ringtone/output232HZ/ringtone_034.ogg 137573-137639
//my_product/res/audio/haptic_ringtone/output232HZ/ringtone_035.ogg 137640-137711
//my_product/res/audio/haptic_ringtone/output232HZ/ringtone_036.ogg 137712-137746
//my_product/res/audio/haptic_ringtone/output232HZ/ringtone_037.ogg 137748-137817
//my_product/res/audio/haptic_ringtone/output232HZ/ringtone_038.ogg 137819-137879
//my_product/res/audio/haptic_ringtone/output232HZ/ringtone_039.ogg 137881-137952
//my_product/res/audio/haptic_ringtone/output232HZ/ringtone_040.ogg 137954-138026
//my_product/res/audio/haptic_ringtone/output232HZ/ringtone_041.ogg 138027-138048
//my_product/res/audio/haptic_ringtone/output232HZ/ringtone_042.ogg 138049-138083
//my_product/res/audio/haptic_ringtone/output232HZ/ringtone_043.ogg 138084-138169
//my_product/res/audio/haptic_ringtone/output232HZ/ringtone_044.ogg 138170-138262
//my_product/res/audio/haptic_ringtone/output232HZ/ringtone_045.ogg 138263-138308
//my_product/res/audio/haptic_ringtone/output232HZ/ringtone_046.ogg 138309-138388
//my_product/res/audio/haptic_ringtone/output232HZ/ringtone_047.ogg 138389-138417
//my_product/res/audio/haptic_ringtone/output232HZ/ringtone_048.ogg 138418-138459
//my_product/res/audio/haptic_ringtone/output232HZ/ringtone_049.ogg 138460-138541
//my_product/res/audio/haptic_ringtone/output232HZ/ringtone_050.ogg 138543-138632
//my_product/res/audio/haptic_ringtone/output232HZ/ringtone_051.ogg 138634-138684
//my_product/res/audio/haptic_ringtone/output232HZ/ringtone_052.ogg 138685-138774
//my_product/res/audio/haptic_ringtone/output232HZ/ringtone_053.ogg 138775-138839
//my_product/res/audio/haptic_ringtone/output232HZ/ringtone_054.ogg 138840-138908
//my_product/res/audio/haptic_ringtone/output232HZ/ringtone_055.ogg 138909-138966
//my_product/res/audio/haptic_ringtone/output232HZ/ringtone_056.ogg 138967-139022
//my_product/res/audio/haptic_ringtone/output232HZ/ringtone_057.ogg 139023-139102
//my_product/res/audio/haptic_ringtone/output232HZ/ringtone_058.ogg 139103-139199
//my_product/res/audio/haptic_ringtone/output232HZ/ringtone_master.ogg 139201-139259
//my_product/res/audio/haptic_ringtone/output232HZ/sms_master.ogg 139260-139265
//my_product/res/audio/haptic_ringtone/output232HZ/weather_alarm_cloud.ogg 139266-139326
//my_product/res/audio/haptic_ringtone/output232HZ/weather_alarm_default.ogg 139328-139420
//my_product/res/audio/haptic_ringtone/output232HZ/weather_alarm_haze.ogg 139422-139468
//my_product/res/audio/haptic_ringtone/output232HZ/weather_alarm_rain.ogg 139469-139520
//my_product/res/audio/haptic_ringtone/output232HZ/weather_alarm_snow.ogg 139521-139574
//my_product/res/audio/haptic_ringtone/output232HZ/weather_alarm_sun.ogg 139575-139641
//my_product/res/audio/haptic_ringtone/output232HZ/weather_alarm_thunderstorm.ogg 139643-139694
//my_product/res/audio/haptic_ringtone/output232HZ/weather_alarm_wind.ogg 139695-139748
//my_product/res/audio/haptic_ringtone/output236HZ/alarm_master.ogg 139751-139792
//my_product/res/audio/haptic_ringtone/output236HZ/notification_001.ogg 139794-139797
//my_product/res/audio/haptic_ringtone/output236HZ/notification_002.ogg 139798-139799
//my_product/res/audio/haptic_ringtone/output236HZ/notification_003.ogg 139800-139803
//my_product/res/audio/haptic_ringtone/output236HZ/notification_004.ogg 139804-139806
//my_product/res/audio/haptic_ringtone/output236HZ/notification_005.ogg 139807-139809
//my_product/res/audio/haptic_ringtone/output236HZ/notification_006.ogg 139811-139816
//my_product/res/audio/haptic_ringtone/output236HZ/notification_007.ogg 139817-139819
//my_product/res/audio/haptic_ringtone/output236HZ/notification_008.ogg 139821-139823
//my_product/res/audio/haptic_ringtone/output236HZ/notification_009.ogg 139825-139827
//my_product/res/audio/haptic_ringtone/output236HZ/notification_010.ogg 139829-139835
//my_product/res/audio/haptic_ringtone/output236HZ/notification_011.ogg 139836-139839
//my_product/res/audio/haptic_ringtone/output236HZ/notification_012.ogg 139840-139844
//my_product/res/audio/haptic_ringtone/output236HZ/notification_013.ogg 139845-139858
//my_product/res/audio/haptic_ringtone/output236HZ/notification_014.ogg 139859-139867
//my_product/res/audio/haptic_ringtone/output236HZ/notification_015.ogg 139868-139870
//my_product/res/audio/haptic_ringtone/output236HZ/notification_016.ogg 139872-139879
//my_product/res/audio/haptic_ringtone/output236HZ/notification_017.ogg 139881-139888
//my_product/res/audio/haptic_ringtone/output236HZ/notification_018.ogg 139889-139892
//my_product/res/audio/haptic_ringtone/output236HZ/notification_019.ogg 139894-139898
//my_product/res/audio/haptic_ringtone/output236HZ/notification_020.ogg 139900-139905
//my_product/res/audio/haptic_ringtone/output236HZ/notification_021.ogg 139906-139908
//my_product/res/audio/haptic_ringtone/output236HZ/notification_022.ogg 139910-139913
//my_product/res/audio/haptic_ringtone/output236HZ/notification_023.ogg 139915-139918
//my_product/res/audio/haptic_ringtone/output236HZ/notification_024.ogg 139920-139925
//my_product/res/audio/haptic_ringtone/output236HZ/notification_025.ogg 139926
//my_product/res/audio/haptic_ringtone/output236HZ/notification_026.ogg 139928-139931
//my_product/res/audio/haptic_ringtone/output236HZ/notification_027.ogg 139932-139939
//my_product/res/audio/haptic_ringtone/output236HZ/notification_028.ogg 139941-139944
//my_product/res/audio/haptic_ringtone/output236HZ/notification_029.ogg 139946-139953
//my_product/res/audio/haptic_ringtone/output236HZ/notification_030.ogg 139954-139960
//my_product/res/audio/haptic_ringtone/output236HZ/notification_031.ogg 139961-139967
//my_product/res/audio/haptic_ringtone/output236HZ/notification_032.ogg 139969-139977
//my_product/res/audio/haptic_ringtone/output236HZ/notification_033.ogg 139979-139982
//my_product/res/audio/haptic_ringtone/output236HZ/notification_034.ogg 139983-139987
//my_product/res/audio/haptic_ringtone/output236HZ/notification_035.ogg 139988-139992
//my_product/res/audio/haptic_ringtone/output236HZ/notification_036.ogg 139993-139998
//my_product/res/audio/haptic_ringtone/output236HZ/notification_037.ogg 139999-140005
//my_product/res/audio/haptic_ringtone/output236HZ/notification_038.ogg 140007-140013
//my_product/res/audio/haptic_ringtone/output236HZ/notification_039.ogg 140015-140019
//my_product/res/audio/haptic_ringtone/output236HZ/notification_040.ogg 140020-140025
//my_product/res/audio/haptic_ringtone/output236HZ/notification_041.ogg 140027-140030
//my_product/res/audio/haptic_ringtone/output236HZ/notification_042.ogg 140032-140036 140037
//my_product/res/audio/haptic_ringtone/output236HZ/notification_043.ogg 140038-140044
//my_product/res/audio/haptic_ringtone/output236HZ/notification_044.ogg 140045-140053
//my_product/res/audio/haptic_ringtone/output236HZ/notification_045.ogg 140055-140061
//my_product/res/audio/haptic_ringtone/output236HZ/notification_046.ogg 140063-140069
//my_product/res/audio/haptic_ringtone/output236HZ/notification_master.ogg 140070-140074
//my_product/res/audio/haptic_ringtone/output236HZ/ringtone_001.ogg 140076-140159
//my_product/res/audio/haptic_ringtone/output236HZ/ringtone_002.ogg 140160-140253
//my_product/res/audio/haptic_ringtone/output236HZ/ringtone_003.ogg 140254-140338
//my_product/res/audio/haptic_ringtone/output236HZ/ringtone_004.ogg 140339-140385
//my_product/res/audio/haptic_ringtone/output236HZ/ringtone_005.ogg 140386-140473
//my_product/res/audio/haptic_ringtone/output236HZ/ringtone_006.ogg 140475-140509
//my_product/res/audio/haptic_ringtone/output236HZ/ringtone_007.ogg 140511-140590
//my_product/res/audio/haptic_ringtone/output236HZ/ringtone_008.ogg 140592-140645
//my_product/res/audio/haptic_ringtone/output236HZ/ringtone_009.ogg 140646-140652
//my_product/res/audio/haptic_ringtone/output236HZ/ringtone_010.ogg 140653-140713
//my_product/res/audio/haptic_ringtone/output236HZ/ringtone_011.ogg 140715-140780
//my_product/res/audio/haptic_ringtone/output236HZ/ringtone_012.ogg 140781-140849
//my_product/res/audio/haptic_ringtone/output236HZ/ringtone_013.ogg 140850-140890
//my_product/res/audio/haptic_ringtone/output236HZ/ringtone_014.ogg 140892-140959
//my_product/res/audio/haptic_ringtone/output236HZ/ringtone_015.ogg 140961-141039
//my_product/res/audio/haptic_ringtone/output236HZ/ringtone_016.ogg 141040-141115
//my_product/res/audio/haptic_ringtone/output236HZ/ringtone_017.ogg 141117-141147
//my_product/res/audio/haptic_ringtone/output236HZ/ringtone_018.ogg 141148-141199
//my_product/res/audio/haptic_ringtone/output236HZ/ringtone_019.ogg 141201-141242
//my_product/res/audio/haptic_ringtone/output236HZ/ringtone_020.ogg 141243-141294
//my_product/res/audio/haptic_ringtone/output236HZ/ringtone_021.ogg 141295-141318
//my_product/res/audio/haptic_ringtone/output236HZ/ringtone_022.ogg 141319-141381
//my_product/res/audio/haptic_ringtone/output236HZ/ringtone_023.ogg 141383-141416
//my_product/res/audio/haptic_ringtone/output236HZ/ringtone_024.ogg 141418-141506
//my_product/res/audio/haptic_ringtone/output236HZ/ringtone_025.ogg 141507-141562
//my_product/res/audio/haptic_ringtone/output236HZ/ringtone_026.ogg 141564-141687
//my_product/res/audio/haptic_ringtone/output236HZ/ringtone_027.ogg 141689-141770
//my_product/res/audio/haptic_ringtone/output236HZ/ringtone_028.ogg 141771-141798
//my_product/res/audio/haptic_ringtone/output236HZ/ringtone_029.ogg 141800-141890
//my_product/res/audio/haptic_ringtone/output236HZ/ringtone_030.ogg 141891-141941
//my_product/res/audio/haptic_ringtone/output236HZ/ringtone_031.ogg 141942-141997
//my_product/res/audio/haptic_ringtone/output236HZ/ringtone_032.ogg 141999-142056
//my_product/res/audio/haptic_ringtone/output236HZ/ringtone_033.ogg 142057-142111
//my_product/res/audio/haptic_ringtone/output236HZ/ringtone_034.ogg 142113-142179
//my_product/res/audio/haptic_ringtone/output236HZ/ringtone_035.ogg 142181-142252
//my_product/res/audio/haptic_ringtone/output236HZ/ringtone_036.ogg 142253-142288
//my_product/res/audio/haptic_ringtone/output236HZ/ringtone_037.ogg 142289-142358
//my_product/res/audio/haptic_ringtone/output236HZ/ringtone_038.ogg 142360-142420
//my_product/res/audio/haptic_ringtone/output236HZ/ringtone_039.ogg 142421-142492
//my_product/res/audio/haptic_ringtone/output236HZ/ringtone_040.ogg 142494-142566
//my_product/res/audio/haptic_ringtone/output236HZ/ringtone_041.ogg 142567-142588
//my_product/res/audio/haptic_ringtone/output236HZ/ringtone_042.ogg 142589-142623
//my_product/res/audio/haptic_ringtone/output236HZ/ringtone_043.ogg 142624-142709
//my_product/res/audio/haptic_ringtone/output236HZ/ringtone_044.ogg 142710-142802
//my_product/res/audio/haptic_ringtone/output236HZ/ringtone_045.ogg 142803-142848
//my_product/res/audio/haptic_ringtone/output236HZ/ringtone_046.ogg 142849-142928
//my_product/res/audio/haptic_ringtone/output236HZ/ringtone_047.ogg 142929-142957
//my_product/res/audio/haptic_ringtone/output236HZ/ringtone_048.ogg 142958-142999
//my_product/res/audio/haptic_ringtone/output236HZ/ringtone_049.ogg 143000-143081
//my_product/res/audio/haptic_ringtone/output236HZ/ringtone_050.ogg 143083-143172
//my_product/res/audio/haptic_ringtone/output236HZ/ringtone_051.ogg 143174-143224
//my_product/res/audio/haptic_ringtone/output236HZ/ringtone_052.ogg 143225-143314
//my_product/res/audio/haptic_ringtone/output236HZ/ringtone_053.ogg 143315-143379
//my_product/res/audio/haptic_ringtone/output236HZ/ringtone_054.ogg 143380-143448
//my_product/res/audio/haptic_ringtone/output236HZ/ringtone_055.ogg 143449-143506
//my_product/res/audio/haptic_ringtone/output236HZ/ringtone_056.ogg 143507-143562
//my_product/res/audio/haptic_ringtone/output236HZ/ringtone_057.ogg 143563-143642
//my_product/res/audio/haptic_ringtone/output236HZ/ringtone_058.ogg 143643-143739
//my_product/res/audio/haptic_ringtone/output236HZ/ringtone_master.ogg 143741-143798
//my_product/res/audio/haptic_ringtone/output236HZ/sms_master.ogg 143800-143805
//my_product/res/audio/haptic_ringtone/output236HZ/weather_alarm_cloud.ogg 143806-143868
//my_product/res/audio/haptic_ringtone/output236HZ/weather_alarm_default.ogg 143870-143963
//my_product/res/audio/haptic_ringtone/output236HZ/weather_alarm_haze.ogg 143964-144011
//my_product/res/audio/haptic_ringtone/output236HZ/weather_alarm_rain.ogg 144012-144062
//my_product/res/audio/haptic_ringtone/output236HZ/weather_alarm_snow.ogg 144064-144118
//my_product/res/audio/haptic_ringtone/output236HZ/weather_alarm_sun.ogg 144120-144186
//my_product/res/audio/haptic_ringtone/output236HZ/weather_alarm_thunderstorm.ogg 144187-144237 144238
//my_product/res/audio/haptic_ringtone/output236HZ/weather_alarm_wind.ogg 144239-144293
//my_product/res/engineermode/MEMC_SDR2HDR_Test_24fps.mp4 144294-146482
//my_product/vendor/etc/display_apollo_list.xml 146484-146508
//my_product/vendor/etc/display_brightness_config_samsung1024.xml 146509-146542
//my_product/vendor/etc/display_curve_map.xml 146543-146563
//my_product/vendor/etc/multimedia_app_scale_list.xml 146564-146565
//my_product/vendor/etc/multimedia_display_feature_config.xml 146566
//my_product/vendor/etc/multimedia_display_perf_list.xml 146567
