//my_stock/apkcerts.txt 1
//my_stock/app/ADS/ADS.apk 2-638
//my_stock/app/ADS/oat/arm/ADS.vdex 640-651
//my_stock/app/ADS/oat/arm64/ADS.vdex 652-663
//my_stock/app/AIUnit/AIUnit.apk 664-33228
//my_stock/app/AIUnit/lib/arm64/libaiunit_sdk_core.so 33247-33248
//my_stock/app/AIUnit/oat/arm64/AIUnit.vdex 33249-33292
//my_stock/app/Aod/Aod.apk 33293-43544
//my_stock/app/Aod/lib/arm64/libVFX.so 43551-43977
//my_stock/app/Aod/lib/arm64/libhandpaintedeffects.so 43978-44031
//my_stock/app/Aod/lib/arm64/liboplus_gifdecoder.so 44032-44061
//my_stock/app/Aod/lib/arm64/liboplus_image_process.so 44062-44063
//my_stock/app/Aod/lib/arm64/liboplusos_lunar.so 44064-44066
//my_stock/app/Aod/oat/arm64/Aod.vdex 44067-44091
//my_stock/app/COSA/COSA.apk 44092-50328
//my_stock/app/COSA/oat/arm64/COSA.vdex 50334-50356
//my_stock/app/CarLink/CarLink.apk 50357-53076
//my_stock/app/CarLink/oat/arm64/CarLink.vdex 53080-53124
//my_stock/app/ChildrenSpace/ChildrenSpace.apk 53125-60453
//my_stock/app/ChildrenSpace/oat/arm64/ChildrenSpace.vdex 60459-60486
//my_stock/app/CloudService/CloudService.apk 60487-66705
//my_stock/app/CodeBook/CodeBook.apk 66710-71011
//my_stock/app/CodeBook/oat/arm64/CodeBook.vdex 71016-71085
//my_stock/app/ColorAccessibilityAssistant/ColorAccessibilityAssistant.apk 71086-73721
//my_stock/app/ColorAccessibilityAssistant/oat/arm64/ColorAccessibilityAssistant.vdex 73725-73761
//my_stock/app/ColorDirectService/ColorDirectService.apk 73762-79728
//my_stock/app/ColorDirectService/oat/arm64/ColorDirectService.vdex 79734-79778
//my_stock/app/ColorDirectUI/ColorDirectUI.apk 79779-82633
//my_stock/app/ColorDirectUI/oat/arm64/ColorDirectUI.vdex 82637-82679
//my_stock/app/DigitalKeyFramework/DigitalKeyFramework.apk 82680-85293
//my_stock/app/DigitalKeyFramework/oat/arm64/DigitalKeyFramework.vdex 85297-85347
//my_stock/app/DigitalWellBeing/DigitalWellBeing.apk 85348-87783
//my_stock/app/DigitalWellBeing/oat/arm64/DigitalWellBeing.vdex 87787-87820
//my_stock/app/Ether/Ether.apk 87821-88152
//my_stock/app/Ether/oat/arm64/Ether.vdex 88153-88158
//my_stock/app/FileEncryption/FileEncryption.apk 88159-90106
//my_stock/app/FileEncryption/lib/arm64/libopluslog.so 90109-90117
//my_stock/app/FileEncryption/oat/arm64/FileEncryption.vdex 90118-90150
//my_stock/app/FloatAssistant/FloatAssistant.apk 90151-95185
//my_stock/app/FloatAssistant/oat/arm64/FloatAssistant.vdex 95191-95215
//my_stock/app/HealthCheck/HealthCheck.apk 95216-97073
//my_stock/app/HealthCheck/oat/arm64/HealthCheck.vdex 97076-97099
//my_stock/app/IFlySpeechService/IFlySpeechService.apk 97100-100224
//my_stock/app/IFlySpeechService/lib/arm64/libaisound6p0.so 100227-100397
//my_stock/app/IFlySpeechService/lib/arm64/libmsc5_suit_1081.so 100398-100694
//my_stock/app/Karaoke/Karaoke.apk 100695-102439
//my_stock/app/Karaoke/oat/arm64/Karaoke.vdex 102442-102468
//my_stock/app/MSPService/MSPService.apk 102469-110259
//my_stock/app/MapComFrame/MapComFrame.apk 110265-114044
//my_stock/app/MapComFrame/oat/arm64/MapComFrame.vdex 114048-114061
//my_stock/app/OVoiceManagerSkillService/OVoiceManagerSkillService.apk 114062-114681
//my_stock/app/OVoiceManagerSkillService/oat/arm64/OVoiceManagerSkillService.vdex 114682-114693
//my_stock/app/OWork/OWork.apk 114694-116777
//my_stock/app/OWork/oat/arm64/OWork.vdex 116780-116824
//my_stock/app/OpenCapabilityService/OpenCapabilityService.apk 116825-118641
//my_stock/app/OpenCapabilityService/oat/arm64/OpenCapabilityService.vdex 118644-118671
//my_stock/app/OplusAudioMonitor/OplusAudioMonitor.apk 118672-119695
//my_stock/app/OplusAudioMonitor/oat/arm64/OplusAudioMonitor.vdex 119696-119709
//my_stock/app/OplusOperationManual/OplusOperationManual.apk 119710-124539
//my_stock/app/OplusOperationManual/oat/arm64/OplusOperationManual.vdex 124544-124597
//my_stock/app/OplusSecurityKeyboard/OplusSecurityKeyboard.apk 124598-124664
//my_stock/app/OppoWeatherService/OppoWeatherService.apk 124665-126133
//my_stock/app/OppoWeatherService/oat/arm64/OppoWeatherService.vdex 126136-126158
//my_stock/app/Pictorial/Pictorial.apk 126159-141608
//my_stock/app/Pictorial/oat/arm64/Pictorial.vdex 141622-141779
//my_stock/app/Portrait/Portrait.apk 141780-152089
//my_stock/app/Portrait/lib/arm64/libAncSegBaseJni.so 152096-152142
//my_stock/app/Portrait/lib/arm64/libAncSegBaseSdk.so 152143-152743
//my_stock/app/Portrait/lib/arm64/libCaptureBokeh.so 152744-152860
//my_stock/app/Portrait/lib/arm64/libMNN.so 152861-153051
//my_stock/app/Portrait/lib/arm64/libNvEffectSdkCore.so 153052-154280
//my_stock/app/Portrait/lib/arm64/libancbase_segbase.so 154283-156154
//my_stock/app/Portrait/lib/arm64/libc++_shared.so 156157-156256
//my_stock/app/Portrait/lib/arm64/libcvface_api.so 156257-159820
//my_stock/app/Portrait/lib/arm64/libgraphics-lib.so 159824-159850
//my_stock/app/Portrait/lib/arm64/libimageProcessing.so 159851-159864
//my_stock/app/Portrait/lib/arm64/libjni_cvface_api.so 159865-159897
//my_stock/app/Portrait/lib/arm64/libmsai.so 159898-160299
//my_stock/app/Portrait/lib/arm64/libop-aod-bokeh-jni.qti.so 160300-160323
//my_stock/app/Portrait/lib/arm64/libopencv_java4.so 160324-162770
//my_stock/app/Portrait/lib/arm64/liboplus_image_process.so 162774-162775
//my_stock/app/Portrait/lib/arm64/libyuv2.so 162776-162817
//my_stock/app/Portrait/oat/arm64/Portrait.vdex 162818-162833
//my_stock/app/RomUpdate/RomUpdate.apk 162834-163238
//my_stock/app/SceneMode/SceneMode.apk 163239-165305
//my_stock/app/SceneMode/oat/arm64/SceneMode.vdex 165308-165334
//my_stock/app/SecurePay/SecurePay.apk 165335-168604
//my_stock/app/SecurePay/oat/arm64/SecurePay.vdex 168608-168629
//my_stock/app/SecurityGuard/SecurityGuard.apk 168630-170165
//my_stock/app/SecurityGuard/oat/arm64/SecurityGuard.vdex 170168-170192
//my_stock/app/ShareScreen/ShareScreen.apk 170193-177039
//my_stock/app/ShareScreen/oat/arm64/ShareScreen.vdex 177046-177114
//my_stock/app/SmartEngine/SmartEngine.apk 177115-180886
//my_stock/app/SmartEngine/lib/arm64/libETC2Loader.so 180890
//my_stock/app/SmartEngine/oat/arm64/SmartEngine.vdex 180891-180927
//my_stock/app/SmartLock/SmartLock.apk 180928-182010
//my_stock/app/SmartLock/oat/arm64/SmartLock.vdex 182011-182028
//my_stock/app/SmartSideBar/SmartSideBar.apk 182029-185124
//my_stock/app/SmartSideBar/oat/arm64/SmartSideBar.vdex 185128-185184
//my_stock/app/SupertextInput/SupertextInput.apk 185185-189706
//my_stock/app/SupertextInput/oat/arm64/SupertextInput.vdex 189711-189738
//my_stock/app/VariUIEngine/VariUIEngine.apk 189739-191425
//my_stock/app/VariUIEngine/lib/arm64/libVFX.so 191428-191976
//my_stock/app/VariUIEngine/lib/arm64/libffavc.so 191977-192120
//my_stock/app/VariUIEngine/lib/arm64/libglide-webp.so 192121-192171
//my_stock/app/VariUIEngine/lib/arm64/libhandpaintedeffects.so 192172-192226
//my_stock/app/VariUIEngine/lib/arm64/libliquidfun.so 192227-192273
//my_stock/app/VariUIEngine/lib/arm64/libliquidfun_jni.so 192274-192308
//my_stock/app/VariUIEngine/lib/arm64/liboplus_gifdecoder.so 192309-192338
//my_stock/app/VariUIEngine/lib/arm64/liboplusos_lunar.so 192339-192341
//my_stock/app/VariUIEngine/lib/arm64/libpag.so 192342-192720
//my_stock/app/VariUIEngine/oat/arm64/VariUIEngine.vdex 192721-192745
//my_stock/app/ViewTalk/ViewTalk.apk 192746-196298
//my_stock/app/ViewTalk/oat/arm64/ViewTalk.vdex 196302-196320
//my_stock/del-app/BackupAndRestore/BackupAndRestore.apk 196322-202513
//my_stock/del-app/BrowserVideo/BrowserVideo.apk 202520-234376
//my_stock/del-app/Calculator2/Calculator2.apk 234394-236034
//my_stock/del-app/Calendar/Calendar.apk 236037-245899
//my_stock/del-app/Clock/Clock.apk 245908-249756
//my_stock/del-app/ColorFavorite/ColorFavorite.apk 249761-252192
//my_stock/del-app/DocumentReader/DocumentReader.apk 252195-255945
//my_stock/del-app/FamilyGuard/FamilyGuard.apk 255948-266151
//my_stock/del-app/FileManager/FileManager.apk 266160-270430
//my_stock/del-app/Health/Health.apk 270435-300064
//my_stock/del-app/KeKeUserCenterMember/KeKeUserCenterMember.apk 300086-305253
//my_stock/del-app/KeKeUserCenterMember/lib/arm64/libbsdiffutils.so 305258-305295
//my_stock/del-app/KeKeUserCenterMember/lib/arm64/liblocSDK8b.so 305296-305341
//my_stock/del-app/KeKeUserCenterMember/lib/arm64/libmarsxlog.so 305342-305372
//my_stock/del-app/KeKeUserCenterMember/lib/arm64/libmmkv.so 305373-305455
//my_stock/del-app/KeKeUserCenterMember/lib/arm64/libopluslog.so 305456-305464
//my_stock/del-app/KeKeUserCenterMember/lib/arm64/libstlport_shared.so 305465-305529
//my_stock/del-app/NewSoundRecorder/NewSoundRecorder.apk 305530-309090
//my_stock/del-app/OPBreathMode/OPBreathMode.apk 309094-323655
//my_stock/del-app/OPPOCommunity/OPPOCommunity.apk 323665-338879
//my_stock/del-app/OPPOStore/OPPOStore.apk 338889-360275
//my_stock/del-app/OplusDocumentsReader/OplusDocumentsReader.apk 360295-361843
//my_stock/del-app/OppoCompass2/OppoCompass2.apk 361846-363164
//my_stock/del-app/OppoNote2/OppoNote2.apk 363167-374786
//my_stock/del-app/OppoTranslation/OppoTranslation.apk 374797-376166
//my_stock/del-app/OppoWeather2/OppoWeather2.apk 376169-382639
//my_stock/del-app/Shortcuts/Shortcuts.apk 382645-386303
//my_stock/etc/NOTICE.xml.gz 386308-386333
//my_stock/etc/extension/com.oplus.app-features.xml 386334
//my_stock/etc/extension/config_clear_settings_provider_key_settings_app.xml 386335
//my_stock/etc/extension/config_clear_settings_provider_key_third_app.xml 386336
//my_stock/etc/extension/sys_osense_appmng_decisionmaker_config.xml 386337
//my_stock/etc/extension/sys_osense_feature_common_config.xml 386338
//my_stock/etc/extension/sys_osense_memory_decisionmaker_config.xml 386339
//my_stock/etc/extension/sys_preload_second_config_list.xml 386340
//my_stock/etc/permissions/default_grant_permissions_list.xml 386341
//my_stock/etc/permissions/privapp-permissions-oplus.xml 386342-386343
//my_stock/media/theme/allApps.xml 386344-386347
//my_stock/media/theme/uxicons/xhdpi/cn.wps.moffice_eng/mat.png 386348
//my_stock/media/theme/uxicons/xhdpi/com.Qunar/mat.png 386349
//my_stock/media/theme/uxicons/xhdpi/com.UCMobile/mat.png 386350
//my_stock/media/theme/uxicons/xhdpi/com.android.contacts/dialer_mat.png 386352-386353
//my_stock/media/theme/uxicons/xhdpi/com.android.contacts/dialer_peb.png 386355
//my_stock/media/theme/uxicons/xhdpi/com.android.contacts/dialer_recbg.png 386357-386359
//my_stock/media/theme/uxicons/xhdpi/com.android.contacts/dialer_recfg.png 386361
//my_stock/media/theme/uxicons/xhdpi/com.android.contacts/mat.png 386363-386365
//my_stock/media/theme/uxicons/xhdpi/com.android.contacts/peb.png 386367
//my_stock/media/theme/uxicons/xhdpi/com.android.contacts/recbg.png 386368-386370
//my_stock/media/theme/uxicons/xhdpi/com.android.contacts/recfg.png 386372-386373
//my_stock/media/theme/uxicons/xhdpi/com.android.email/mat.png 386374
//my_stock/media/theme/uxicons/xhdpi/com.android.email/peb.png 386376
//my_stock/media/theme/uxicons/xhdpi/com.android.email/recbg.png 386377
//my_stock/media/theme/uxicons/xhdpi/com.android.email/recfg.png 386379-386380
//my_stock/media/theme/uxicons/xhdpi/com.android.fmradio/mat.png 386381-386382
//my_stock/media/theme/uxicons/xhdpi/com.android.fmradio/peb.png 386385
//my_stock/media/theme/uxicons/xhdpi/com.android.fmradio/recbg.png 386386-386388
//my_stock/media/theme/uxicons/xhdpi/com.android.fmradio/recfg.png 386390
//my_stock/media/theme/uxicons/xhdpi/com.android.launcher/mat.png 386391-386392
//my_stock/media/theme/uxicons/xhdpi/com.android.launcher/peb.png 386394-386396
//my_stock/media/theme/uxicons/xhdpi/com.android.launcher/recbg.png 386398
//my_stock/media/theme/uxicons/xhdpi/com.android.mms/mat.png 386400-386401
//my_stock/media/theme/uxicons/xhdpi/com.android.mms/peb.png 386403
//my_stock/media/theme/uxicons/xhdpi/com.android.mms/recbg.png 386405-386407
//my_stock/media/theme/uxicons/xhdpi/com.android.mms/recfg.png 386409-386410
//my_stock/media/theme/uxicons/xhdpi/com.android.settings/mat.png 386411-386412
//my_stock/media/theme/uxicons/xhdpi/com.android.settings/peb.png 386414
//my_stock/media/theme/uxicons/xhdpi/com.android.settings/recbg.png 386415-386416
//my_stock/media/theme/uxicons/xhdpi/com.android.settings/recfg.png 386418-386419
//my_stock/media/theme/uxicons/xhdpi/com.android.stk/mat.png 386420-386421
//my_stock/media/theme/uxicons/xhdpi/com.android.stk/peb.png 386422
//my_stock/media/theme/uxicons/xhdpi/com.android.stk/recbg.png 386423-386424
//my_stock/media/theme/uxicons/xhdpi/com.android.stk/recfg.png 386426
//my_stock/media/theme/uxicons/xhdpi/com.baidu.BaiduMap/art_off.png 386431-386436
//my_stock/media/theme/uxicons/xhdpi/com.baidu.haokan/recfg.png 386440
//my_stock/media/theme/uxicons/xhdpi/com.baidu.netdisk/share_lightnin.png 386441
//my_stock/media/theme/uxicons/xhdpi/com.baidu.searchbox/mat.png 386442
//my_stock/media/theme/uxicons/xhdpi/com.caf.fmradio/mat.png 386444-386445
//my_stock/media/theme/uxicons/xhdpi/com.caf.fmradio/peb.png 386447
//my_stock/media/theme/uxicons/xhdpi/com.caf.fmradio/recbg.png 386449-386451
//my_stock/media/theme/uxicons/xhdpi/com.caf.fmradio/recfg.png 386452
//my_stock/media/theme/uxicons/xhdpi/com.coloros.alarmclock/mat.png 386454-386455
//my_stock/media/theme/uxicons/xhdpi/com.coloros.alarmclock/peb.png 386457
//my_stock/media/theme/uxicons/xhdpi/com.coloros.alarmclock/recbg.png 386458
//my_stock/media/theme/uxicons/xhdpi/com.coloros.backuprestore/mat.png 386462-386464
//my_stock/media/theme/uxicons/xhdpi/com.coloros.backuprestore/peb.png 386466
//my_stock/media/theme/uxicons/xhdpi/com.coloros.backuprestore/recbg.png 386467
//my_stock/media/theme/uxicons/xhdpi/com.coloros.backuprestore/recfg.png 386469-386470
//my_stock/media/theme/uxicons/xhdpi/com.coloros.calculator/mat.png 386475
//my_stock/media/theme/uxicons/xhdpi/com.coloros.calculator/peb.png 386476
//my_stock/media/theme/uxicons/xhdpi/com.coloros.calculator/recbg.png 386477
//my_stock/media/theme/uxicons/xhdpi/com.coloros.calculator/recfg.png 386479-386480
//my_stock/media/theme/uxicons/xhdpi/com.coloros.calendar/mat.png 386481-386483
//my_stock/media/theme/uxicons/xhdpi/com.coloros.calendar/peb.png 386484
//my_stock/media/theme/uxicons/xhdpi/com.coloros.compass2/mat.png 386487-386489
//my_stock/media/theme/uxicons/xhdpi/com.coloros.compass2/peb.png 386491
//my_stock/media/theme/uxicons/xhdpi/com.coloros.compass2/recbg.png 386492-386494
//my_stock/media/theme/uxicons/xhdpi/com.coloros.compass2/recfg.png 386495
//my_stock/media/theme/uxicons/xhdpi/com.coloros.familyguard/mat.png 386499-386501
//my_stock/media/theme/uxicons/xhdpi/com.coloros.familyguard/peb.png 386503
//my_stock/media/theme/uxicons/xhdpi/com.coloros.familyguard/recbg.png 386505-386507
//my_stock/media/theme/uxicons/xhdpi/com.coloros.familyguard/recfg.png 386509-386511
//my_stock/media/theme/uxicons/xhdpi/com.coloros.filemanager/mat.png 386513-386515
//my_stock/media/theme/uxicons/xhdpi/com.coloros.filemanager/peb.png 386516
//my_stock/media/theme/uxicons/xhdpi/com.coloros.filemanager/recbg.png 386517
//my_stock/media/theme/uxicons/xhdpi/com.coloros.filemanager/recfg.png 386519-386520
//my_stock/media/theme/uxicons/xhdpi/com.coloros.findmyphone/mat.png 386521-386523
//my_stock/media/theme/uxicons/xhdpi/com.coloros.findmyphone/peb.png 386525
//my_stock/media/theme/uxicons/xhdpi/com.coloros.findmyphone/recbg.png 386527-386529
//my_stock/media/theme/uxicons/xhdpi/com.coloros.findmyphone/recfg.png 386530-386532
//my_stock/media/theme/uxicons/xhdpi/com.coloros.findphone.client2/mat.png 386534-386536
//my_stock/media/theme/uxicons/xhdpi/com.coloros.findphone.client2/peb.png 386538
//my_stock/media/theme/uxicons/xhdpi/com.coloros.findphone.client2/recbg.png 386540-386542
//my_stock/media/theme/uxicons/xhdpi/com.coloros.findphone.client2/recfg.png 386543-386545
//my_stock/media/theme/uxicons/xhdpi/com.coloros.gallery3d/mat.png 386547-386548
//my_stock/media/theme/uxicons/xhdpi/com.coloros.gallery3d/peb.png 386551
//my_stock/media/theme/uxicons/xhdpi/com.coloros.gallery3d/recbg.png 386552-386554
//my_stock/media/theme/uxicons/xhdpi/com.coloros.gallery3d/recfg.png 386556-386557
//my_stock/media/theme/uxicons/xhdpi/com.coloros.gamespaceui/recfg.png 386561
//my_stock/media/theme/uxicons/xhdpi/com.coloros.musiclink/mat.png 386563
//my_stock/media/theme/uxicons/xhdpi/com.coloros.musiclink/peb.png 386565
//my_stock/media/theme/uxicons/xhdpi/com.coloros.musiclink/recbg.png 386566-386568 386569
//my_stock/media/theme/uxicons/xhdpi/com.coloros.musiclink/recfg.png 386570
//my_stock/media/theme/uxicons/xhdpi/com.coloros.note/mat.png 386572-386573
//my_stock/media/theme/uxicons/xhdpi/com.coloros.note/peb.png 386575
//my_stock/media/theme/uxicons/xhdpi/com.coloros.note/recbg.png 386576-386578
//my_stock/media/theme/uxicons/xhdpi/com.coloros.note/recfg.png 386579-386580
//my_stock/media/theme/uxicons/xhdpi/com.coloros.onekeylockscreen/mat.png 386581-386583
//my_stock/media/theme/uxicons/xhdpi/com.coloros.onekeylockscreen/peb.png 386585
//my_stock/media/theme/uxicons/xhdpi/com.coloros.onekeylockscreen/recbg.png 386586-386587
//my_stock/media/theme/uxicons/xhdpi/com.coloros.onekeylockscreen/recfg.png 386589
//my_stock/media/theme/uxicons/xhdpi/com.coloros.phonemanager/mat.png 386592
//my_stock/media/theme/uxicons/xhdpi/com.coloros.phonemanager/peb.png 386594
//my_stock/media/theme/uxicons/xhdpi/com.coloros.phonemanager/recbg.png 386596-386598
//my_stock/media/theme/uxicons/xhdpi/com.coloros.phonemanager/recfg.png 386600-386601
//my_stock/media/theme/uxicons/xhdpi/com.coloros.shortcuts/mat.png 386602-386604
//my_stock/media/theme/uxicons/xhdpi/com.coloros.shortcuts/peb.png 386605
//my_stock/media/theme/uxicons/xhdpi/com.coloros.shortcuts/recbg.png 386607
//my_stock/media/theme/uxicons/xhdpi/com.coloros.shortcuts/recfg.png 386609-386610
//my_stock/media/theme/uxicons/xhdpi/com.coloros.soundrecorder/mat.png 386612-386613
//my_stock/media/theme/uxicons/xhdpi/com.coloros.soundrecorder/peb.png 386615
//my_stock/media/theme/uxicons/xhdpi/com.coloros.soundrecorder/recbg.png 386616
//my_stock/media/theme/uxicons/xhdpi/com.coloros.video/mat.png 386619-386621
//my_stock/media/theme/uxicons/xhdpi/com.coloros.video/peb.png 386623
//my_stock/media/theme/uxicons/xhdpi/com.coloros.video/recbg.png 386624-386626
//my_stock/media/theme/uxicons/xhdpi/com.coloros.video/recfg.png 386628
//my_stock/media/theme/uxicons/xhdpi/com.coloros.weather2/mat.png 386630-386632
//my_stock/media/theme/uxicons/xhdpi/com.coloros.weather2/peb.png 386633
//my_stock/media/theme/uxicons/xhdpi/com.coloros.weather2/recbg.png 386634-386636
//my_stock/media/theme/uxicons/xhdpi/com.coloros.weather2/recfg.png 386637-386639
//my_stock/media/theme/uxicons/xhdpi/com.eg.android.AlipayGphone/art_off.png 386640
//my_stock/media/theme/uxicons/xhdpi/com.finshell.wallet/mat.png 386643-386644
//my_stock/media/theme/uxicons/xhdpi/com.finshell.wallet/peb.png 386646
//my_stock/media/theme/uxicons/xhdpi/com.finshell.wallet/recbg.png 386647
//my_stock/media/theme/uxicons/xhdpi/com.finshell.wallet/recfg.png 386649-386650
//my_stock/media/theme/uxicons/xhdpi/com.heytap.book/mat.png 386652-386654
//my_stock/media/theme/uxicons/xhdpi/com.heytap.book/recbg.png 386656-386657
//my_stock/media/theme/uxicons/xhdpi/com.heytap.book/recfg.png 386658
//my_stock/media/theme/uxicons/xhdpi/com.heytap.browser/mat.png 386660-386662
//my_stock/media/theme/uxicons/xhdpi/com.heytap.browser/peb.png 386663
//my_stock/media/theme/uxicons/xhdpi/com.heytap.browser/recbg.png 386665
//my_stock/media/theme/uxicons/xhdpi/com.heytap.browser/recfg.png 386667-386668
//my_stock/media/theme/uxicons/xhdpi/com.heytap.cloud/mat.png 386670-386672
//my_stock/media/theme/uxicons/xhdpi/com.heytap.cloud/peb.png 386673
//my_stock/media/theme/uxicons/xhdpi/com.heytap.cloud/recbg.png 386674-386675
//my_stock/media/theme/uxicons/xhdpi/com.heytap.cloud/recfg.png 386677
//my_stock/media/theme/uxicons/xhdpi/com.heytap.health/mat.png 386678-386679
//my_stock/media/theme/uxicons/xhdpi/com.heytap.health/peb.png 386681
//my_stock/media/theme/uxicons/xhdpi/com.heytap.health/recbg.png 386682
//my_stock/media/theme/uxicons/xhdpi/com.heytap.health/recfg.png 386684-386685
//my_stock/media/theme/uxicons/xhdpi/com.heytap.lock/mat.png 386687-386689
//my_stock/media/theme/uxicons/xhdpi/com.heytap.lock/peb.png 386691
//my_stock/media/theme/uxicons/xhdpi/com.heytap.lock/recbg.png 386693-386694
//my_stock/media/theme/uxicons/xhdpi/com.heytap.lock/recfg.png 386696
//my_stock/media/theme/uxicons/xhdpi/com.heytap.market/mat.png 386698-386699
//my_stock/media/theme/uxicons/xhdpi/com.heytap.market/peb.png 386701
//my_stock/media/theme/uxicons/xhdpi/com.heytap.market/recbg.png 386702-386704
//my_stock/media/theme/uxicons/xhdpi/com.heytap.market/recfg.png 386706-386707
//my_stock/media/theme/uxicons/xhdpi/com.heytap.music/mat.png 386708-386710
//my_stock/media/theme/uxicons/xhdpi/com.heytap.music/peb.png 386711
//my_stock/media/theme/uxicons/xhdpi/com.heytap.music/recbg.png 386713-386714
//my_stock/media/theme/uxicons/xhdpi/com.heytap.music/recfg.png 386716
//my_stock/media/theme/uxicons/xhdpi/com.heytap.quicksearchbox/mat.png 386718-386719
//my_stock/media/theme/uxicons/xhdpi/com.heytap.quicksearchbox/peb.png 386720
//my_stock/media/theme/uxicons/xhdpi/com.heytap.quicksearchbox/recbg.png 386722
//my_stock/media/theme/uxicons/xhdpi/com.heytap.quicksearchbox/recfg.png 386724
//my_stock/media/theme/uxicons/xhdpi/com.heytap.reader/mat.png 386726-386727
//my_stock/media/theme/uxicons/xhdpi/com.heytap.reader/peb.png 386729
//my_stock/media/theme/uxicons/xhdpi/com.heytap.reader/recbg.png 386730-386732
//my_stock/media/theme/uxicons/xhdpi/com.heytap.reader/recfg.png 386733
//my_stock/media/theme/uxicons/xhdpi/com.heytap.smarthome/mat.png 386735-386737
//my_stock/media/theme/uxicons/xhdpi/com.heytap.smarthome/peb.png 386738
//my_stock/media/theme/uxicons/xhdpi/com.heytap.smarthome/recbg.png 386739-386741
//my_stock/media/theme/uxicons/xhdpi/com.heytap.smarthome/recfg.png 386742
//my_stock/media/theme/uxicons/xhdpi/com.heytap.themestore/mat.png 386744-386747
//my_stock/media/theme/uxicons/xhdpi/com.heytap.themestore/peb.png 386748
//my_stock/media/theme/uxicons/xhdpi/com.heytap.themestore/recbg.png 386750-386752
//my_stock/media/theme/uxicons/xhdpi/com.heytap.themestore/recfg.png 386754-386755
//my_stock/media/theme/uxicons/xhdpi/com.heytap.yoli/mat.png 386756-386758
//my_stock/media/theme/uxicons/xhdpi/com.heytap.yoli/peb.png 386760
//my_stock/media/theme/uxicons/xhdpi/com.heytap.yoli/recbg.png 386761-386763
//my_stock/media/theme/uxicons/xhdpi/com.heytap.yoli/recfg.png 386765
//my_stock/media/theme/uxicons/xhdpi/com.jingdong.app.mall/art_off.png 386767-386770
//my_stock/media/theme/uxicons/xhdpi/com.nearme.gamecenter/mat.png 386781
//my_stock/media/theme/uxicons/xhdpi/com.nearme.gamecenter/peb.png 386783
//my_stock/media/theme/uxicons/xhdpi/com.nearme.gamecenter/recbg.png 386784
//my_stock/media/theme/uxicons/xhdpi/com.nearme.gamecenter/recfg.png 386786-386787
//my_stock/media/theme/uxicons/xhdpi/com.nearme.instant.platform/mat.png 386789-386790
//my_stock/media/theme/uxicons/xhdpi/com.nearme.instant.platform/peb.png 386792
//my_stock/media/theme/uxicons/xhdpi/com.nearme.instant.platform/recbg.png 386793
//my_stock/media/theme/uxicons/xhdpi/com.nearme.instant.platform/recfg.png 386795
//my_stock/media/theme/uxicons/xhdpi/com.oneplus.brickmode/mat.png 386798-386799
//my_stock/media/theme/uxicons/xhdpi/com.oneplus.brickmode/peb.png 386801
//my_stock/media/theme/uxicons/xhdpi/com.oneplus.brickmode/recbg.png 386802
//my_stock/media/theme/uxicons/xhdpi/com.oneplus.brickmode/recfg.png 386804-386805
//my_stock/media/theme/uxicons/xhdpi/com.oplus.camera/mat.png 386806-386807
//my_stock/media/theme/uxicons/xhdpi/com.oplus.camera/peb.png 386809
//my_stock/media/theme/uxicons/xhdpi/com.oplus.camera/recbg.png 386811-386813
//my_stock/media/theme/uxicons/xhdpi/com.oplus.camera/recfg.png 386814-386815
//my_stock/media/theme/uxicons/xhdpi/com.oplus.consumerIRApp/mat.png 386817
//my_stock/media/theme/uxicons/xhdpi/com.oplus.consumerIRApp/recbg.png 386821-386823
//my_stock/media/theme/uxicons/xhdpi/com.oplus.consumerIRApp/recfg.png 386824
//my_stock/media/theme/uxicons/xhdpi/com.oplus.logkit/recfg.png 386826
//my_stock/media/theme/uxicons/xhdpi/com.oplus.member/recbg.png 386828-386829
//my_stock/media/theme/uxicons/xhdpi/com.oplus.member/recfg.png 386830
//my_stock/media/theme/uxicons/xhdpi/com.oplus.play/mat.png 386831
//my_stock/media/theme/uxicons/xhdpi/com.oplus.play/peb.png 386832
//my_stock/media/theme/uxicons/xhdpi/com.oplus.play/recbg.png 386834
//my_stock/media/theme/uxicons/xhdpi/com.oplus.play/recfg.png 386836
//my_stock/media/theme/uxicons/xhdpi/com.oplus.simcard/mat.png 386838-386839
//my_stock/media/theme/uxicons/xhdpi/com.oplus.simcard/recbg.png 386842-386843
//my_stock/media/theme/uxicons/xhdpi/com.oplus.simcard/recfg.png 386844
//my_stock/media/theme/uxicons/xhdpi/com.oplus.themestore/mat.png 386846-386849
//my_stock/media/theme/uxicons/xhdpi/com.oplus.themestore/peb.png 386850
//my_stock/media/theme/uxicons/xhdpi/com.oplus.themestore/recbg.png 386851-386853
//my_stock/media/theme/uxicons/xhdpi/com.oplus.themestore/recfg.png 386855-386856
//my_stock/media/theme/uxicons/xhdpi/com.oplus.vip/mat.png 386858-386859
//my_stock/media/theme/uxicons/xhdpi/com.oplus.vip/peb.png 386860
//my_stock/media/theme/uxicons/xhdpi/com.oplus.vip/recbg.png 386861-386863
//my_stock/media/theme/uxicons/xhdpi/com.oplus.vip/recfg.png 386864
//my_stock/media/theme/uxicons/xhdpi/com.oppo.camera/mat.png 386865-386866
//my_stock/media/theme/uxicons/xhdpi/com.oppo.camera/peb.png 386868
//my_stock/media/theme/uxicons/xhdpi/com.oppo.camera/recbg.png 386870-386872
//my_stock/media/theme/uxicons/xhdpi/com.oppo.camera/recfg.png 386873-386874
//my_stock/media/theme/uxicons/xhdpi/com.oppo.community/mat.png 386876-386878 386879
//my_stock/media/theme/uxicons/xhdpi/com.oppo.community/peb.png 386880
//my_stock/media/theme/uxicons/xhdpi/com.oppo.community/recbg.png 386882-386884
//my_stock/media/theme/uxicons/xhdpi/com.oppo.community/recfg.png 386886-386888
//my_stock/media/theme/uxicons/xhdpi/com.oppo.store/peb.png 386892
//my_stock/media/theme/uxicons/xhdpi/com.qiyi.video/mat.png 386894
//my_stock/media/theme/uxicons/xhdpi/com.sina.weibo/art_off.png 386899-386900
//my_stock/media/theme/uxicons/xhdpi/com.sina.weibo/mat.png 386902
//my_stock/media/theme/uxicons/xhdpi/com.sohu.inputmethod.sogou/mat.png 386909
//my_stock/media/theme/uxicons/xhdpi/com.sohu.inputmethod.sogouoem/mat.png 386912
//my_stock/media/theme/uxicons/xhdpi/com.ss.android.article.news/art_off.png 386915-386917
//my_stock/media/theme/uxicons/xhdpi/com.ss.android.article.news/mat.png 386918
//my_stock/media/theme/uxicons/xhdpi/com.ss.android.ugc.aweme/mat.png 386922
//my_stock/media/theme/uxicons/xhdpi/com.ss.android.ugc.live/mat.png 386925
//my_stock/media/theme/uxicons/xhdpi/com.taobao.taobao/art_off.png 386929-386933
//my_stock/media/theme/uxicons/xhdpi/com.tencent.mobileqq/mat.png 386941
//my_stock/media/theme/uxicons/xhdpi/com.tencent.mobileqq/recfg.png 386943
//my_stock/media/theme/uxicons/xhdpi/com.tencent.mtt/mat.png 386945
//my_stock/media/theme/uxicons/xhdpi/com.tencent.news/mat.png 386947
//my_stock/media/theme/uxicons/xhdpi/com.tencent.news/recfg.png 386949
//my_stock/media/theme/uxicons/xhdpi/com.tencent.qqlive/mat.png 386952
//my_stock/media/theme/uxicons/xhdpi/com.tencent.reading/mat.png 386954
//my_stock/media/theme/uxicons/xhdpi/com.wuba/mat.png 386957
//my_stock/media/theme/uxicons/xhdpi/com.ximalaya.ting.android/mat.png 386959
//my_stock/media/theme/uxicons/xhdpi/com.xunmeng.pinduoduo/mat.png 386963
//my_stock/media/theme/uxicons/xhdpi/com.youku.phone/mat.png 386966
//my_stock/media/theme/uxicons/xhdpi/ctrip.android.view/mat.png 386969
//my_stock/media/theme/uxicons/xhdpi/icons-meterial 386971-386972
//my_stock/media/theme/uxicons/xhdpi/icons-pebble 386973-386974
//my_stock/media/theme/uxicons/xhdpi/icons-rectangle 386975-386978
//my_stock/media/theme/uxicons/xxhdpi/cn.wps.moffice_eng/mat.png 386984
//my_stock/media/theme/uxicons/xxhdpi/com.Qunar/mat.png 386992
//my_stock/media/theme/uxicons/xxhdpi/com.UCMobile/mat.png 386995-386996
//my_stock/media/theme/uxicons/xxhdpi/com.android.contacts/dialer_mat.png 387002-387005
//my_stock/media/theme/uxicons/xxhdpi/com.android.contacts/dialer_peb.png 387007-387008
//my_stock/media/theme/uxicons/xxhdpi/com.android.contacts/dialer_recbg.png 387009-387016
//my_stock/media/theme/uxicons/xxhdpi/com.android.contacts/dialer_recfg.png 387017-387019
//my_stock/media/theme/uxicons/xxhdpi/com.android.contacts/mat.png 387021-387027
//my_stock/media/theme/uxicons/xxhdpi/com.android.contacts/peb.png 387028-387029
//my_stock/media/theme/uxicons/xxhdpi/com.android.contacts/recbg.png 387030-387037
//my_stock/media/theme/uxicons/xxhdpi/com.android.contacts/recfg.png 387038-387041
//my_stock/media/theme/uxicons/xxhdpi/com.android.email/mat.png 387042-387043
//my_stock/media/theme/uxicons/xxhdpi/com.android.email/peb.png 387044
//my_stock/media/theme/uxicons/xxhdpi/com.android.email/recbg.png 387046-387048
//my_stock/media/theme/uxicons/xxhdpi/com.android.email/recfg.png 387049-387051
//my_stock/media/theme/uxicons/xxhdpi/com.android.fmradio/mat.png 387053-387057
//my_stock/media/theme/uxicons/xxhdpi/com.android.fmradio/peb.png 387059-387060
//my_stock/media/theme/uxicons/xxhdpi/com.android.fmradio/recbg.png 387061-387067
//my_stock/media/theme/uxicons/xxhdpi/com.android.fmradio/recfg.png 387068-387069
//my_stock/media/theme/uxicons/xxhdpi/com.android.launcher/mat.png 387071-387075
//my_stock/media/theme/uxicons/xxhdpi/com.android.launcher/peb.png 387077-387082
//my_stock/media/theme/uxicons/xxhdpi/com.android.launcher/recbg.png 387084-387086
//my_stock/media/theme/uxicons/xxhdpi/com.android.mms/mat.png 387087-387091
//my_stock/media/theme/uxicons/xxhdpi/com.android.mms/peb.png 387092-387093
//my_stock/media/theme/uxicons/xxhdpi/com.android.mms/recbg.png 387094-387101
//my_stock/media/theme/uxicons/xxhdpi/com.android.mms/recfg.png 387102-387104
//my_stock/media/theme/uxicons/xxhdpi/com.android.settings/mat.png 387106-387109
//my_stock/media/theme/uxicons/xxhdpi/com.android.settings/peb.png 387111 387112
//my_stock/media/theme/uxicons/xxhdpi/com.android.settings/recbg.png 387113-387115
//my_stock/media/theme/uxicons/xxhdpi/com.android.settings/recfg.png 387116-387119
//my_stock/media/theme/uxicons/xxhdpi/com.android.stk/mat.png 387120-387123
//my_stock/media/theme/uxicons/xxhdpi/com.android.stk/peb.png 387124
//my_stock/media/theme/uxicons/xxhdpi/com.android.stk/recbg.png 387126-387131
//my_stock/media/theme/uxicons/xxhdpi/com.android.stk/recfg.png 387133-387135
//my_stock/media/theme/uxicons/xxhdpi/com.autonavi.minimap/mat.png 387137
//my_stock/media/theme/uxicons/xxhdpi/com.autonavi.minimap/recfg.png 387139
//my_stock/media/theme/uxicons/xxhdpi/com.baidu.BaiduMap/art_off.png 387140-387145
//my_stock/media/theme/uxicons/xxhdpi/com.baidu.BaiduMap/mat.png 387146
//my_stock/media/theme/uxicons/xxhdpi/com.baidu.haokan/mat.png 387149
//my_stock/media/theme/uxicons/xxhdpi/com.baidu.haokan/recfg.png 387151
//my_stock/media/theme/uxicons/xxhdpi/com.baidu.netdisk/share_lightnin.png 387153-387154
//my_stock/media/theme/uxicons/xxhdpi/com.baidu.searchbox/mat.png 387156
//my_stock/media/theme/uxicons/xxhdpi/com.baidu.searchbox/recfg.png 387158
//my_stock/media/theme/uxicons/xxhdpi/com.caf.fmradio/mat.png 387159-387163
//my_stock/media/theme/uxicons/xxhdpi/com.caf.fmradio/peb.png 387165-387166
//my_stock/media/theme/uxicons/xxhdpi/com.caf.fmradio/recbg.png 387167-387173
//my_stock/media/theme/uxicons/xxhdpi/com.caf.fmradio/recfg.png 387174-387175
//my_stock/media/theme/uxicons/xxhdpi/com.coloros.alarmclock/mat.png 387177-387181
//my_stock/media/theme/uxicons/xxhdpi/com.coloros.alarmclock/peb.png 387182
//my_stock/media/theme/uxicons/xxhdpi/com.coloros.alarmclock/recbg.png 387184-387186
//my_stock/media/theme/uxicons/xxhdpi/com.coloros.aruler/peb.png 387190
//my_stock/media/theme/uxicons/xxhdpi/com.coloros.backuprestore/mat.png 387191-387196
//my_stock/media/theme/uxicons/xxhdpi/com.coloros.backuprestore/peb.png 387198
//my_stock/media/theme/uxicons/xxhdpi/com.coloros.backuprestore/recbg.png 387200-387202
//my_stock/media/theme/uxicons/xxhdpi/com.coloros.backuprestore/recfg.png 387204-387208
//my_stock/media/theme/uxicons/xxhdpi/com.coloros.bbs/mat.png 387210
//my_stock/media/theme/uxicons/xxhdpi/com.coloros.bbs/peb.png 387211
//my_stock/media/theme/uxicons/xxhdpi/com.coloros.calculator/mat.png 387213-387214
//my_stock/media/theme/uxicons/xxhdpi/com.coloros.calculator/peb.png 387215
//my_stock/media/theme/uxicons/xxhdpi/com.coloros.calculator/recbg.png 387217-387219
//my_stock/media/theme/uxicons/xxhdpi/com.coloros.calculator/recfg.png 387221-387223
//my_stock/media/theme/uxicons/xxhdpi/com.coloros.calendar/mat.png 387224-387228
//my_stock/media/theme/uxicons/xxhdpi/com.coloros.calendar/peb.png 387229
//my_stock/media/theme/uxicons/xxhdpi/com.coloros.calendar/recbg.png 387231
//my_stock/media/theme/uxicons/xxhdpi/com.coloros.calendar/recfg.png 387232
//my_stock/media/theme/uxicons/xxhdpi/com.coloros.compass2/mat.png 387233-387239
//my_stock/media/theme/uxicons/xxhdpi/com.coloros.compass2/peb.png 387241-387242
//my_stock/media/theme/uxicons/xxhdpi/com.coloros.compass2/recbg.png 387243-387249
//my_stock/media/theme/uxicons/xxhdpi/com.coloros.compass2/recfg.png 387250-387252
//my_stock/media/theme/uxicons/xxhdpi/com.coloros.encryptiont/com.coloros.familyguard/mat.png 387253-387258
//my_stock/media/theme/uxicons/xxhdpi/com.coloros.encryptiont/com.coloros.familyguard/peb.png 387260-387261
//my_stock/media/theme/uxicons/xxhdpi/com.coloros.encryptiont/com.coloros.familyguard/recbg.png 387262-387269
//my_stock/media/theme/uxicons/xxhdpi/com.coloros.encryptiont/com.coloros.familyguard/recfg.png 387270-387275
//my_stock/media/theme/uxicons/xxhdpi/com.coloros.familyguard/mat.png 387279-387284
//my_stock/media/theme/uxicons/xxhdpi/com.coloros.familyguard/peb.png 387286-387287
//my_stock/media/theme/uxicons/xxhdpi/com.coloros.familyguard/recbg.png 387288-387295
//my_stock/media/theme/uxicons/xxhdpi/com.coloros.familyguard/recfg.png 387297-387302
//my_stock/media/theme/uxicons/xxhdpi/com.coloros.filemanager/mat.png 387303-387308
//my_stock/media/theme/uxicons/xxhdpi/com.coloros.filemanager/peb.png 387309
//my_stock/media/theme/uxicons/xxhdpi/com.coloros.filemanager/recbg.png 387311-387313
//my_stock/media/theme/uxicons/xxhdpi/com.coloros.filemanager/recfg.png 387315-387318
//my_stock/media/theme/uxicons/xxhdpi/com.coloros.findmyphone/mat.png 387320-387324
//my_stock/media/theme/uxicons/xxhdpi/com.coloros.findmyphone/peb.png 387327-387328
//my_stock/media/theme/uxicons/xxhdpi/com.coloros.findmyphone/recbg.png 387330-387336
//my_stock/media/theme/uxicons/xxhdpi/com.coloros.findmyphone/recfg.png 387337-387342
//my_stock/media/theme/uxicons/xxhdpi/com.coloros.findphone.client2/mat.png 387344-387348
//my_stock/media/theme/uxicons/xxhdpi/com.coloros.findphone.client2/peb.png 387350-387351
//my_stock/media/theme/uxicons/xxhdpi/com.coloros.findphone.client2/recbg.png 387353-387359
//my_stock/media/theme/uxicons/xxhdpi/com.coloros.findphone.client2/recfg.png 387361-387366
//my_stock/media/theme/uxicons/xxhdpi/com.coloros.gallery3d/mat.png 387368-387372
//my_stock/media/theme/uxicons/xxhdpi/com.coloros.gallery3d/peb.png 387374-387375
//my_stock/media/theme/uxicons/xxhdpi/com.coloros.gallery3d/recbg.png 387376-387382
//my_stock/media/theme/uxicons/xxhdpi/com.coloros.gallery3d/recfg.png 387383-387386
//my_stock/media/theme/uxicons/xxhdpi/com.coloros.gamespaceui/peb.png 387388
//my_stock/media/theme/uxicons/xxhdpi/com.coloros.gamespaceui/recfg.png 387390-387392
//my_stock/media/theme/uxicons/xxhdpi/com.coloros.musiclink/mat.png 387394-387395
//my_stock/media/theme/uxicons/xxhdpi/com.coloros.musiclink/peb.png 387396
//my_stock/media/theme/uxicons/xxhdpi/com.coloros.musiclink/recbg.png 387398-387405
//my_stock/media/theme/uxicons/xxhdpi/com.coloros.musiclink/recfg.png 387406-387408
//my_stock/media/theme/uxicons/xxhdpi/com.coloros.note/mat.png 387410-387413
//my_stock/media/theme/uxicons/xxhdpi/com.coloros.note/peb.png 387415
//my_stock/media/theme/uxicons/xxhdpi/com.coloros.note/recbg.png 387417-387422
//my_stock/media/theme/uxicons/xxhdpi/com.coloros.note/recfg.png 387423-387426
//my_stock/media/theme/uxicons/xxhdpi/com.coloros.onekeylockscreen/mat.png 387427-387433
//my_stock/media/theme/uxicons/xxhdpi/com.coloros.onekeylockscreen/peb.png 387434
//my_stock/media/theme/uxicons/xxhdpi/com.coloros.onekeylockscreen/recbg.png 387436-387441
//my_stock/media/theme/uxicons/xxhdpi/com.coloros.onekeylockscreen/recfg.png 387443-387445
//my_stock/media/theme/uxicons/xxhdpi/com.coloros.operationtips/peb.png 387448
//my_stock/media/theme/uxicons/xxhdpi/com.coloros.phonemanager/mat.png 387449-387450
//my_stock/media/theme/uxicons/xxhdpi/com.coloros.phonemanager/peb.png 387451-387452
//my_stock/media/theme/uxicons/xxhdpi/com.coloros.phonemanager/recbg.png 387454-387461
//my_stock/media/theme/uxicons/xxhdpi/com.coloros.phonemanager/recfg.png 387462-387465
//my_stock/media/theme/uxicons/xxhdpi/com.coloros.shortcuts/mat.png 387466-387470
//my_stock/media/theme/uxicons/xxhdpi/com.coloros.shortcuts/peb.png 387473-387474
//my_stock/media/theme/uxicons/xxhdpi/com.coloros.shortcuts/recbg.png 387475-387477
//my_stock/media/theme/uxicons/xxhdpi/com.coloros.shortcuts/recfg.png 387479-387482
//my_stock/media/theme/uxicons/xxhdpi/com.coloros.soundrecorder/mat.png 387484-387487
//my_stock/media/theme/uxicons/xxhdpi/com.coloros.soundrecorder/peb.png 387488
//my_stock/media/theme/uxicons/xxhdpi/com.coloros.soundrecorder/recbg.png 387490-387492
//my_stock/media/theme/uxicons/xxhdpi/com.coloros.soundrecorder/recfg.png 387494
//my_stock/media/theme/uxicons/xxhdpi/com.coloros.video/mat.png 387495-387501
//my_stock/media/theme/uxicons/xxhdpi/com.coloros.video/peb.png 387503
//my_stock/media/theme/uxicons/xxhdpi/com.coloros.video/recbg.png 387505-387511
//my_stock/media/theme/uxicons/xxhdpi/com.coloros.video/recfg.png 387512-387513
//my_stock/media/theme/uxicons/xxhdpi/com.coloros.weather2/mat.png 387516-387520
//my_stock/media/theme/uxicons/xxhdpi/com.coloros.weather2/peb.png 387522
//my_stock/media/theme/uxicons/xxhdpi/com.coloros.weather2/recbg.png 387524-387530
//my_stock/media/theme/uxicons/xxhdpi/com.coloros.weather2/recfg.png 387531-387535
//my_stock/media/theme/uxicons/xxhdpi/com.eg.android.AlipayGphone/art_off.png 387536-387538
//my_stock/media/theme/uxicons/xxhdpi/com.finshell.wallet/mat.png 387541-387545
//my_stock/media/theme/uxicons/xxhdpi/com.finshell.wallet/peb.png 387546 387547
//my_stock/media/theme/uxicons/xxhdpi/com.finshell.wallet/recbg.png 387548-387550
//my_stock/media/theme/uxicons/xxhdpi/com.finshell.wallet/recfg.png 387552-387555
//my_stock/media/theme/uxicons/xxhdpi/com.heytap.book/mat.png 387557-387562
//my_stock/media/theme/uxicons/xxhdpi/com.heytap.book/peb.png 387564
//my_stock/media/theme/uxicons/xxhdpi/com.heytap.book/recbg.png 387565-387568
//my_stock/media/theme/uxicons/xxhdpi/com.heytap.book/recfg.png 387570-387572
//my_stock/media/theme/uxicons/xxhdpi/com.heytap.browser/mat.png 387574-387579
//my_stock/media/theme/uxicons/xxhdpi/com.heytap.browser/peb.png 387580-387581
//my_stock/media/theme/uxicons/xxhdpi/com.heytap.browser/recbg.png 387583-387585
//my_stock/media/theme/uxicons/xxhdpi/com.heytap.browser/recfg.png 387587-387590
//my_stock/media/theme/uxicons/xxhdpi/com.heytap.cloud/mat.png 387592-387597
//my_stock/media/theme/uxicons/xxhdpi/com.heytap.cloud/peb.png 387598 387599
//my_stock/media/theme/uxicons/xxhdpi/com.heytap.cloud/recbg.png 387600-387605
//my_stock/media/theme/uxicons/xxhdpi/com.heytap.cloud/recfg.png 387606-387607
//my_stock/media/theme/uxicons/xxhdpi/com.heytap.health/mat.png 387608-387612
//my_stock/media/theme/uxicons/xxhdpi/com.heytap.health/peb.png 387614-387615
//my_stock/media/theme/uxicons/xxhdpi/com.heytap.health/recbg.png 387616-387618
//my_stock/media/theme/uxicons/xxhdpi/com.heytap.health/recfg.png 387620-387623
//my_stock/media/theme/uxicons/xxhdpi/com.heytap.lock/mat.png 387625-387631
//my_stock/media/theme/uxicons/xxhdpi/com.heytap.lock/peb.png 387632
//my_stock/media/theme/uxicons/xxhdpi/com.heytap.lock/recbg.png 387634-387639
//my_stock/media/theme/uxicons/xxhdpi/com.heytap.lock/recfg.png 387641-387643
//my_stock/media/theme/uxicons/xxhdpi/com.heytap.market/mat.png 387644-387648
//my_stock/media/theme/uxicons/xxhdpi/com.heytap.market/peb.png 387650
//my_stock/media/theme/uxicons/xxhdpi/com.heytap.market/recbg.png 387652-387659
//my_stock/media/theme/uxicons/xxhdpi/com.heytap.market/recfg.png 387660-387662
//my_stock/media/theme/uxicons/xxhdpi/com.heytap.music/mat.png 387664-387668
//my_stock/media/theme/uxicons/xxhdpi/com.heytap.music/peb.png 387670-387671
//my_stock/media/theme/uxicons/xxhdpi/com.heytap.music/recbg.png 387672-387676
//my_stock/media/theme/uxicons/xxhdpi/com.heytap.music/recfg.png 387678-387680
//my_stock/media/theme/uxicons/xxhdpi/com.heytap.quicksearchbox/mat.png 387681-387684
//my_stock/media/theme/uxicons/xxhdpi/com.heytap.quicksearchbox/peb.png 387686-387687
//my_stock/media/theme/uxicons/xxhdpi/com.heytap.quicksearchbox/recbg.png 387688-387690
//my_stock/media/theme/uxicons/xxhdpi/com.heytap.quicksearchbox/recfg.png 387691-387692
//my_stock/media/theme/uxicons/xxhdpi/com.heytap.reader/mat.png 387694-387698
//my_stock/media/theme/uxicons/xxhdpi/com.heytap.reader/peb.png 387699
//my_stock/media/theme/uxicons/xxhdpi/com.heytap.reader/recbg.png 387701-387706
//my_stock/media/theme/uxicons/xxhdpi/com.heytap.reader/recfg.png 387708-387709
//my_stock/media/theme/uxicons/xxhdpi/com.heytap.smarthome/mat.png 387710-387715
//my_stock/media/theme/uxicons/xxhdpi/com.heytap.smarthome/peb.png 387717-387718
//my_stock/media/theme/uxicons/xxhdpi/com.heytap.smarthome/recbg.png 387719-387725
//my_stock/media/theme/uxicons/xxhdpi/com.heytap.smarthome/recfg.png 387726-387728
//my_stock/media/theme/uxicons/xxhdpi/com.heytap.themestore/mat.png 387729-387735
//my_stock/media/theme/uxicons/xxhdpi/com.heytap.themestore/peb.png 387737-387738
//my_stock/media/theme/uxicons/xxhdpi/com.heytap.themestore/recbg.png 387739-387745
//my_stock/media/theme/uxicons/xxhdpi/com.heytap.themestore/recfg.png 387746-387749
//my_stock/media/theme/uxicons/xxhdpi/com.heytap.yoli/mat.png 387750-387756
//my_stock/media/theme/uxicons/xxhdpi/com.heytap.yoli/peb.png 387758
//my_stock/media/theme/uxicons/xxhdpi/com.heytap.yoli/recbg.png 387760-387766
//my_stock/media/theme/uxicons/xxhdpi/com.heytap.yoli/recfg.png 387768-387769
//my_stock/media/theme/uxicons/xxhdpi/com.jingdong.app.mall/art_off.png 387772-387775
//my_stock/media/theme/uxicons/xxhdpi/com.jingdong.app.mall/mat.png 387777
//my_stock/media/theme/uxicons/xxhdpi/com.microsoft.office.outlook/mat.png 387781
//my_stock/media/theme/uxicons/xxhdpi/com.nearme.gamecenter/mat.png 387789-387790
//my_stock/media/theme/uxicons/xxhdpi/com.nearme.gamecenter/peb.png 387792
//my_stock/media/theme/uxicons/xxhdpi/com.nearme.gamecenter/recbg.png 387794-387796
//my_stock/media/theme/uxicons/xxhdpi/com.nearme.gamecenter/recfg.png 387798-387801
//my_stock/media/theme/uxicons/xxhdpi/com.nearme.instant.platform/mat.png 387803-387806
//my_stock/media/theme/uxicons/xxhdpi/com.nearme.instant.platform/peb.png 387808
//my_stock/media/theme/uxicons/xxhdpi/com.nearme.instant.platform/recbg.png 387810-387812
//my_stock/media/theme/uxicons/xxhdpi/com.nearme.instant.platform/recfg.png 387813-387814
//my_stock/media/theme/uxicons/xxhdpi/com.oneplus.brickmode/mat.png 387817-387820
//my_stock/media/theme/uxicons/xxhdpi/com.oneplus.brickmode/peb.png 387823
//my_stock/media/theme/uxicons/xxhdpi/com.oneplus.brickmode/recbg.png 387825-387826
//my_stock/media/theme/uxicons/xxhdpi/com.oneplus.brickmode/recfg.png 387828-387830
//my_stock/media/theme/uxicons/xxhdpi/com.oplus.camera/mat.png 387832-387835
//my_stock/media/theme/uxicons/xxhdpi/com.oplus.camera/peb.png 387837-387838
//my_stock/media/theme/uxicons/xxhdpi/com.oplus.camera/recbg.png 387840-387846
//my_stock/media/theme/uxicons/xxhdpi/com.oplus.camera/recfg.png 387847-387851
//my_stock/media/theme/uxicons/xxhdpi/com.oplus.consumerIRApp/mat.png 387852-387854
//my_stock/media/theme/uxicons/xxhdpi/com.oplus.consumerIRApp/monochrome.png 387856
//my_stock/media/theme/uxicons/xxhdpi/com.oplus.consumerIRApp/peb.png 387857
//my_stock/media/theme/uxicons/xxhdpi/com.oplus.consumerIRApp/recbg.png 387858-387864
//my_stock/media/theme/uxicons/xxhdpi/com.oplus.consumerIRApp/recfg.png 387865-387867
//my_stock/media/theme/uxicons/xxhdpi/com.oplus.logkit/recfg.png 387868-387869
//my_stock/media/theme/uxicons/xxhdpi/com.oplus.member/recbg.png 387871-387874 387875
//my_stock/media/theme/uxicons/xxhdpi/com.oplus.member/recfg.png 387876
//my_stock/media/theme/uxicons/xxhdpi/com.oplus.play/mat.png 387878-387879
//my_stock/media/theme/uxicons/xxhdpi/com.oplus.play/peb.png 387880-387881
//my_stock/media/theme/uxicons/xxhdpi/com.oplus.play/recbg.png 387883-387885
//my_stock/media/theme/uxicons/xxhdpi/com.oplus.play/recfg.png 387887-387888
//my_stock/media/theme/uxicons/xxhdpi/com.oplus.simcard/mat.png 387889-387893
//my_stock/media/theme/uxicons/xxhdpi/com.oplus.simcard/peb.png 387894
//my_stock/media/theme/uxicons/xxhdpi/com.oplus.simcard/recbg.png 387895-387898
//my_stock/media/theme/uxicons/xxhdpi/com.oplus.simcard/recfg.png 387900-387902
//my_stock/media/theme/uxicons/xxhdpi/com.oplus.themestore/mat.png 387904-387910
//my_stock/media/theme/uxicons/xxhdpi/com.oplus.themestore/peb.png 387911-387912
//my_stock/media/theme/uxicons/xxhdpi/com.oplus.themestore/recbg.png 387913-387919
//my_stock/media/theme/uxicons/xxhdpi/com.oplus.themestore/recfg.png 387921-387924
//my_stock/media/theme/uxicons/xxhdpi/com.oplus.vip/mat.png 387925-387927
//my_stock/media/theme/uxicons/xxhdpi/com.oplus.vip/peb.png 387928-387929
//my_stock/media/theme/uxicons/xxhdpi/com.oplus.vip/recbg.png 387930-387935
//my_stock/media/theme/uxicons/xxhdpi/com.oplus.vip/recfg.png 387936-387937
//my_stock/media/theme/uxicons/xxhdpi/com.oppo.camera/mat.png 387938-387941
//my_stock/media/theme/uxicons/xxhdpi/com.oppo.camera/peb.png 387944-387945
//my_stock/media/theme/uxicons/xxhdpi/com.oppo.camera/recbg.png 387946-387952
//my_stock/media/theme/uxicons/xxhdpi/com.oppo.camera/recfg.png 387953-387957
//my_stock/media/theme/uxicons/xxhdpi/com.oppo.community/mat.png 387958-387964
//my_stock/media/theme/uxicons/xxhdpi/com.oppo.community/peb.png 387966-387967
//my_stock/media/theme/uxicons/xxhdpi/com.oppo.community/recbg.png 387968-387975
//my_stock/media/theme/uxicons/xxhdpi/com.oppo.community/recfg.png 387976-387981
//my_stock/media/theme/uxicons/xxhdpi/com.oppo.store/mat.png 387985
//my_stock/media/theme/uxicons/xxhdpi/com.oppo.store/peb.png 387987-387988
//my_stock/media/theme/uxicons/xxhdpi/com.qiyi.video/mat.png 387990-387991
//my_stock/media/theme/uxicons/xxhdpi/com.sankuai.meituan/mat.png 387994
//my_stock/media/theme/uxicons/xxhdpi/com.sdu.didi.psnger/mat.png 387996
//my_stock/media/theme/uxicons/xxhdpi/com.sina.weibo/art_off.png 387998-388000
//my_stock/media/theme/uxicons/xxhdpi/com.sina.weibo/mat.png 388002
//my_stock/media/theme/uxicons/xxhdpi/com.sina.weibo/recfg.png 388004
//my_stock/media/theme/uxicons/xxhdpi/com.sina.weibo/share_story.png 388006
//my_stock/media/theme/uxicons/xxhdpi/com.smile.gifmaker/mat.png 388007
//my_stock/media/theme/uxicons/xxhdpi/com.smile.gifmaker/recfg.png 388010
//my_stock/media/theme/uxicons/xxhdpi/com.snda.wifilocating/mat.png 388011
//my_stock/media/theme/uxicons/xxhdpi/com.sohu.inputmethod.sogou/mat.png 388013-388014
//my_stock/media/theme/uxicons/xxhdpi/com.sohu.inputmethod.sogou/recfg.png 388016
//my_stock/media/theme/uxicons/xxhdpi/com.sohu.inputmethod.sogouoem/mat.png 388018-388019
//my_stock/media/theme/uxicons/xxhdpi/com.sohu.inputmethod.sogouoem/recfg.png 388021
//my_stock/media/theme/uxicons/xxhdpi/com.ss.android.article.news/art_off.png 388023-388025
//my_stock/media/theme/uxicons/xxhdpi/com.ss.android.article.news/mat.png 388026
//my_stock/media/theme/uxicons/xxhdpi/com.ss.android.article.video/mat.png 388030
//my_stock/media/theme/uxicons/xxhdpi/com.ss.android.article.video/recfg.png 388032
//my_stock/media/theme/uxicons/xxhdpi/com.ss.android.ugc.aweme/mat.png 388033-388034
//my_stock/media/theme/uxicons/xxhdpi/com.ss.android.ugc.live/mat.png 388037
//my_stock/media/theme/uxicons/xxhdpi/com.ss.android.ugc.live/recbg.png 388039
//my_stock/media/theme/uxicons/xxhdpi/com.ss.android.ugc.live/recfg.png 388041
//my_stock/media/theme/uxicons/xxhdpi/com.taobao.taobao/art_off.png 388044-388048
//my_stock/media/theme/uxicons/xxhdpi/com.taobao.taobao/mat.png 388050
//my_stock/media/theme/uxicons/xxhdpi/com.tencent.mm/art_off.png 388052
//my_stock/media/theme/uxicons/xxhdpi/com.tencent.mm/mat.png 388053
//my_stock/media/theme/uxicons/xxhdpi/com.tencent.mm/recfg.png 388054
//my_stock/media/theme/uxicons/xxhdpi/com.tencent.mm/share_moment.png 388056
//my_stock/media/theme/uxicons/xxhdpi/com.tencent.mobileqq/art_off.png 388057
//my_stock/media/theme/uxicons/xxhdpi/com.tencent.mobileqq/mat.png 388058-388059
//my_stock/media/theme/uxicons/xxhdpi/com.tencent.mobileqq/recfg.png 388060
//my_stock/media/theme/uxicons/xxhdpi/com.tencent.mtt/mat.png 388064
//my_stock/media/theme/uxicons/xxhdpi/com.tencent.mtt/recfg.png 388066
//my_stock/media/theme/uxicons/xxhdpi/com.tencent.news/mat.png 388067-388069
//my_stock/media/theme/uxicons/xxhdpi/com.tencent.news/recfg.png 388070-388071
//my_stock/media/theme/uxicons/xxhdpi/com.tencent.qqlive/mat.png 388073
//my_stock/media/theme/uxicons/xxhdpi/com.tencent.qqlive/recfg.png 388076
//my_stock/media/theme/uxicons/xxhdpi/com.tencent.reading/mat.png 388077
//my_stock/media/theme/uxicons/xxhdpi/com.tencent.reading/recfg.png 388080
//my_stock/media/theme/uxicons/xxhdpi/com.wuba/mat.png 388082
//my_stock/media/theme/uxicons/xxhdpi/com.wuba/recfg.png 388085
//my_stock/media/theme/uxicons/xxhdpi/com.ximalaya.ting.android/mat.png 388086
//my_stock/media/theme/uxicons/xxhdpi/com.xingin.xhs/mat.png 388090
//my_stock/media/theme/uxicons/xxhdpi/com.xunmeng.pinduoduo/mat.png 388093-388094
//my_stock/media/theme/uxicons/xxhdpi/com.xunmeng.pinduoduo/recfg.png 388095
//my_stock/media/theme/uxicons/xxhdpi/com.youku.phone/mat.png 388097-388098
//my_stock/media/theme/uxicons/xxhdpi/com.youku.phone/recfg.png 388100
//my_stock/media/theme/uxicons/xxhdpi/ctrip.android.view/mat.png 388102
//my_stock/media/theme/uxicons/xxhdpi/ctrip.android.view/recfg.png 388104
//my_stock/media/theme/uxicons/xxhdpi/icons-meterial 388105-388106
//my_stock/media/theme/uxicons/xxhdpi/icons-pebble 388107-388108
//my_stock/media/theme/uxicons/xxhdpi/icons-rectangle 388109-388116
//my_stock/media/theme/uxicons/xxxhdpi/cmb.pb/mat.png 388120
//my_stock/media/theme/uxicons/xxxhdpi/cmb.pb/recfg.png 388121
//my_stock/media/theme/uxicons/xxxhdpi/cn.wps.moffice_eng/mat.png 388122-388123
//my_stock/media/theme/uxicons/xxxhdpi/cn.wps.moffice_eng/share_excel.png 388126
//my_stock/media/theme/uxicons/xxxhdpi/cn.wps.moffice_eng/share_pdf.png 388127
//my_stock/media/theme/uxicons/xxxhdpi/cn.wps.moffice_eng/share_ppt.png 388128
//my_stock/media/theme/uxicons/xxxhdpi/cn.wps.moffice_eng/share_word.png 388129
//my_stock/media/theme/uxicons/xxxhdpi/com.Qunar/mat.png 388130-388131
//my_stock/media/theme/uxicons/xxxhdpi/com.UCMobile/mat.png 388134-388135
//my_stock/media/theme/uxicons/xxxhdpi/com.android.bluetooth/share_blue.png 388141
//my_stock/media/theme/uxicons/xxxhdpi/com.android.contacts/dialer_mat.png 388142-388148
//my_stock/media/theme/uxicons/xxxhdpi/com.android.contacts/dialer_peb.png 388149-388151
//my_stock/media/theme/uxicons/xxxhdpi/com.android.contacts/dialer_recbg.png 388152-388164
//my_stock/media/theme/uxicons/xxxhdpi/com.android.contacts/dialer_recfg.png 388166-388170
//my_stock/media/theme/uxicons/xxxhdpi/com.android.contacts/mat.png 388171-388181
//my_stock/media/theme/uxicons/xxxhdpi/com.android.contacts/peb.png 388183-388184
//my_stock/media/theme/uxicons/xxxhdpi/com.android.contacts/recbg.png 388186-388198
//my_stock/media/theme/uxicons/xxxhdpi/com.android.contacts/recfg.png 388200-388205
//my_stock/media/theme/uxicons/xxxhdpi/com.android.email/mat.png 388206-388208
//my_stock/media/theme/uxicons/xxxhdpi/com.android.email/peb.png 388209-388210
//my_stock/media/theme/uxicons/xxxhdpi/com.android.email/recbg.png 388212-388215
//my_stock/media/theme/uxicons/xxxhdpi/com.android.email/recfg.png 388217-388222
//my_stock/media/theme/uxicons/xxxhdpi/com.android.fmradio/mat.png 388223-388231
//my_stock/media/theme/uxicons/xxxhdpi/com.android.fmradio/peb.png 388232-388233
//my_stock/media/theme/uxicons/xxxhdpi/com.android.fmradio/recbg.png 388235-388247
//my_stock/media/theme/uxicons/xxxhdpi/com.android.fmradio/recfg.png 388248-388250
//my_stock/media/theme/uxicons/xxxhdpi/com.android.launcher/mat.png 388252-388260
//my_stock/media/theme/uxicons/xxxhdpi/com.android.launcher/peb.png 388262-388272
//my_stock/media/theme/uxicons/xxxhdpi/com.android.launcher/recbg.png 388273-388277
//my_stock/media/theme/uxicons/xxxhdpi/com.android.mms/mat.png 388280-388287
//my_stock/media/theme/uxicons/xxxhdpi/com.android.mms/peb.png 388288-388289
//my_stock/media/theme/uxicons/xxxhdpi/com.android.mms/recbg.png 388291-388304
//my_stock/media/theme/uxicons/xxxhdpi/com.android.mms/recfg.png 388305-388310
//my_stock/media/theme/uxicons/xxxhdpi/com.android.settings/mat.png 388311-388317
//my_stock/media/theme/uxicons/xxxhdpi/com.android.settings/peb.png 388320
//my_stock/media/theme/uxicons/xxxhdpi/com.android.settings/recbg.png 388322-388330
//my_stock/media/theme/uxicons/xxxhdpi/com.android.settings/recfg.png 388331-388336
//my_stock/media/theme/uxicons/xxxhdpi/com.android.stk/mat.png 388338-388343
//my_stock/media/theme/uxicons/xxxhdpi/com.android.stk/peb.png 388345-388346
//my_stock/media/theme/uxicons/xxxhdpi/com.android.stk/recbg.png 388348-388358
//my_stock/media/theme/uxicons/xxxhdpi/com.android.stk/recfg.png 388359-388363
//my_stock/media/theme/uxicons/xxxhdpi/com.autonavi.minimap/mat.png 388365
//my_stock/media/theme/uxicons/xxxhdpi/com.autonavi.minimap/recbg.png 388366
//my_stock/media/theme/uxicons/xxxhdpi/com.autonavi.minimap/recfg.png 388367
//my_stock/media/theme/uxicons/xxxhdpi/com.baidu.BaiduMap/art_off.png 388369-388374
//my_stock/media/theme/uxicons/xxxhdpi/com.baidu.BaiduMap/mat.png 388375
//my_stock/media/theme/uxicons/xxxhdpi/com.baidu.haokan/mat.png 388379-388380
//my_stock/media/theme/uxicons/xxxhdpi/com.baidu.haokan/recfg.png 388381-388382
//my_stock/media/theme/uxicons/xxxhdpi/com.baidu.netdisk/share_lightnin.png 388384-388386
//my_stock/media/theme/uxicons/xxxhdpi/com.baidu.searchbox/mat.png 388388-388389
//my_stock/media/theme/uxicons/xxxhdpi/com.baidu.searchbox/recfg.png 388391
//my_stock/media/theme/uxicons/xxxhdpi/com.caf.fmradio/mat.png 388393-388401
//my_stock/media/theme/uxicons/xxxhdpi/com.caf.fmradio/peb.png 388402-388403
//my_stock/media/theme/uxicons/xxxhdpi/com.caf.fmradio/recbg.png 388405-388417
//my_stock/media/theme/uxicons/xxxhdpi/com.caf.fmradio/recfg.png 388418-388420
//my_stock/media/theme/uxicons/xxxhdpi/com.coloros.alarmclock/mat.png 388422-388429
//my_stock/media/theme/uxicons/xxxhdpi/com.coloros.alarmclock/peb.png 388430-388431
//my_stock/media/theme/uxicons/xxxhdpi/com.coloros.alarmclock/recbg.png 388433-388438
//my_stock/media/theme/uxicons/xxxhdpi/com.coloros.aruler/peb.png 388442
//my_stock/media/theme/uxicons/xxxhdpi/com.coloros.backuprestore/mat.png 388443-388452
//my_stock/media/theme/uxicons/xxxhdpi/com.coloros.backuprestore/peb.png 388454-388455
//my_stock/media/theme/uxicons/xxxhdpi/com.coloros.backuprestore/recbg.png 388456-388461
//my_stock/media/theme/uxicons/xxxhdpi/com.coloros.backuprestore/recfg.png 388462-388469
//my_stock/media/theme/uxicons/xxxhdpi/com.coloros.bbs/mat.png 388471
//my_stock/media/theme/uxicons/xxxhdpi/com.coloros.bbs/peb.png 388472
//my_stock/media/theme/uxicons/xxxhdpi/com.coloros.bbs/recfg.png 388474
//my_stock/media/theme/uxicons/xxxhdpi/com.coloros.calculator/mat.png 388475-388477
//my_stock/media/theme/uxicons/xxxhdpi/com.coloros.calculator/peb.png 388478-388479
//my_stock/media/theme/uxicons/xxxhdpi/com.coloros.calculator/recbg.png 388481-388486
//my_stock/media/theme/uxicons/xxxhdpi/com.coloros.calculator/recfg.png 388487-388491
//my_stock/media/theme/uxicons/xxxhdpi/com.coloros.calendar/mat.png 388493-388500
//my_stock/media/theme/uxicons/xxxhdpi/com.coloros.calendar/peb.png 388501-388502
//my_stock/media/theme/uxicons/xxxhdpi/com.coloros.calendar/recbg.png 388503-388504
//my_stock/media/theme/uxicons/xxxhdpi/com.coloros.calendar/recfg.png 388505-388506
//my_stock/media/theme/uxicons/xxxhdpi/com.coloros.compass2/mat.png 388507-388518
//my_stock/media/theme/uxicons/xxxhdpi/com.coloros.compass2/peb.png 388520-388521
//my_stock/media/theme/uxicons/xxxhdpi/com.coloros.compass2/recbg.png 388523-388534
//my_stock/media/theme/uxicons/xxxhdpi/com.coloros.compass2/recfg.png 388536-388539
//my_stock/media/theme/uxicons/xxxhdpi/com.coloros.encryptiont/peb.png 388541
//my_stock/media/theme/uxicons/xxxhdpi/com.coloros.familyguard/mat.png 388543-388552
//my_stock/media/theme/uxicons/xxxhdpi/com.coloros.familyguard/monochrome.png 388554
//my_stock/media/theme/uxicons/xxxhdpi/com.coloros.familyguard/peb.png 388555-388557
//my_stock/media/theme/uxicons/xxxhdpi/com.coloros.familyguard/recbg.png 388559-388572
//my_stock/media/theme/uxicons/xxxhdpi/com.coloros.familyguard/recfg.png 388573-388581
//my_stock/media/theme/uxicons/xxxhdpi/com.coloros.filemanager/mat.png 388583-388591
//my_stock/media/theme/uxicons/xxxhdpi/com.coloros.filemanager/peb.png 388593-388594
//my_stock/media/theme/uxicons/xxxhdpi/com.coloros.filemanager/recbg.png 388596-388601
//my_stock/media/theme/uxicons/xxxhdpi/com.coloros.filemanager/recfg.png 388602-388608
//my_stock/media/theme/uxicons/xxxhdpi/com.coloros.findmyphone/mat.png 388610-388616 388617
//my_stock/media/theme/uxicons/xxxhdpi/com.coloros.findmyphone/peb.png 388619-388621
//my_stock/media/theme/uxicons/xxxhdpi/com.coloros.findmyphone/recbg.png 388623-388634
//my_stock/media/theme/uxicons/xxxhdpi/com.coloros.findmyphone/recfg.png 388636-388645
//my_stock/media/theme/uxicons/xxxhdpi/com.coloros.findphone.client2/mat.png 388647-388653 388654
//my_stock/media/theme/uxicons/xxxhdpi/com.coloros.findphone.client2/peb.png 388656-388658
//my_stock/media/theme/uxicons/xxxhdpi/com.coloros.findphone.client2/recbg.png 388660-388671
//my_stock/media/theme/uxicons/xxxhdpi/com.coloros.findphone.client2/recfg.png 388673-388682
//my_stock/media/theme/uxicons/xxxhdpi/com.coloros.gallery3d/mat.png 388684-388691
//my_stock/media/theme/uxicons/xxxhdpi/com.coloros.gallery3d/peb.png 388693-388695
//my_stock/media/theme/uxicons/xxxhdpi/com.coloros.gallery3d/recbg.png 388696-388707
//my_stock/media/theme/uxicons/xxxhdpi/com.coloros.gallery3d/recfg.png 388709-388714
//my_stock/media/theme/uxicons/xxxhdpi/com.coloros.gamespaceui/mat.png 388715
//my_stock/media/theme/uxicons/xxxhdpi/com.coloros.gamespaceui/peb.png 388716
//my_stock/media/theme/uxicons/xxxhdpi/com.coloros.gamespaceui/recfg.png 388719-388723
//my_stock/media/theme/uxicons/xxxhdpi/com.coloros.musiclink/mat.png 388724-388726
//my_stock/media/theme/uxicons/xxxhdpi/com.coloros.musiclink/peb.png 388728-388729
//my_stock/media/theme/uxicons/xxxhdpi/com.coloros.musiclink/recbg.png 388730-388743
//my_stock/media/theme/uxicons/xxxhdpi/com.coloros.musiclink/recfg.png 388745-388748
//my_stock/media/theme/uxicons/xxxhdpi/com.coloros.note/mat.png 388750-388757
//my_stock/media/theme/uxicons/xxxhdpi/com.coloros.note/peb.png 388758-388759
//my_stock/media/theme/uxicons/xxxhdpi/com.coloros.note/recbg.png 388760-388770
//my_stock/media/theme/uxicons/xxxhdpi/com.coloros.note/recfg.png 388771-388776
//my_stock/media/theme/uxicons/xxxhdpi/com.coloros.onekeylockscreen/mat.png 388777-388787
//my_stock/media/theme/uxicons/xxxhdpi/com.coloros.onekeylockscreen/peb.png 388789-388790
//my_stock/media/theme/uxicons/xxxhdpi/com.coloros.onekeylockscreen/recbg.png 388792-388802
//my_stock/media/theme/uxicons/xxxhdpi/com.coloros.onekeylockscreen/recfg.png 388804-388808
//my_stock/media/theme/uxicons/xxxhdpi/com.coloros.operationtips/mat.png 388809
//my_stock/media/theme/uxicons/xxxhdpi/com.coloros.operationtips/peb.png 388810
//my_stock/media/theme/uxicons/xxxhdpi/com.coloros.phonemanager/mat.png 388812-388814
//my_stock/media/theme/uxicons/xxxhdpi/com.coloros.phonemanager/peb.png 388816-388818
//my_stock/media/theme/uxicons/xxxhdpi/com.coloros.phonemanager/recbg.png 388820-388833
//my_stock/media/theme/uxicons/xxxhdpi/com.coloros.phonemanager/recfg.png 388834-388839
//my_stock/media/theme/uxicons/xxxhdpi/com.coloros.shortcuts/mat.png 388841-388848
//my_stock/media/theme/uxicons/xxxhdpi/com.coloros.shortcuts/peb.png 388850-388852
//my_stock/media/theme/uxicons/xxxhdpi/com.coloros.shortcuts/recbg.png 388853-388858
//my_stock/media/theme/uxicons/xxxhdpi/com.coloros.shortcuts/recfg.png 388860-388866
//my_stock/media/theme/uxicons/xxxhdpi/com.coloros.soundrecorder/mat.png 388868-388874
//my_stock/media/theme/uxicons/xxxhdpi/com.coloros.soundrecorder/peb.png 388875-388876
//my_stock/media/theme/uxicons/xxxhdpi/com.coloros.soundrecorder/recbg.png 388877-388882
//my_stock/media/theme/uxicons/xxxhdpi/com.coloros.soundrecorder/recfg.png 388884-388885
//my_stock/media/theme/uxicons/xxxhdpi/com.coloros.video/mat.png 388886-388896
//my_stock/media/theme/uxicons/xxxhdpi/com.coloros.video/peb.png 388898-388899
//my_stock/media/theme/uxicons/xxxhdpi/com.coloros.video/recbg.png 388900-388911
//my_stock/media/theme/uxicons/xxxhdpi/com.coloros.video/recfg.png 388913-388916
//my_stock/media/theme/uxicons/xxxhdpi/com.coloros.weather2/mat.png 388918-388925
//my_stock/media/theme/uxicons/xxxhdpi/com.coloros.weather2/peb.png 388927-388928
//my_stock/media/theme/uxicons/xxxhdpi/com.coloros.weather2/recbg.png 388930-388941
//my_stock/media/theme/uxicons/xxxhdpi/com.coloros.weather2/recfg.png 388943-388950
//my_stock/media/theme/uxicons/xxxhdpi/com.eg.android.AlipayGphone/art_off.png 388952-388954
//my_stock/media/theme/uxicons/xxxhdpi/com.eg.android.AlipayGphone/mat.png 388955
//my_stock/media/theme/uxicons/xxxhdpi/com.finshell.wallet/mat.png 388958-388965
//my_stock/media/theme/uxicons/xxxhdpi/com.finshell.wallet/peb.png 388966-388967
//my_stock/media/theme/uxicons/xxxhdpi/com.finshell.wallet/recbg.png 388969-388974
//my_stock/media/theme/uxicons/xxxhdpi/com.finshell.wallet/recfg.png 388976-388982
//my_stock/media/theme/uxicons/xxxhdpi/com.heytap.book/mat.png 388984-388993
//my_stock/media/theme/uxicons/xxxhdpi/com.heytap.book/peb.png 388995
//my_stock/media/theme/uxicons/xxxhdpi/com.heytap.book/recbg.png 388996-389002
//my_stock/media/theme/uxicons/xxxhdpi/com.heytap.book/recfg.png 389004-389009
//my_stock/media/theme/uxicons/xxxhdpi/com.heytap.browser/mat.png 389010-389018
//my_stock/media/theme/uxicons/xxxhdpi/com.heytap.browser/peb.png 389021-389023
//my_stock/media/theme/uxicons/xxxhdpi/com.heytap.browser/recbg.png 389025-389030
//my_stock/media/theme/uxicons/xxxhdpi/com.heytap.browser/recfg.png 389031-389037
//my_stock/media/theme/uxicons/xxxhdpi/com.heytap.cloud/mat.png 389039-389047
//my_stock/media/theme/uxicons/xxxhdpi/com.heytap.cloud/peb.png 389049-389050
//my_stock/media/theme/uxicons/xxxhdpi/com.heytap.cloud/recbg.png 389052-389061
//my_stock/media/theme/uxicons/xxxhdpi/com.heytap.cloud/recfg.png 389063-389065
//my_stock/media/theme/uxicons/xxxhdpi/com.heytap.health/mat.png 389066-389073
//my_stock/media/theme/uxicons/xxxhdpi/com.heytap.health/peb.png 389075-389076
//my_stock/media/theme/uxicons/xxxhdpi/com.heytap.health/recbg.png 389078-389083
//my_stock/media/theme/uxicons/xxxhdpi/com.heytap.health/recfg.png 389084-389090
//my_stock/media/theme/uxicons/xxxhdpi/com.heytap.lock/mat.png 389092-389102
//my_stock/media/theme/uxicons/xxxhdpi/com.heytap.lock/peb.png 389104-389105
//my_stock/media/theme/uxicons/xxxhdpi/com.heytap.lock/recbg.png 389107-389117
//my_stock/media/theme/uxicons/xxxhdpi/com.heytap.lock/recfg.png 389119-389123
//my_stock/media/theme/uxicons/xxxhdpi/com.heytap.market/mat.png 389124-389131
//my_stock/media/theme/uxicons/xxxhdpi/com.heytap.market/peb.png 389133-389134
//my_stock/media/theme/uxicons/xxxhdpi/com.heytap.market/recbg.png 389136-389149
//my_stock/media/theme/uxicons/xxxhdpi/com.heytap.market/recfg.png 389150-389154
//my_stock/media/theme/uxicons/xxxhdpi/com.heytap.music/mat.png 389156-389164
//my_stock/media/theme/uxicons/xxxhdpi/com.heytap.music/peb.png 389166-389167
//my_stock/media/theme/uxicons/xxxhdpi/com.heytap.music/recbg.png 389169-389178
//my_stock/media/theme/uxicons/xxxhdpi/com.heytap.music/recfg.png 389179-389182
//my_stock/media/theme/uxicons/xxxhdpi/com.heytap.quicksearchbox/mat.png 389184-389189
//my_stock/media/theme/uxicons/xxxhdpi/com.heytap.quicksearchbox/peb.png 389191-389193
//my_stock/media/theme/uxicons/xxxhdpi/com.heytap.quicksearchbox/recbg.png 389194-389197
//my_stock/media/theme/uxicons/xxxhdpi/com.heytap.quicksearchbox/recfg.png 389199-389201
//my_stock/media/theme/uxicons/xxxhdpi/com.heytap.reader/mat.png 389203-389210
//my_stock/media/theme/uxicons/xxxhdpi/com.heytap.reader/peb.png 389211-389212
//my_stock/media/theme/uxicons/xxxhdpi/com.heytap.reader/recbg.png 389214-389224
//my_stock/media/theme/uxicons/xxxhdpi/com.heytap.reader/recfg.png 389225-389227
//my_stock/media/theme/uxicons/xxxhdpi/com.heytap.smarthome/mat.png 389229-389238
//my_stock/media/theme/uxicons/xxxhdpi/com.heytap.smarthome/peb.png 389239-389240
//my_stock/media/theme/uxicons/xxxhdpi/com.heytap.smarthome/recbg.png 389242-389253
//my_stock/media/theme/uxicons/xxxhdpi/com.heytap.smarthome/recfg.png 389254-389258
//my_stock/media/theme/uxicons/xxxhdpi/com.heytap.themestore/mat.png 389259-389269
//my_stock/media/theme/uxicons/xxxhdpi/com.heytap.themestore/peb.png 389271-389272
//my_stock/media/theme/uxicons/xxxhdpi/com.heytap.themestore/recbg.png 389274-389284
//my_stock/media/theme/uxicons/xxxhdpi/com.heytap.themestore/recfg.png 389285-389290
//my_stock/media/theme/uxicons/xxxhdpi/com.heytap.yoli/mat.png 389291-389301
//my_stock/media/theme/uxicons/xxxhdpi/com.heytap.yoli/peb.png 389304-389305
//my_stock/media/theme/uxicons/xxxhdpi/com.heytap.yoli/recbg.png 389306-389317
//my_stock/media/theme/uxicons/xxxhdpi/com.heytap.yoli/recfg.png 389319-389322
//my_stock/media/theme/uxicons/xxxhdpi/com.jingdong.app.mall/art_off.png 389324-389327
//my_stock/media/theme/uxicons/xxxhdpi/com.jingdong.app.mall/mat.png 389329
//my_stock/media/theme/uxicons/xxxhdpi/com.microsoft.office.outlook/mat.png 389336
//my_stock/media/theme/uxicons/xxxhdpi/com.microsoft.office.outlook/recfg.png 389338
//my_stock/media/theme/uxicons/xxxhdpi/com.microsoft.office.powerpoint/mat.png 389339
//my_stock/media/theme/uxicons/xxxhdpi/com.mt.mtxx.mtxx/share_edit.png 389344
//my_stock/media/theme/uxicons/xxxhdpi/com.mt.mtxx.mtxx/share_retouch.png 389345
//my_stock/media/theme/uxicons/xxxhdpi/com.nearme.gamecenter/mat.png 389346-389348
//my_stock/media/theme/uxicons/xxxhdpi/com.nearme.gamecenter/peb.png 389350-389351
//my_stock/media/theme/uxicons/xxxhdpi/com.nearme.gamecenter/recbg.png 389353-389358
//my_stock/media/theme/uxicons/xxxhdpi/com.nearme.gamecenter/recfg.png 389359-389365
//my_stock/media/theme/uxicons/xxxhdpi/com.nearme.instant.platform/mat.png 389366-389372
//my_stock/media/theme/uxicons/xxxhdpi/com.nearme.instant.platform/peb.png 389374-389375
//my_stock/media/theme/uxicons/xxxhdpi/com.nearme.instant.platform/recbg.png 389376-389379
//my_stock/media/theme/uxicons/xxxhdpi/com.nearme.instant.platform/recfg.png 389381-389384
//my_stock/media/theme/uxicons/xxxhdpi/com.netease.mail/mat.png 389385
//my_stock/media/theme/uxicons/xxxhdpi/com.oneplus.brickmode/mat.png 389387-389393
//my_stock/media/theme/uxicons/xxxhdpi/com.oneplus.brickmode/peb.png 389396-389397
//my_stock/media/theme/uxicons/xxxhdpi/com.oneplus.brickmode/recbg.png 389398-389400
//my_stock/media/theme/uxicons/xxxhdpi/com.oneplus.brickmode/recfg.png 389402-389407
//my_stock/media/theme/uxicons/xxxhdpi/com.oplus.camera/mat.png 389408-389414
//my_stock/media/theme/uxicons/xxxhdpi/com.oplus.camera/peb.png 389417-389419
//my_stock/media/theme/uxicons/xxxhdpi/com.oplus.camera/recbg.png 389420-389431
//my_stock/media/theme/uxicons/xxxhdpi/com.oplus.camera/recfg.png 389432-389439
//my_stock/media/theme/uxicons/xxxhdpi/com.oplus.consumerIRApp/mat.png 389440-389445
//my_stock/media/theme/uxicons/xxxhdpi/com.oplus.consumerIRApp/monochrome.png 389446
//my_stock/media/theme/uxicons/xxxhdpi/com.oplus.consumerIRApp/peb.png 389448
//my_stock/media/theme/uxicons/xxxhdpi/com.oplus.consumerIRApp/recbg.png 389450-389461
//my_stock/media/theme/uxicons/xxxhdpi/com.oplus.consumerIRApp/recfg.png 389462-389466
//my_stock/media/theme/uxicons/xxxhdpi/com.oplus.logkit/recfg.png 389468-389470
//my_stock/media/theme/uxicons/xxxhdpi/com.oplus.member/recbg.png 389473-389480
//my_stock/media/theme/uxicons/xxxhdpi/com.oplus.member/recfg.png 389482-389483
//my_stock/media/theme/uxicons/xxxhdpi/com.oplus.play/mat.png 389485-389486
//my_stock/media/theme/uxicons/xxxhdpi/com.oplus.play/peb.png 389489-389491
//my_stock/media/theme/uxicons/xxxhdpi/com.oplus.play/recbg.png 389492-389497
//my_stock/media/theme/uxicons/xxxhdpi/com.oplus.play/recfg.png 389498-389500
//my_stock/media/theme/uxicons/xxxhdpi/com.oplus.simcard/mat.png 389501-389508
//my_stock/media/theme/uxicons/xxxhdpi/com.oplus.simcard/peb.png 389510
//my_stock/media/theme/uxicons/xxxhdpi/com.oplus.simcard/recbg.png 389512-389519
//my_stock/media/theme/uxicons/xxxhdpi/com.oplus.simcard/recfg.png 389520-389524 389525
//my_stock/media/theme/uxicons/xxxhdpi/com.oplus.themestore/mat.png 389526-389536
//my_stock/media/theme/uxicons/xxxhdpi/com.oplus.themestore/peb.png 389537-389538
//my_stock/media/theme/uxicons/xxxhdpi/com.oplus.themestore/recbg.png 389540-389550
//my_stock/media/theme/uxicons/xxxhdpi/com.oplus.themestore/recfg.png 389551-389556
//my_stock/media/theme/uxicons/xxxhdpi/com.oplus.vip/mat.png 389557-389561
//my_stock/media/theme/uxicons/xxxhdpi/com.oplus.vip/peb.png 389562-389563
//my_stock/media/theme/uxicons/xxxhdpi/com.oplus.vip/recbg.png 389565-389575
//my_stock/media/theme/uxicons/xxxhdpi/com.oplus.vip/recfg.png 389576-389578
//my_stock/media/theme/uxicons/xxxhdpi/com.oppo.camera/mat.png 389579-389585
//my_stock/media/theme/uxicons/xxxhdpi/com.oppo.camera/peb.png 389588-389590
//my_stock/media/theme/uxicons/xxxhdpi/com.oppo.camera/recbg.png 389591-389602
//my_stock/media/theme/uxicons/xxxhdpi/com.oppo.camera/recfg.png 389603-389610
//my_stock/media/theme/uxicons/xxxhdpi/com.oppo.community/mat.png 389611-389622
//my_stock/media/theme/uxicons/xxxhdpi/com.oppo.community/peb.png 389623-389624
//my_stock/media/theme/uxicons/xxxhdpi/com.oppo.community/recbg.png 389626-389639
//my_stock/media/theme/uxicons/xxxhdpi/com.oppo.community/recfg.png 389640-389649
//my_stock/media/theme/uxicons/xxxhdpi/com.oppo.im/mat.png 389650
//my_stock/media/theme/uxicons/xxxhdpi/com.oppo.im/recfg.png 389651
//my_stock/media/theme/uxicons/xxxhdpi/com.oppo.store/mat.png 389652
//my_stock/media/theme/uxicons/xxxhdpi/com.oppo.store/peb.png 389655-389656
//my_stock/media/theme/uxicons/xxxhdpi/com.oppo.store/recfg.png 389658
//my_stock/media/theme/uxicons/xxxhdpi/com.qiyi.video/mat.png 389659-389661
//my_stock/media/theme/uxicons/xxxhdpi/com.sankuai.meituan/mat.png 389664-389665
//my_stock/media/theme/uxicons/xxxhdpi/com.sdu.didi.psnger/mat.png 389668
//my_stock/media/theme/uxicons/xxxhdpi/com.sina.weibo/art_off.png 389671-389673
//my_stock/media/theme/uxicons/xxxhdpi/com.sina.weibo/mat.png 389675-389676
//my_stock/media/theme/uxicons/xxxhdpi/com.sina.weibo/recfg.png 389677
//my_stock/media/theme/uxicons/xxxhdpi/com.sina.weibo/share_chat.png 389678
//my_stock/media/theme/uxicons/xxxhdpi/com.sina.weibo/share_story.png 389679
//my_stock/media/theme/uxicons/xxxhdpi/com.smile.gifmaker/mat.png 389681-389682
//my_stock/media/theme/uxicons/xxxhdpi/com.smile.gifmaker/recfg.png 389684
//my_stock/media/theme/uxicons/xxxhdpi/com.snda.wifilocating/mat.png 389686-389687
//my_stock/media/theme/uxicons/xxxhdpi/com.sohu.inputmethod.sogou/mat.png 389690-389692
//my_stock/media/theme/uxicons/xxxhdpi/com.sohu.inputmethod.sogou/recbg.png 389693
//my_stock/media/theme/uxicons/xxxhdpi/com.sohu.inputmethod.sogou/recfg.png 389694-389695
//my_stock/media/theme/uxicons/xxxhdpi/com.sohu.inputmethod.sogouoem/mat.png 389696-389698
//my_stock/media/theme/uxicons/xxxhdpi/com.sohu.inputmethod.sogouoem/recbg.png 389699
//my_stock/media/theme/uxicons/xxxhdpi/com.sohu.inputmethod.sogouoem/recfg.png 389700-389701
//my_stock/media/theme/uxicons/xxxhdpi/com.ss.android.article.news/art_off.png 389702-389704
//my_stock/media/theme/uxicons/xxxhdpi/com.ss.android.article.news/mat.png 389705-389706
//my_stock/media/theme/uxicons/xxxhdpi/com.ss.android.article.news/recbg.png 389707
//my_stock/media/theme/uxicons/xxxhdpi/com.ss.android.article.video/mat.png 389709-389710
//my_stock/media/theme/uxicons/xxxhdpi/com.ss.android.article.video/recfg.png 389711
//my_stock/media/theme/uxicons/xxxhdpi/com.ss.android.ugc.aweme/mat.png 389713-389714
//my_stock/media/theme/uxicons/xxxhdpi/com.ss.android.ugc.aweme/recfg.png 389717
//my_stock/media/theme/uxicons/xxxhdpi/com.ss.android.ugc.live/mat.png 389718-389719
//my_stock/media/theme/uxicons/xxxhdpi/com.ss.android.ugc.live/recbg.png 389721-389722
//my_stock/media/theme/uxicons/xxxhdpi/com.ss.android.ugc.live/recfg.png 389723
//my_stock/media/theme/uxicons/xxxhdpi/com.taobao.taobao/art_off.png 389727-389731
//my_stock/media/theme/uxicons/xxxhdpi/com.taobao.taobao/mat.png 389733-389734
//my_stock/media/theme/uxicons/xxxhdpi/com.tencent.mm/art_off.png 389737
//my_stock/media/theme/uxicons/xxxhdpi/com.tencent.mm/mat.png 389738
//my_stock/media/theme/uxicons/xxxhdpi/com.tencent.mm/recfg.png 389740
//my_stock/media/theme/uxicons/xxxhdpi/com.tencent.mm/share_fav.png 389742
//my_stock/media/theme/uxicons/xxxhdpi/com.tencent.mm/share_moment.png 389743
//my_stock/media/theme/uxicons/xxxhdpi/com.tencent.mobileqq/art_off.png 389745
//my_stock/media/theme/uxicons/xxxhdpi/com.tencent.mobileqq/mat.png 389746-389748
//my_stock/media/theme/uxicons/xxxhdpi/com.tencent.mobileqq/recfg.png 389749-389750
//my_stock/media/theme/uxicons/xxxhdpi/com.tencent.mobileqq/share_fav.png 389751
//my_stock/media/theme/uxicons/xxxhdpi/com.tencent.mobileqq/share_quick.png 389753
//my_stock/media/theme/uxicons/xxxhdpi/com.tencent.mtt/mat.png 389754-389755
//my_stock/media/theme/uxicons/xxxhdpi/com.tencent.mtt/recfg.png 389756
//my_stock/media/theme/uxicons/xxxhdpi/com.tencent.news/mat.png 389758-389761
//my_stock/media/theme/uxicons/xxxhdpi/com.tencent.news/recfg.png 389763-389765
//my_stock/media/theme/uxicons/xxxhdpi/com.tencent.qqlite/share_fav.png 389766
//my_stock/media/theme/uxicons/xxxhdpi/com.tencent.qqlive/mat.png 389768-389769
//my_stock/media/theme/uxicons/xxxhdpi/com.tencent.qqlive/recfg.png 389771-389772
//my_stock/media/theme/uxicons/xxxhdpi/com.tencent.reading/mat.png 389773-389774
//my_stock/media/theme/uxicons/xxxhdpi/com.tencent.reading/recfg.png 389776-389777
//my_stock/media/theme/uxicons/xxxhdpi/com.tencent.tim/share_fav.png 389778
//my_stock/media/theme/uxicons/xxxhdpi/com.wuba/mat.png 389779-389780
//my_stock/media/theme/uxicons/xxxhdpi/com.wuba/recfg.png 389782
//my_stock/media/theme/uxicons/xxxhdpi/com.ximalaya.ting.android/mat.png 389784-389785
//my_stock/media/theme/uxicons/xxxhdpi/com.xingin.xhs/mat.png 389788
//my_stock/media/theme/uxicons/xxxhdpi/com.xunmeng.pinduoduo/mat.png 389792-389793
//my_stock/media/theme/uxicons/xxxhdpi/com.xunmeng.pinduoduo/recfg.png 389796-389797
//my_stock/media/theme/uxicons/xxxhdpi/com.youku.phone/mat.png 389798-389801
//my_stock/media/theme/uxicons/xxxhdpi/com.youku.phone/recfg.png 389802-389803
//my_stock/media/theme/uxicons/xxxhdpi/ctrip.android.view/mat.png 389804-389805
//my_stock/media/theme/uxicons/xxxhdpi/ctrip.android.view/recfg.png 389806
//my_stock/media/theme/uxicons/xxxhdpi/icons-meterial 389808-389809
//my_stock/media/theme/uxicons/xxxhdpi/icons-pebble 389810-389811
//my_stock/media/theme/uxicons/xxxhdpi/icons-rectangle 389812-389823
//my_stock/non_overlay/app/OBrain/OBrain.apk 389824-390258
//my_stock/priv-app/AccessoryFramework/AccessoryFramework.apk 390259-395348
//my_stock/priv-app/AccessoryFramework/oat/arm64/AccessoryFramework.vdex 395353-395401
//my_stock/priv-app/ColorfulEngine/ColorfulEngine.apk 395402-399020
//my_stock/priv-app/ColorfulEngine/oat/arm/ColorfulEngine.vdex 399024-399056
//my_stock/priv-app/ColorfulEngine/oat/arm64/ColorfulEngine.vdex 399057-399089
//my_stock/priv-app/DCS/DCS.apk 399090-400315
//my_stock/priv-app/DCS/oat/arm64/DCS.vdex 400318-400339
//my_stock/priv-app/DSF/DSF.apk 400340-401420
//my_stock/priv-app/DSF/oat/arm64/DSF.vdex 401421-401439
//my_stock/priv-app/DeviceIntegrationService/DeviceIntegrationService.apk 401440-401859
//my_stock/priv-app/DeviceIntegrationService/oat/arm64/DeviceIntegrationService.vdex 401860-401865
//my_stock/priv-app/FindMyPhone/FindMyPhone.apk 401866-408861
//my_stock/priv-app/FindMyPhone/oat/arm64/FindMyPhone.vdex 408868-408924
//my_stock/priv-app/HeyCast/HeyCast.apk 408925-411299
//my_stock/priv-app/HeyCast/oat/arm64/HeyCast.vdex 411303-411327
//my_stock/priv-app/HeySynergy/HeySynergy.apk 411328-412096
//my_stock/priv-app/HeySynergy/oat/arm/HeySynergy.vdex 412097-412113
//my_stock/priv-app/HeySynergy/oat/arm64/HeySynergy.vdex 412114-412130
//my_stock/priv-app/KeKeUserCenter/KeKeUserCenter.apk 412131-412208
//my_stock/priv-app/KeKeUserCenter/oat/arm64/KeKeUserCenter.vdex 412209-412210
//my_stock/priv-app/KeKeUserCenterAccount/KeKeUserCenterAccount.apk 412211-425620
//my_stock/priv-app/KeKeUserCenterAccount/oat/arm64/KeKeUserCenterAccount.vdex 425632-425746
//my_stock/priv-app/LinktoWindows/LinktoWindows.apk 425747-437977
//my_stock/priv-app/LinktoWindows/oat/arm64/LinktoWindows.vdex 437989-438150
//my_stock/priv-app/LockAssistant/LockAssistant.apk 438151-439133
//my_stock/priv-app/LockAssistant/oat/arm64/LockAssistant.vdex 439135-439151
//my_stock/priv-app/MDSService/MDSService.apk 439152-440112
//my_stock/priv-app/MDSService/oat/arm64/MDSService.vdex 440114-440127
//my_stock/priv-app/Metis/Metis.apk 440128-442500
//my_stock/priv-app/Metis/oat/arm64/Metis.vdex 442503-442555
//my_stock/priv-app/MyDevices/MyDevices.apk 442556-445729
//my_stock/priv-app/MyDevices/oat/arm64/MyDevices.vdex 445733-445783
//my_stock/priv-app/OCar/OCar.apk 445784-452794
//my_stock/priv-app/ONet/ONet.apk 452800-455219
//my_stock/priv-app/ONet/oat/arm/ONet.vdex 455223-455261
//my_stock/priv-app/ONet/oat/arm64/ONet.vdex 455262-455300
//my_stock/priv-app/OPSynergy/OPSynergy.apk 455301-463658
//my_stock/priv-app/OPSynergy/oat/arm64/OPSynergy.vdex 463665-463701
//my_stock/priv-app/OShare/OShare.apk 463702-465996
//my_stock/priv-app/OShare/oat/arm64/OShare.vdex 465999-466039
//my_stock/priv-app/OplusBootReg/OplusBootReg.apk 466040-472467
//my_stock/priv-app/OplusScreenRecorder/OplusScreenRecorder.apk 472473-474429
//my_stock/priv-app/OplusScreenRecorder/oat/arm64/OplusScreenRecorder.vdex 474432-474459
//my_stock/priv-app/OppoGallery2/OppoGallery2.apk 474460-518060
//my_stock/priv-app/OppoGallery2/oat/arm64/OppoGallery2.vdex 518092-518306
//my_stock/priv-app/PhoneManager/PhoneManager.apk 518307-529818
//my_stock/priv-app/PhoneManager/oat/arm64/PhoneManager.vdex 529828-529934
//my_stock/priv-app/RemoteGuardService/RemoteGuardService.apk 529935-530375
//my_stock/priv-app/RemoteGuardService/oat/arm64/RemoteGuardService.vdex 530376-530386
//my_stock/priv-app/SOSHelper/SOSHelper.apk 530387-532952
//my_stock/priv-app/SOSHelper/oat/arm64/SOSHelper.vdex 532956-532998
//my_stock/priv-app/Screenshot/Screenshot.apk 532999-537392
//my_stock/priv-app/Screenshot/oat/arm64/Screenshot.vdex 537397-537442
//my_stock/priv-app/TravelEngine/TravelEngine.apk 537443-538359
//my_stock/priv-app/TravelEngine/oat/arm64/TravelEngine.vdex 538360-538372
//my_stock/priv-app/UMS/UMS.apk 538373-547486
//my_stock/priv-app/Wallpapers/Wallpapers.apk 547493-554911
//my_stock/priv-app/Wallpapers/oat/arm64/Wallpapers.vdex 554917-554953
//my_stock/priv-app/dmp/dmp.apk 554954-560045
//my_stock/priv-app/dmp/oat/arm64/dmp.vdex 560050-560130
