//odm/bin/adsp_ssr_test 1-2
//odm/bin/climax 3-99
//odm/bin/commcenterd 100-112
//odm/bin/cwb_utils 113-117
//odm/bin/hw/android.hardware.drm@1.3-service.widevine 120-121
//odm/bin/hw/android.hardware.power.stats-impl.oplus 122-127
//odm/bin/hw/mdm_feature 128-130
//odm/bin/hw/subsys_daemon 131-151
//odm/bin/hw/vendor-oplus-hardware-engineer-V1-service 152-175
//odm/bin/hw/vendor-oplus-hardware-misc-V1-service 176-179
//odm/bin/hw/vendor-oplus-hardware-oplusSensor-V1-service 180-210
//odm/bin/hw/vendor-oplus-hardware-performance-V1-service 211-239
//odm/bin/hw/vendor-oplus-hardware-power-powermonitor-V1-service 240-243
//odm/bin/hw/vendor-oplus-hardware-touch-V2-service 244-249
//odm/bin/hw/vendor-oplus-hardware-transfer@1.0-service 250-252
//odm/bin/hw/vendor-oplus-hardware-transmessage@1.0-service 253-256
//odm/bin/hw/vendor.dolby_v3_6.hardware.dms360@2.0-service 257
//odm/bin/hw/vendor.nxp.hardware.nfc@1.2-service 258-261
//odm/bin/hw/vendor.oplus.hardware.biometrics.face@1.0-service 262-299
//odm/bin/hw/vendor.oplus.hardware.biometrics.fingerprint@2.1-service 300-364
//odm/bin/hw/vendor.oplus.hardware.biometrics.fingerprintpay@1.0-service 365-367
//odm/bin/hw/vendor.oplus.hardware.cammidasservice-V1-service 368-372
//odm/bin/hw/vendor.oplus.hardware.charger-V3-service 374-420
//odm/bin/hw/vendor.oplus.hardware.cryptoeng@1.0-service 421-434
//odm/bin/hw/vendor.oplus.hardware.displaypanelfeature@1.0-service 435-444
//odm/bin/hw/vendor.oplus.hardware.engcamera@1.0-service 445
//odm/bin/hw/vendor.oplus.hardware.fido.fidoca@1.0-service 446-448
//odm/bin/hw/vendor.oplus.hardware.gameopt-service 449-612
//odm/bin/hw/vendor.oplus.hardware.mmdisplayfeature@1.0-service 613-615
//odm/bin/hw/vendor.oplus.hardware.nfcExtns-service 616-628
//odm/bin/hw/vendor.oplus.hardware.nfc_aidl-service 629-639
//odm/bin/hw/vendor.oplus.hardware.olc2-V1-service 640-643
//odm/bin/hw/vendor.oplus.hardware.ormsHalService-aidl-service 644-652
//odm/bin/hw/vendor.oplus.hardware.riskdetect-V1-service 653-655
//odm/bin/hw/vendor.oplus.hardware.rpmh-V1-service 656-664
//odm/bin/hw/vendor.oplus.hardware.stability.oplus_project-V1-service 665-672
//odm/bin/hw/vendor.oplus.hardware.thermalmntcfg@1.0-service 673-674
//odm/bin/hw/vendor.oplus.hardware.urcc-service 675-678
//odm/bin/hw/vendor.oplus.hardware.wifi-aidl-service 679-770
//odm/bin/hw/vendor.ozoaudio.media.c2@1.0-service 771
//odm/bin/hw/vendor.pixelworks.hardware.display.iris-service 772
//odm/bin/hw/vendor.pixelworks.hardware.feature.irisfeature-service 774-775
//odm/bin/hw/vendor.qti.esepowermanager@1.1-service 776-778
//odm/bin/hw/vendor.qti.hardware.vibrator.service 779-783
//odm/bin/hw/vendor.qti.secure_element@1.2-service 784-787
//odm/bin/hw/virtualcameraprovider 788
//odm/bin/hw/wlschgd 789-790
//odm/bin/init.oplus.bsp_debug.sh 791-797
//odm/bin/init.vendor.wifi.autochmod.sh 801
//odm/bin/irisConfig 802-811
//odm/bin/iw_odm 812-836
//odm/bin/iwpriv 837-839
//odm/bin/nqnfcinfo 840
//odm/bin/occe_create 841-861
//odm/bin/oldc_vnd 862
//odm/bin/oplus_mdlog_drain_vendor 863-864
//odm/bin/oplus_sensor_fb 866-867
//odm/bin/oplus_sensor_test 868
//odm/bin/oplus_sys_daemon 869-870
//odm/bin/opnscr_aidl 871-892
//odm/bin/self-init 893-896
//odm/bin/sharebufferTest 897-898
//odm/bin/tcpdump_vendor 899-1088
//odm/bin/tinyplay_ftm 1089-1090
//odm/bin/vendor.autochmod.sh 1091
//odm/bin/wifi_diag 1092-1094
//odm/bin/wifisar 1095
//odm/etc/Diag.cfg 1098
//odm/etc/NOTICE.xml.gz 1099-1104
//odm/etc/acdbdata/Bluetooth_cal.acdb 1105-1110
//odm/etc/acdbdata/General_cal.acdb 1111-1113
//odm/etc/acdbdata/Global_cal.acdb 1114-1115
//odm/etc/acdbdata/Handset_cal.acdb 1116-1173
//odm/etc/acdbdata/Hdmi_cal.acdb 1174
//odm/etc/acdbdata/Headset_cal.acdb 1175-1191
//odm/etc/acdbdata/MOS/Bluetooth_cal.acdb 1193-1198
//odm/etc/acdbdata/MOS/General_cal.acdb 1199-1201
//odm/etc/acdbdata/MOS/Global_cal.acdb 1202-1203
//odm/etc/acdbdata/MOS/Handset_cal.acdb 1204-1261
//odm/etc/acdbdata/MOS/Hdmi_cal.acdb 1262
//odm/etc/acdbdata/MOS/Headset_cal.acdb 1263-1279
//odm/etc/acdbdata/MOS/Speaker_cal.acdb 1280-1310
//odm/etc/acdbdata/Speaker_cal.acdb 1311-1341
//odm/etc/audio_effects.xml 1342
//odm/etc/audio_platform_info.xml 1343-1345
//odm/etc/bt/hpnv10.bin 1347
//odm/etc/camera/CameraHWConfiguration.config 1349-1352
//odm/etc/camera/anc/merged_model 1353-3671
//odm/etc/camera/anc/merged_model_post 3672-7646
//odm/etc/camera/anc_cl_kernel.cache 7648-7691
//odm/etc/camera/anc_cl_kernel_ins.cache 7692-7743
//odm/etc/camera/ancsegbase/anc_cl_kernel.cache 7744-7803
//odm/etc/camera/ancsegbase/model.data 7804-12267
//odm/etc/camera/asd/class.dlc 12271-13410
//odm/etc/camera/asd/detect.dlc 13411-16180
//odm/etc/camera/ashdr/ncf_pack.ncf 16183-16187
//odm/etc/camera/camera_engmode.xml 16188
//odm/etc/camera/config/camera_unit_config 16192
//odm/etc/camera/config/camera_unit_feature_config.protobuf 16193-16195
//odm/etc/camera/config/gc5035 16196
//odm/etc/camera/config/imx586 16197
//odm/etc/camera/config/imx615 16198
//odm/etc/camera/config/imx616 16199
//odm/etc/camera/config/imx686 16200-16201
//odm/etc/camera/config/imx686_uw 16202-16203
//odm/etc/camera/config/imx766 16204-16205
//odm/etc/camera/config/imx766_uw 16206-16207
//odm/etc/camera/config/oplus_camera_algo_switch_config 16208
//odm/etc/camera/config/oplus_camera_aps_config 16209-16210
//odm/etc/camera/config/oplus_camera_config 16211
//odm/etc/camera/config/oplus_preview_decision_params.json 16212-16213
//odm/etc/camera/config/s5k3m5 16214-16215
//odm/etc/camera/darksight/darksight_main.bin 16216-18426
//odm/etc/camera/darksight/darksight_ultrawide.bin 18429-20751
//odm/etc/camera/eis_camera.vcfg 20754-20787
//odm/etc/camera/fb_default 20788
//odm/etc/camera/fb_model/000.png 20789-20796
//odm/etc/camera/fb_model/000_pre.bin 20797-20800
//odm/etc/camera/fb_model/001.png 20801-20816
//odm/etc/camera/fb_model/001_pre.bin 20817-20829
//odm/etc/camera/fb_model/002.png 20830-20835
//odm/etc/camera/fb_model/002_pre.bin 20836-20840
//odm/etc/camera/fb_model/003.png 20841-20851
//odm/etc/camera/fb_model/003_pre.bin 20852-20858
//odm/etc/camera/fb_model/010.png 20859-20863
//odm/etc/camera/fb_model/010_pre.bin 20864-20865
//odm/etc/camera/fb_model/011.png 20866-20871
//odm/etc/camera/fb_model/011_pre.bin 20872-20874
//odm/etc/camera/fb_model/012.png 20875-20879
//odm/etc/camera/fb_model/012_pre.bin 20881-20884
//odm/etc/camera/fb_model/013.png 20885-20888
//odm/etc/camera/fb_model/100.png 20889-20895
//odm/etc/camera/fb_model/100_pre.bin 20896-20900
//odm/etc/camera/fb_model/101.png 20901-20911
//odm/etc/camera/fb_model/101_pre.bin 20912-20919
//odm/etc/camera/fb_model/102.png 20920-20924
//odm/etc/camera/fb_model/102_pre.bin 20925-20928
//odm/etc/camera/fb_model/103.png 20929-20944
//odm/etc/camera/fb_model/103_pre.bin 20945-20955
//odm/etc/camera/fb_model/110.png 20956-20972
//odm/etc/camera/fb_model/110_pre.bin 20973-20979
//odm/etc/camera/fb_model/111.png 20981-20996
//odm/etc/camera/fb_model/111_pre.bin 20997-21004
//odm/etc/camera/fb_model/112.png 21005-21009
//odm/etc/camera/fb_model/112_pre.bin 21010-21012
//odm/etc/camera/fb_model/113.png 21013-21016
//odm/etc/camera/fb_model/200.png 21017-21021
//odm/etc/camera/fb_model/200_pre.bin 21022-21026
//odm/etc/camera/fb_model/201.png 21027-21036
//odm/etc/camera/fb_model/201_pre.bin 21037-21043
//odm/etc/camera/fb_model/202.png 21044-21047
//odm/etc/camera/fb_model/202_pre.bin 21048
//odm/etc/camera/fb_model/203.png 21049-21060
//odm/etc/camera/fb_model/203_pre.bin 21061-21070
//odm/etc/camera/fb_model/210.png 21071-21075
//odm/etc/camera/fb_model/210_pre.bin 21076-21078
//odm/etc/camera/fb_model/211.png 21079-21084
//odm/etc/camera/fb_model/211_pre.bin 21086-21088
//odm/etc/camera/fb_model/212.png 21089-21092
//odm/etc/camera/fb_model/212_pre.bin 21093
//odm/etc/camera/fb_model/213.png 21094-21097
//odm/etc/camera/fb_model/beauty_body.bin 21098-23570
//odm/etc/camera/fb_model/eyeBright.png 23573-23574
//odm/etc/camera/fb_model/eyesMask.png 23575-23580
//odm/etc/camera/fb_model/face_retouch_chinese.bin 23581-23774
//odm/etc/camera/fb_model/skinLUTs00.bin 23775-24030
//odm/etc/camera/fb_model/skinLUTs01.bin 24031-24275
//odm/etc/camera/fb_model/skinLUTs02.bin 24276-24531
//odm/etc/camera/fb_model/skinLUTs03.bin 24532-24710
//odm/etc/camera/fb_model/skinLUTs10.bin 24711-24966
//odm/etc/camera/fb_model/skinLUTs11.bin 24967-25222
//odm/etc/camera/fb_model/skinLUTs12.bin 25223-25464
//odm/etc/camera/fb_model/skinLUTs13.bin 25465-25720
//odm/etc/camera/fb_model/skinLUTs_yuv16_00.bin 25721-25723
//odm/etc/camera/fb_model/skinLUTs_yuv16_01.bin 25724-25726
//odm/etc/camera/fb_model/skinLUTs_yuv16_02.bin 25727-25729
//odm/etc/camera/fb_model/skinLUTs_yuv16_03.bin 25730-25732
//odm/etc/camera/fb_model/skinLUTs_yuv16_10.bin 25733-25735
//odm/etc/camera/fb_model/skinLUTs_yuv16_11.bin 25736-25738
//odm/etc/camera/fb_model/skinLUTs_yuv16_12.bin 25739-25741
//odm/etc/camera/fb_model/skinLUTs_yuv16_13.bin 25742-25744
//odm/etc/camera/fb_model/skinmask.bin 25745-25850
//odm/etc/camera/fb_model/skinmask.png 25851-25883
//odm/etc/camera/fdc_cl.cache 25884-25889
//odm/etc/camera/fdc_lite_cl.cache 25890-25895
//odm/etc/camera/filters_lut/B1VLf4peM 25898-25901
//odm/etc/camera/filters_lut/B1aMqioxf 25902-25905
//odm/etc/camera/filters_lut/B1nmcmWbG 25906-25909
//odm/etc/camera/filters_lut/B1si_XbZz 25910-25913
//odm/etc/camera/filters_lut/B612Pretty.cube.rgb.bin 25914-25917
//odm/etc/camera/filters_lut/BJJAwoigM 25918-25921
//odm/etc/camera/filters_lut/BJyKIwqxz 25922-25925
//odm/etc/camera/filters_lut/BeautyplusMellow-5.CUBE.rgb.bin 25926-25929
//odm/etc/camera/filters_lut/ByW7g4bbf 25930-25933
//odm/etc/camera/filters_lut/ByYo3If 25934-25936
//odm/etc/camera/filters_lut/BycYf7WWz 25937-25940
//odm/etc/camera/filters_lut/Cold.cube.rgb.bin 25941-25968
//odm/etc/camera/filters_lut/DL_D_G4.cube.rgb.bin 25969-26000
//odm/etc/camera/filters_lut/DL_L_B6.cube.rgb.bin 26001-26017
//odm/etc/camera/filters_lut/Emerald.cube.rgb.bin 26018-26049
//odm/etc/camera/filters_lut/EyxRbD2UCe 26050-26053
//odm/etc/camera/filters_lut/FaceappGrayscale.cube.rgb.bin 26054-26055
//odm/etc/camera/filters_lut/InsClarendon.cube.rgb.bin 26056-26059
//odm/etc/camera/filters_lut/InsJuno.cube.rgb.bin 26060-26063
//odm/etc/camera/filters_lut/InsValencia-2.cube.rgb.bin 26064-26067
//odm/etc/camera/filters_lut/Martin.cube.rgb.bin 26068-26098
//odm/etc/camera/filters_lut/OPLUSR0604.cube.rgb.bin 26099-26130
//odm/etc/camera/filters_lut/PP1-soft-2.6.CUBE.rgb.bin 26131-26134
//odm/etc/camera/filters_lut/PP2-pop-4.1.CUBE.rgb.bin 26135-26138
//odm/etc/camera/filters_lut/PP3-mono-3.3.CUBE.rgb.bin 26139-26140
//odm/etc/camera/filters_lut/Radiance.cube.rgb.bin 26141-26172
//odm/etc/camera/filters_lut/SJ3mbr6ef 26173-26176
//odm/etc/camera/filters_lut/Serenity.cube.rgb.bin 26177-26208
//odm/etc/camera/filters_lut/SkpZ8ebbz 26209-26212
//odm/etc/camera/filters_lut/SnapseedBright.cube.rgb.bin 26213-26214
//odm/etc/camera/filters_lut/SweetSnapAlice-3.CUBE.rgb.bin 26215-26218
//odm/etc/camera/filters_lut/Sy4uLSTgf 26219-26221
//odm/etc/camera/filters_lut/Syt2KeZZf 26222-26225
//odm/etc/camera/filters_lut/Texture-70.cube.rgb.bin 26226-26257
//odm/etc/camera/filters_lut/V01-landscape-2.6.CUBE.rgb.bin 26258-26261
//odm/etc/camera/filters_lut/V02-portrait-2.5.CUBE.rgb.bin 26262-26265
//odm/etc/camera/filters_lut/V03-food-2.0.CUBE.rgb.bin 26266-26269
//odm/etc/camera/filters_lut/V04-night-1.3.CUBE.rgb.bin 26270-26273
//odm/etc/camera/filters_lut/V05-mono-3.3.CUBE.rgb.bin 26274-26275
//odm/etc/camera/filters_lut/White.cube.rgb.bin 26276-26286
//odm/etc/camera/filters_lut/YoucamAdorable80.cube.rgb.bin 26287-26290
//odm/etc/camera/filters_lut/b-w-P8.CUBE.rgb.bin 26291-26297
//odm/etc/camera/filters_lut/black_gold.bin 26298-26326
//odm/etc/camera/filters_lut/blackandwhite.cube.rgb.bin 26328-26347
//odm/etc/camera/filters_lut/bowu-2.1.cube.rgb.bin 26348-26351
//odm/etc/camera/filters_lut/bright_coloured.bin 26352-26383
//odm/etc/camera/filters_lut/calm-V5.CUBE.rgb.bin 26384-26415
//odm/etc/camera/filters_lut/candy-P7.CUBE.rgb.bin 26416-26447
//odm/etc/camera/filters_lut/cola.bin 26448-26469
//odm/etc/camera/filters_lut/cyberpunk-kitsch-3.1.CUBE.rgb.bin 26470-26497
//odm/etc/camera/filters_lut/cyberpunk-neoMilitarism-2.4-final.CUBE.rgb.bin 26498-26501
//odm/etc/camera/filters_lut/default 26502-26505
//odm/etc/camera/filters_lut/delight-P3.CUBE.rgb.bin 26506-26537
//odm/etc/camera/filters_lut/delight-V1.CUBE.rgb.bin 26538-26569
//odm/etc/camera/filters_lut/drjw1994.bin 26570-26601
//odm/etc/camera/filters_lut/drjw2010.bin 26602-26613
//odm/etc/camera/filters_lut/f_bin_hideaki 26614-26617
//odm/etc/camera/filters_lut/f_candy_water_weak.cube.rgb.bin 26618-26621
//odm/etc/camera/filters_lut/f_contrast_gray_face_dark 26622-26623
//odm/etc/camera/filters_lut/f_fuji_strong.cube.rgb.bin 26624-26627
//odm/etc/camera/filters_lut/f_japan_strong.cube.rgb.bin 26628-26631
//odm/etc/camera/filters_lut/farewell-V7.CUBE.rgb.bin 26632-26663
//odm/etc/camera/filters_lut/fuji-eterna-v2.cube.rgb.bin 26664-26695
//odm/etc/camera/filters_lut/fuji.cube.rgb.bin 26696-26727
//odm/etc/camera/filters_lut/gourmet.cube.rgb.bin 26728-26759
//odm/etc/camera/filters_lut/gt-24hour-city.cube.rgb.bin 26760-26791
//odm/etc/camera/filters_lut/gt-3dcity.cube.rgb.bin 26792-26823
//odm/etc/camera/filters_lut/gt-after-glow.cube.rgb.bin 26824-26855
//odm/etc/camera/filters_lut/gt-azure-water.cube.rgb.bin 26856-26887
//odm/etc/camera/filters_lut/gt-beach.cube.rgb.bin 26888-26914
//odm/etc/camera/filters_lut/gt-blue-water.cube.rgb.bin 26915-26946
//odm/etc/camera/filters_lut/gt-coco-grove.cube.rgb.bin 26947-26978
//odm/etc/camera/filters_lut/gt-crisp-fall.cube.rgb.bin 26979-27007
//odm/etc/camera/filters_lut/gt-desert.cube.rgb.bin 27008-27039
//odm/etc/camera/filters_lut/gt-earth.cube.rgb.bin 27040-27070
//odm/etc/camera/filters_lut/gt-glazed-tile.cube.rgb.bin 27071-27102
//odm/etc/camera/filters_lut/gt-japan.cube.rgb.bin 27103-27134
//odm/etc/camera/filters_lut/gt-lake.cube.rgb.bin 27135-27166
//odm/etc/camera/filters_lut/gt-mountainous.cube.rgb.bin 27167-27198
//odm/etc/camera/filters_lut/gt-old-times.cube.rgb.bin 27199-27230
//odm/etc/camera/filters_lut/gt-quietly-ele.cube.rgb.bin 27231-27262
//odm/etc/camera/filters_lut/gt-rosy.cube.rgb.bin 27263-27293
//odm/etc/camera/filters_lut/gt-steaming.cube.rgb.bin 27294-27325
//odm/etc/camera/filters_lut/interstellar_space.bin 27326-27357
//odm/etc/camera/filters_lut/jiari-2.0.cube.rgb.bin 27358-27361
//odm/etc/camera/filters_lut/jw_sun.CUBE.rgb.bin 27362-27393
//odm/etc/camera/filters_lut/jw_surprise.CUBE.rgb.bin 27394-27425
//odm/etc/camera/filters_lut/kodak.cube.rgb.bin 27426-27457
//odm/etc/camera/filters_lut/lvtu-2.0.cube.rgb.bin 27458-27461
//odm/etc/camera/filters_lut/meiwei-2.2.cube.rgb.bin 27462-27465
//odm/etc/camera/filters_lut/mellow-V3.CUBE.rgb.bin 27466-27497
//odm/etc/camera/filters_lut/misty-P5.CUBE.rgb.bin 27498-27529
//odm/etc/camera/filters_lut/misty-V4.CUBE.rgb.bin 27530-27561
//odm/etc/camera/filters_lut/mono.cube.rgb.bin 27562-27580
//odm/etc/camera/filters_lut/morandi.cube.rgb.bin 27582-27613
//odm/etc/camera/filters_lut/natural-P1.CUBE.rgb.bin 27614-27642
//odm/etc/camera/filters_lut/natural.cube.rgb.bin 27643-27674
//odm/etc/camera/filters_lut/neon-2020.cube.rgb.bin 27675-27706
//odm/etc/camera/filters_lut/oplus-black-gold.cube.rgb.bin 27707-27710
//odm/etc/camera/filters_lut/oplus-cyberpunk.cube.rgb.bin 27711-27714
//odm/etc/camera/filters_lut/oplus-nightcity.cube.rgb.bin 27715-27718
//odm/etc/camera/filters_lut/oplus-r-black-gold-1.1-RGB.CUBE.rgb.bin 27719-27748
//odm/etc/camera/filters_lut/oplus-r-cyberpunk-RGB.CUBE.rgb.bin 27749-27780
//odm/etc/camera/filters_lut/oplus-r-infra-RGB.CUBE.rgb.bin 27781-27808
//odm/etc/camera/filters_lut/oplus-yellow-blue.cube.rgb.bin 27809-27812
//odm/etc/camera/filters_lut/oplus_SAREK_III.cube.rgb.bin 27813-27816
//odm/etc/camera/filters_lut/oplus_VAEROY_III.cube.rgb.bin 27817-27820
//odm/etc/camera/filters_lut/oplus_YLLAAS.cube.rgb.bin 27821-27824
//odm/etc/camera/filters_lut/oplus_r4.cube.rgb.bin 27825-27828
//odm/etc/camera/filters_lut/oplus_r5.cube.rgb.bin 27829-27832
//odm/etc/camera/filters_lut/oplus_r6.cube.rgb.bin 27833-27835
//odm/etc/camera/filters_lut/oplus_video_filter_black_and_white 27836-27845
//odm/etc/camera/filters_lut/oplus_video_filter_highlight 27846-27877
//odm/etc/camera/filters_lut/oplus_video_filter_ins 27878-27909
//odm/etc/camera/filters_lut/oplus_video_filter_natal 27910-27941
//odm/etc/camera/filters_lut/oplus_video_filter_olympus 27942-27973
//odm/etc/camera/filters_lut/oplus_video_filter_plain 27974-28005
//odm/etc/camera/filters_lut/oplus_video_filter_show 28006-28037
//odm/etc/camera/filters_lut/oplus_video_filter_solar 28038-28067
//odm/etc/camera/filters_lut/oplus_video_filter_strong 28068-28090
//odm/etc/camera/filters_lut/oplus_video_filter_west 28091-28122
//odm/etc/camera/filters_lut/oppo_video_filter_black_and_white 28123-28132
//odm/etc/camera/filters_lut/oppo_video_filter_highlight 28133-28164
//odm/etc/camera/filters_lut/oppo_video_filter_ins 28165-28196
//odm/etc/camera/filters_lut/oppo_video_filter_natal 28197-28228
//odm/etc/camera/filters_lut/oppo_video_filter_olympus 28229-28260
//odm/etc/camera/filters_lut/oppo_video_filter_plain 28261-28292
//odm/etc/camera/filters_lut/oppo_video_filter_show 28293-28324
//odm/etc/camera/filters_lut/oppo_video_filter_solar 28325-28354
//odm/etc/camera/filters_lut/oppo_video_filter_strong 28355-28377
//odm/etc/camera/filters_lut/oppo_video_filter_west 28378-28409
//odm/etc/camera/filters_lut/p4_1.cube.rgb.bin 28410-28430
//odm/etc/camera/filters_lut/p4_2.cube.rgb.bin 28431-28464
//odm/etc/camera/filters_lut/p4_3.cube.rgb.bin 28465-28467
//odm/etc/camera/filters_lut/p4_4.cube.rgb.bin 28468-28471
//odm/etc/camera/filters_lut/qiuri-2.0.cube.rgb.bin 28472-28475
//odm/etc/camera/filters_lut/r1JaFSZZG 28476-28479
//odm/etc/camera/filters_lut/r1PrfoolG 28480-28483
//odm/etc/camera/filters_lut/rJ5g5vPWG 28484-28487
//odm/etc/camera/filters_lut/rJxJtmaez 28488-28491
//odm/etc/camera/filters_lut/red-red.cube.rgb.bin 28493-28510
//odm/etc/camera/filters_lut/rkMhq4ZWf 28511-28514
//odm/etc/camera/filters_lut/rkx5u4Zbf 28515-28518
//odm/etc/camera/filters_lut/senlin-2.0.cube.rgb.bin 28519-28522
//odm/etc/camera/filters_lut/serene-P9.CUBE.rgb.bin 28523-28554
//odm/etc/camera/filters_lut/sky-blue.cube.rgb.bin 28555-28568
//odm/etc/camera/filters_lut/sweet-P2.CUBE.rgb.bin 28569-28597
//odm/etc/camera/filters_lut/sweet-V2.CUBE.rgb.bin 28598-28626
//odm/etc/camera/filters_lut/tree-green.cube.rgb.bin 28627-28646
//odm/etc/camera/filters_lut/type_fuji_acros 28647-28663
//odm/etc/camera/filters_lut/type_fuji_astia 28664-28695
//odm/etc/camera/filters_lut/type_fuji_chrome 28696-28727
//odm/etc/camera/filters_lut/type_fuji_provia 28728-28759
//odm/etc/camera/filters_lut/type_fuji_velvia 28760-28791
//odm/etc/camera/filters_lut/vivid-cool.cube.rgb.bin 28792-28823
//odm/etc/camera/filters_lut/vivid-lut.cube.rgb.bin 28824-28853
//odm/etc/camera/filters_lut/vivid-warm.cube.rgb.bin 28854-28885
//odm/etc/camera/filters_lut/yuanqi-2.2s.cube.rgb.bin 28886-28889
//odm/etc/camera/filters_res/film_grain_small.bin 28890-29913
//odm/etc/camera/filters_res/lut_all_points.png 29914
//odm/etc/camera/filters_res/overlay_p4_3_weak.png 29916-29995
//odm/etc/camera/fwk_config.json 29996-29997
//odm/etc/camera/gasryuv_1.2_wp.model 29998-29999
//odm/etc/camera/gesture/modules/tt_hand_box_reg_v12.0.model 30001-30097
//odm/etc/camera/gesture/modules/tt_hand_det_v11.0.model 30098-30109
//odm/etc/camera/gesture/modules/tt_hand_gesture_v11.1.model 30110-30149
//odm/etc/camera/gesture/modules/tt_hand_kp_v6.0.model 30150-30232
//odm/etc/camera/gesture/modules/tt_hand_lr_v3.0.model 30233-30267
//odm/etc/camera/gesture/tt_hand_box_reg_v12.0.model 30268-30364
//odm/etc/camera/gesture/tt_hand_det_v11.0.model 30365-30376
//odm/etc/camera/gesture/tt_hand_gesture_v11.1.model 30377-30416
//odm/etc/camera/gesture/tt_hand_kp_v6.0.model 30417-30499
//odm/etc/camera/gesture/tt_hand_lr_v3.0.model 30501-30535
//odm/etc/camera/micFilter/blue_pink_3.png 30536-30635
//odm/etc/camera/micFilter/green_orange_2.png 30638-30743
//odm/etc/camera/micFilter/yellow_green_1.png 30744-30806
//odm/etc/camera/model/DocDetectV15.xbin 30808-31057
//odm/etc/camera/model_fdc.data 31058-35190
//odm/etc/camera/omoji/assets/sdk_assets/ai_face_processor_e51.bundle 35195-37806
//odm/etc/camera/omoji/assets/sdk_assets/controller_cpp.bundle 37809-38194
//odm/etc/camera/pf/PerfectColorSet/normal/ColorLut 38195-38411
//odm/etc/camera/pf/PerfectColorSet/normal/CurveLut 38412-38415
//odm/etc/camera/pf/PerfectColorSet/normal/colorLut0 38416-38425
//odm/etc/camera/pf/PerfectColorSet/normal/colorLut1 38426-38437
//odm/etc/camera/pf/PerfectColorSet/normal/colorLut10 38438-38449
//odm/etc/camera/pf/PerfectColorSet/normal/colorLut11 38450-38461
//odm/etc/camera/pf/PerfectColorSet/normal/colorLut12 38462-38473
//odm/etc/camera/pf/PerfectColorSet/normal/colorLut13 38474-38484
//odm/etc/camera/pf/PerfectColorSet/normal/colorLut14 38485-38496
//odm/etc/camera/pf/PerfectColorSet/normal/colorLut15 38497-38508
//odm/etc/camera/pf/PerfectColorSet/normal/colorLut16 38509-38520
//odm/etc/camera/pf/PerfectColorSet/normal/colorLut17 38521-38532
//odm/etc/camera/pf/PerfectColorSet/normal/colorLut18 38533-38544
//odm/etc/camera/pf/PerfectColorSet/normal/colorLut2 38545-38556
//odm/etc/camera/pf/PerfectColorSet/normal/colorLut3 38557-38568
//odm/etc/camera/pf/PerfectColorSet/normal/colorLut4 38569-38580
//odm/etc/camera/pf/PerfectColorSet/normal/colorLut5 38581-38592
//odm/etc/camera/pf/PerfectColorSet/normal/colorLut6 38593-38604
//odm/etc/camera/pf/PerfectColorSet/normal/colorLut7 38605-38616
//odm/etc/camera/pf/PerfectColorSet/normal/colorLut8 38617-38628
//odm/etc/camera/pf/PerfectColorSet/normal/colorLut9 38629-38640
//odm/etc/camera/pf/PerfectColorSet/portrait/ColorLut 38648-38864
//odm/etc/camera/pf/PerfectColorSet/portrait/CurveLut 38865-38868
//odm/etc/camera/pf/PerfectColorSet/portrait/colorLut0 38869-38878
//odm/etc/camera/pf/PerfectColorSet/portrait/colorLut1 38879-38890
//odm/etc/camera/pf/PerfectColorSet/portrait/colorLut10 38891-38902
//odm/etc/camera/pf/PerfectColorSet/portrait/colorLut11 38903-38914
//odm/etc/camera/pf/PerfectColorSet/portrait/colorLut12 38915-38926
//odm/etc/camera/pf/PerfectColorSet/portrait/colorLut13 38927-38937
//odm/etc/camera/pf/PerfectColorSet/portrait/colorLut14 38938-38949
//odm/etc/camera/pf/PerfectColorSet/portrait/colorLut15 38950-38961
//odm/etc/camera/pf/PerfectColorSet/portrait/colorLut16 38962-38973
//odm/etc/camera/pf/PerfectColorSet/portrait/colorLut17 38974-38985
//odm/etc/camera/pf/PerfectColorSet/portrait/colorLut18 38986-38997
//odm/etc/camera/pf/PerfectColorSet/portrait/colorLut2 38998-39009
//odm/etc/camera/pf/PerfectColorSet/portrait/colorLut3 39010-39021
//odm/etc/camera/pf/PerfectColorSet/portrait/colorLut4 39022-39033
//odm/etc/camera/pf/PerfectColorSet/portrait/colorLut5 39034-39045
//odm/etc/camera/pf/PerfectColorSet/portrait/colorLut6 39046-39057
//odm/etc/camera/pf/PerfectColorSet/portrait/colorLut7 39058-39069
//odm/etc/camera/pf/PerfectColorSet/portrait/colorLut8 39070-39081
//odm/etc/camera/pf/PerfectColorSet/portrait/colorLut9 39082-39093
//odm/etc/camera/pfb_bin/BeardSharp.bin 39101
//odm/etc/camera/pfb_bin/BeardSharp.frag 39102
//odm/etc/camera/pfb_bin/PreAddSRBinary.bin 39103
//odm/etc/camera/pfb_bin/PreCalVarBinary.bin 39104
//odm/etc/camera/pfb_bin/PreCalcSRBinary.bin 39105
//odm/etc/camera/pfb_bin/PreDepouchBinary.bin 39106
//odm/etc/camera/pfb_bin/PreEyeMeanBinary.bin 39107
//odm/etc/camera/pfb_bin/PreHighPassBinary.bin 39108
//odm/etc/camera/pfb_bin/PreHighPassPreBinary.bin 39109-39110
//odm/etc/camera/pfb_bin/PreHoriFilterBinary.bin 39111
//odm/etc/camera/pfb_bin/PreMakeupBinary.bin 39112-39113
//odm/etc/camera/pfb_bin/PreMakeupMultiFaceBinary.bin 39114-39115
//odm/etc/camera/pfb_bin/PreMakeupSingleFaceBinary.bin 39116-39117
//odm/etc/camera/pfb_bin/PreMixImageBinary.bin 39118
//odm/etc/camera/pfb_bin/PreMorphBinary.bin 39119
//odm/etc/camera/pfb_bin/PreOnlywhitenBinary.bin 39120
//odm/etc/camera/pfb_bin/PreSkintuneBinary.bin 39121
//odm/etc/camera/pfb_bin/PreSkintuneMRTBinary.bin 39122
//odm/etc/camera/pfb_bin/PreSurfaceBlurBinary.bin 39123
//odm/etc/camera/pfb_bin/PreVertFilterBinary.bin 39124
//odm/etc/camera/pfb_bin/PreVertSurBinary.bin 39125
//odm/etc/camera/pfb_bin/SkinCalcHue.bin 39126
//odm/etc/camera/pfb_bin/SkinColorBlur.bin 39128-39129
//odm/etc/camera/pfb_bin/SkinColorBlur.frag 39130
//odm/etc/camera/pfb_bin/SkinColorUnify.bin 39131
//odm/etc/camera/pfb_bin/SkinHueUnify.bin 39133
//odm/etc/camera/pfb_bin/ThirdPartyPreHoriFilterBinary.bin 39135
//odm/etc/camera/pfb_bin/ThirdPartyPreMorphBinary.bin 39136
//odm/etc/camera/pfb_bin/ThirdPartyPreOnlywhitenBinary.bin 39137
//odm/etc/camera/pfb_bin/ThirdPartyPreSkintuneBinary.bin 39138
//odm/etc/camera/pfb_bin/ThirdPartyPreSkintuneMRTBinary.bin 39139
//odm/etc/camera/pfb_bin/ThirdPartyPreVertFilterBinary.bin 39140
//odm/etc/camera/pfb_bin/ThirdPartyPreVertSurBinary.bin 39141
//odm/etc/camera/sticker/M_SenseME_Action_5.2.12.model 39145-40029
//odm/etc/camera/sticker/material/animoji/data.zip 40030-41539
//odm/etc/camera/sticker/material/animoji/snowleopard_v_0_0_0_9.zip 41541-42309
//odm/etc/camera/tonemap/tonemap_lut_0 42314-42324
//odm/etc/camera/tonemap/tonemap_lut_1 42325-42336
//odm/etc/camera/tonemap/tonemap_lut_10 42337-42348
//odm/etc/camera/tonemap/tonemap_lut_2 42349-42360
//odm/etc/camera/tonemap/tonemap_lut_3 42361-42372
//odm/etc/camera/tonemap/tonemap_lut_4 42373-42384
//odm/etc/camera/tonemap/tonemap_lut_5 42385-42396
//odm/etc/camera/tonemap/tonemap_lut_6 42397-42408
//odm/etc/camera/tonemap/tonemap_lut_7 42409-42420
//odm/etc/camera/tonemap/tonemap_lut_8 42421-42432
//odm/etc/camera/tonemap/tonemap_lut_9 42433-42444
//odm/etc/devices_config/devices_config.json 42446
//odm/etc/dolby/multimedia_dolby_dax_default.xml 42447-42449
//odm/etc/gps.conf 42453-42454
//odm/etc/init/hw/init.oplus.display.rc 42458
//odm/etc/init/init.oppo.reserve.rc 42461
//odm/etc/init/ormsHalService-default.rc 42463
//odm/etc/init/vendor_engineermode.rc 42471
//odm/etc/irissoft.fw 42482-42667
//odm/etc/izat.conf 42668
//odm/etc/libnfc-nci.conf 42669
//odm/etc/lvimfs_params/LVACFS_Configuration.txt 42670
//odm/etc/lvimfs_params/LVIMFS_Calibration_2mic.dat 42671-42776
//odm/etc/lvimfs_params/LVIMFS_Parameter_ID10_MIC_VR.txt 42777
//odm/etc/lvimfs_params/LVIMFS_Parameter_ID11_HE.txt 42778
//odm/etc/lvimfs_params/LVIMFS_Parameter_ID12_HE_APP1.txt 42779
//odm/etc/lvimfs_params/LVIMFS_Parameter_ID13_HE_APP2.txt 42780
//odm/etc/lvimfs_params/LVIMFS_Parameter_ID14_HE_Cam.txt 42781
//odm/etc/lvimfs_params/LVIMFS_Parameter_ID15_HE_Conference.txt 42782
//odm/etc/lvimfs_params/LVIMFS_Parameter_ID16_HE_Fast.txt 42783
//odm/etc/lvimfs_params/LVIMFS_Parameter_ID17_HE_Interview.txt 42784
//odm/etc/lvimfs_params/LVIMFS_Parameter_ID18_HE_Unprocess.txt 42785
//odm/etc/lvimfs_params/LVIMFS_Parameter_ID19_HE_Voice.txt 42786
//odm/etc/lvimfs_params/LVIMFS_Parameter_ID1_MIC_Normal.txt 42787
//odm/etc/lvimfs_params/LVIMFS_Parameter_ID20_HE_VR.txt 42788
//odm/etc/lvimfs_params/LVIMFS_Parameter_ID21_USB_Normal.txt 42789
//odm/etc/lvimfs_params/LVIMFS_Parameter_ID22_USB_APP1.txt 42790
//odm/etc/lvimfs_params/LVIMFS_Parameter_ID23_BT_Normal.txt 42791
//odm/etc/lvimfs_params/LVIMFS_Parameter_ID24_BT_APP1.txt 42792
//odm/etc/lvimfs_params/LVIMFS_Parameter_ID2_MIC_APP1.txt 42793
//odm/etc/lvimfs_params/LVIMFS_Parameter_ID3_MIC_APP2.txt 42794
//odm/etc/lvimfs_params/LVIMFS_Parameter_ID4_MIC_Cam.txt 42795
//odm/etc/lvimfs_params/LVIMFS_Parameter_ID5_MIC_Conference.txt 42796
//odm/etc/lvimfs_params/LVIMFS_Parameter_ID6_MIC_Fast.txt 42797
//odm/etc/lvimfs_params/LVIMFS_Parameter_ID7_MIC_Interview.txt 42798
//odm/etc/lvimfs_params/LVIMFS_Parameter_ID8_MIC_Unprocess.txt 42799
//odm/etc/lvimfs_params/LVIMFS_Parameter_ID9_MIC_Voice.txt 42800
//odm/etc/media_profiles_V1_0.xml 42803
//odm/etc/mixer_paths.xml 42804-42808
//odm/etc/modem_custom.cfg 42809
//odm/etc/modem_data.cfg 42810
//odm/etc/modem_voice.cfg 42813
//odm/etc/nfc/libnfc-hal-st.conf_21603 42818
//odm/etc/nfc/libnfc-hal-st.conf_21675 42819
//odm/etc/nfc/libnfc-hal-st.conf_21676 42820
//odm/etc/nfc/libnfc-mtp-SN100.conf_19815 42821-42824
//odm/etc/nfc/libnfc-mtp-SN100.conf_19816 42825-42828
//odm/etc/nfc/libnfc-mtp-SN100.conf_19825 42829-42832
//odm/etc/nfc/libnfc-mtp-SN100.conf_19826 42833-42836
//odm/etc/nfc/libnfc-mtp-SN100.conf_20031 42837-42840
//odm/etc/nfc/libnfc-mtp-SN100.conf_20085 42841-42844
//odm/etc/nfc/libnfc-mtp-SN100.conf_20311 42845-42848
//odm/etc/nfc/libnfc-mtp-SN100.conf_20627 42849-42852
//odm/etc/nfc/libnfc-mtp-SN100.conf_20659 42853-42856
//odm/etc/nfc/libnfc-mtp-SN100.conf_20664 42857-42860
//odm/etc/nfc/libnfc-mtp-SN100.conf_20666 42861-42864
//odm/etc/nfc/libnfc-mtp-SN100.conf_20755 42865-42868
//odm/etc/nfc/libnfc-mtp-SN100.conf_20820 42869-42872
//odm/etc/nfc/libnfc-mtp-SN100.conf_20821 42873-42876
//odm/etc/nfc/libnfc-mtp-SN100.conf_20851 42877-42880
//odm/etc/nfc/libnfc-mtp-SN100.conf_20852 42881-42884
//odm/etc/nfc/libnfc-mtp-SN100.conf_20853 42885-42888
//odm/etc/nfc/libnfc-mtp-SN100.conf_20854 42889-42891
//odm/etc/nfc/libnfc-mtp-SN100.conf_20857 42892-42895
//odm/etc/nfc/libnfc-mtp-SN100.conf_20858 42896-42899
//odm/etc/nfc/libnfc-mtp-SN100.conf_20859 42900-42903
//odm/etc/nfc/libnfc-mtp-SN100.conf_2085A 42904-42906
//odm/etc/nfc/libnfc-mtp-SN100.conf_21005 42907-42910
//odm/etc/nfc/libnfc-mtp-SN100.conf_21031 42911-42914
//odm/etc/nfc/libnfc-mtp-SN100.conf_21051 42915-42918
//odm/etc/nfc/libnfc-mtp-SN100.conf_21147 42919-42922
//odm/etc/nfc/libnfc-mtp-SN100.conf_21205 42923-42926
//odm/etc/nfc/libnfc-mtp-SN100.conf_21617 42927-42930
//odm/etc/nfc/libnfc-mtp-SN100.conf_216B2 42931-42934
//odm/etc/nfc/libnfc-mtp-SN100.conf_22055 42935-42938
//odm/etc/nfc/libnfc-mtp-SN100.conf_22101 42939-42942
//odm/etc/nfc/libnfc-mtp-SN100.conf_22235 42943-42946
//odm/etc/nfc/libnfc-mtp-SN100.conf_22236 42948-42951
//odm/etc/nfc/libnfc-mtp-SN220.conf_22813 42952-42955
//odm/etc/nfc/libnfc-mtp-SN220.conf_22867 42956-42959
//odm/etc/nfc/libnfc-nci.conf_19815 42960
//odm/etc/nfc/libnfc-nci.conf_19816 42961
//odm/etc/nfc/libnfc-nci.conf_19825 42962
//odm/etc/nfc/libnfc-nci.conf_19826 42963
//odm/etc/nfc/libnfc-nci.conf_20031 42964
//odm/etc/nfc/libnfc-nci.conf_20085 42965
//odm/etc/nfc/libnfc-nci.conf_20311 42966
//odm/etc/nfc/libnfc-nci.conf_20627 42967
//odm/etc/nfc/libnfc-nci.conf_20659 42968
//odm/etc/nfc/libnfc-nci.conf_20664 42969
//odm/etc/nfc/libnfc-nci.conf_20666 42970
//odm/etc/nfc/libnfc-nci.conf_20755 42971
//odm/etc/nfc/libnfc-nci.conf_20820 42972
//odm/etc/nfc/libnfc-nci.conf_20821 42973
//odm/etc/nfc/libnfc-nci.conf_20851 42974
//odm/etc/nfc/libnfc-nci.conf_20852 42975
//odm/etc/nfc/libnfc-nci.conf_20853 42976
//odm/etc/nfc/libnfc-nci.conf_20854 42977
//odm/etc/nfc/libnfc-nci.conf_20857 42978
//odm/etc/nfc/libnfc-nci.conf_20858 42979
//odm/etc/nfc/libnfc-nci.conf_20859 42980
//odm/etc/nfc/libnfc-nci.conf_2085A 42981
//odm/etc/nfc/libnfc-nci.conf_21005 42982
//odm/etc/nfc/libnfc-nci.conf_21031 42983
//odm/etc/nfc/libnfc-nci.conf_21051 42984
//odm/etc/nfc/libnfc-nci.conf_21147 42985
//odm/etc/nfc/libnfc-nci.conf_21205 42986
//odm/etc/nfc/libnfc-nci.conf_21603 42987
//odm/etc/nfc/libnfc-nci.conf_21617 42988
//odm/etc/nfc/libnfc-nci.conf_21675 42989
//odm/etc/nfc/libnfc-nci.conf_21676 42990
//odm/etc/nfc/libnfc-nci.conf_216B2 42991
//odm/etc/nfc/libnfc-nci.conf_22055 42992
//odm/etc/nfc/libnfc-nci.conf_22101 42993
//odm/etc/nfc/libnfc-nci.conf_22235 42994
//odm/etc/nfc/libnfc-nci.conf_22236 42995
//odm/etc/nfc/libnfc-nci.conf_22813 42996
//odm/etc/nfc/libnfc-nci.conf_22867 42997
//odm/etc/nfc/libnfc_accesscard_config.conf_22055 43013
//odm/etc/nfc/libnfc_accesscard_config.conf_22101 43014
//odm/etc/nfc/libnfc_accesscard_index0_config.conf_22055 43021
//odm/etc/nfc/libnfc_accesscard_index0_config.conf_22101 43022
//odm/etc/nfc/libnfc_accesscard_index1_config.conf_22055 43029
//odm/etc/nfc/libnfc_accesscard_index1_config.conf_22101 43030
//odm/etc/nfc/libnfc_accesscard_index2_config.conf_22055 43037
//odm/etc/nfc/libnfc_accesscard_index2_config.conf_22101 43038
//odm/etc/nfc/libnfc_accesscard_index3_config.conf_22055 43045
//odm/etc/nfc/libnfc_accesscard_index3_config.conf_22101 43046
//odm/etc/nfc/libnfc_beijing_config.conf_20085 43066
//odm/etc/nfc/libnfc_beijing_config.conf_21005 43077
//odm/etc/nfc/libnfc_beijing_config.conf_21031 43078
//odm/etc/nfc/libnfc_beijing_config.conf_21147 43080
//odm/etc/nfc/libnfc_beijing_config.conf_21617 43081
//odm/etc/nfc/libnfc_beijing_config.conf_22055 43082
//odm/etc/nfc/libnfc_car_config.conf_20031 43085
//odm/etc/nfc/libnfc_car_config.conf_20085 43086
//odm/etc/nfc/libnfc_car_config.conf_20820 43087
//odm/etc/nfc/libnfc_car_config.conf_21005 43088
//odm/etc/nfc/libnfc_car_config.conf_21031 43089
//odm/etc/nfc/libnfc_car_config.conf_21051 43090
//odm/etc/nfc/libnfc_car_config.conf_21147 43091
//odm/etc/nfc/libnfc_car_config.conf_22055 43092
//odm/etc/nfc/libnfc_changchun_config.conf_21005 43096
//odm/etc/nfc/libnfc_changsha_config.conf_20085 43100
//odm/etc/nfc/libnfc_changsha_config.conf_21005 43102
//odm/etc/nfc/libnfc_changsha_config.conf_21031 43103
//odm/etc/nfc/libnfc_chongqing_config.conf_21005 43107
//odm/etc/nfc/libnfc_dalian_config.conf_21005 43108
//odm/etc/nfc/libnfc_dcep_config.conf_21005 43109
//odm/etc/nfc/libnfc_default_config.conf_20031 43114
//odm/etc/nfc/libnfc_default_config.conf_20085 43115
//odm/etc/nfc/libnfc_default_config.conf_20664 43119
//odm/etc/nfc/libnfc_default_config.conf_20820 43120
//odm/etc/nfc/libnfc_default_config.conf_21005 43129
//odm/etc/nfc/libnfc_default_config.conf_21031 43130
//odm/etc/nfc/libnfc_default_config.conf_21051 43131
//odm/etc/nfc/libnfc_default_config.conf_21147 43132
//odm/etc/nfc/libnfc_default_config.conf_22055 43134
//odm/etc/nfc/libnfc_default_config.conf_22101 43135
//odm/etc/nfc/libnfc_fuzhou_config.conf_21031 43139
//odm/etc/nfc/libnfc_guangzhou_config.conf_20085 43145
//odm/etc/nfc/libnfc_guangzhou_config.conf_20820 43146
//odm/etc/nfc/libnfc_guangzhou_config.conf_21005 43155
//odm/etc/nfc/libnfc_guangzhou_config.conf_21147 43158
//odm/etc/nfc/libnfc_guangzhou_config.conf_21617 43159
//odm/etc/nfc/libnfc_guangzhou_config.conf_22055 43160
//odm/etc/nfc/libnfc_guiyang_config.conf_21031 43161
//odm/etc/nfc/libnfc_haerbin_config.conf_20085 43162
//odm/etc/nfc/libnfc_haerbin_config.conf_21005 43163
//odm/etc/nfc/libnfc_hefei_config.conf_19825 43164
//odm/etc/nfc/libnfc_hefei_config.conf_20085 43165
//odm/etc/nfc/libnfc_hefei_config.conf_20820 43167
//odm/etc/nfc/libnfc_hefei_config.conf_21005 43168
//odm/etc/nfc/libnfc_hefei_config.conf_21031 43169
//odm/etc/nfc/libnfc_hefei_config.conf_21147 43170
//odm/etc/nfc/libnfc_hefei_config.conf_22055 43172
//odm/etc/nfc/libnfc_hefei_config.conf_22101 43173
//odm/etc/nfc/libnfc_jinan_config.conf_21005 43174
//odm/etc/nfc/libnfc_nanjing_config.conf_21031 43175
//odm/etc/nfc/libnfc_nanning_config.conf_21005 43176
//odm/etc/nfc/libnfc_nanning_config.conf_21031 43177
//odm/etc/nfc/libnfc_ningbo_config.conf_21005 43178
//odm/etc/nfc/libnfc_shanghai_config.conf_20085 43181
//odm/etc/nfc/libnfc_shanghai_config.conf_21005 43183
//odm/etc/nfc/libnfc_shenyang_config.conf_21005 43187
//odm/etc/nfc/libnfc_shenzhen_config.conf_20085 43193
//odm/etc/nfc/libnfc_shenzhen_config.conf_21005 43203
//odm/etc/nfc/libnfc_shenzhen_config.conf_21147 43206
//odm/etc/nfc/libnfc_shenzhen_config.conf_21617 43207
//odm/etc/nfc/libnfc_shenzhen_config.conf_22055 43208
//odm/etc/nfc/libnfc_shiyan_config.conf_21005 43209
//odm/etc/nfc/libnfc_suzhou_config.conf_21005 43210
//odm/etc/nfc/libnfc_taicang_config.conf_21005 43211
//odm/etc/nfc/libnfc_tianjin_config.conf_21005 43214
//odm/etc/nfc/libnfc_weifang_config.conf_21005 43217
//odm/etc/nfc/libnfc_wuhan_config.conf_21005 43218
//odm/etc/nfc/libnfc_wuxi_config.conf_21005 43220
//odm/etc/nfc/libnfc_xiamen_config.conf_22055 43223
//odm/etc/nfc/libnfc_xian_config.conf_21005 43224
//odm/etc/nfc/libnfc_yantai_config.conf_21005 43225
//odm/etc/nfc/libnfc_yulin_config.conf_21005 43226
//odm/etc/nfc/libnfc_zhengzhou_config.conf_21005 43228
//odm/etc/nfc/pnscr/libnfc-nxp-pnscr.conf 43230-43231
//odm/etc/nfc/pnscr/sn100u_bootup.pnscr 43232
//odm/etc/nfc/pnscr/sn100u_ese_disableIso.pnscr 43233
//odm/etc/nfc/pnscr/sn100u_ese_disableIsoRead.pnscr 43234
//odm/etc/nfc/pnscr/sn100u_pnx_ese_aclog.pnscr 43238
//odm/etc/nfc/pnscr/sn100u_pnx_ese_cplc.pnscr 43239
//odm/etc/nfc/pnscr/sn100u_pnx_ese_fabkey.pnscr 43240
//odm/etc/nfc/pnscr/sn100u_pnx_ese_free.pnscr 43241
//odm/etc/nfc/pnscr/sn100u_pnx_ese_keyset.pnscr 43242
//odm/etc/nfc/pnscr/sn100u_pnx_ese_sn.pnscr 43243
//odm/etc/nfc/pnscr/sn100u_pnx_freq.pnscr 43244
//odm/etc/nfc/sn100u.bin_sn100t_fw_01_10_53 43245-43293
//odm/etc/nfc/sn100u.bin_sn100t_fw_01_10_57 43295-43343
//odm/etc/nfc/sn100u.bin_sn100t_fw_01_10_68 43345-43393
//odm/etc/nfc/sn220u.bin_sn220tu_fw_01_01_2B 43395-43444
//odm/etc/nfc/st21nfc_fw.bin_st21h 43445-43495
//odm/etc/nfc/st21nfc_fw7.bin_st21h 43496-43546
//odm/etc/oplus.fstab 43548
//odm/etc/orms/orms_core_config.xml 43549-43573
//odm/etc/ozosdk_CC160.license 43574-44076
//odm/etc/ozosdk_CC169.license 44077-44587
//odm/etc/ozosdk_x3_x3pro.license 44588-45071
//odm/etc/power_profile/power_profile.xml 45072-45073
//odm/etc/sap.conf 45074
//odm/etc/selinux/precompiled_sepolicy 45075-45260
//odm/etc/selinux/precompiled_sepolicy_debug 45261-45449
//odm/etc/sensor/config/lahaina_qrd_cct.json 45451
//odm/etc/sensor/config/lahaina_qrd_cct_rear.json 45452
//odm/etc/sensor/config/lahaina_qrd_lsm6dso.json 45453
//odm/etc/sensor/config/lahaina_qrd_mmc56x3x.json 45454
//odm/etc/sound_trigger_mixer_paths.xml 45456
//odm/etc/sound_trigger_platform_info.xml 45457-45458
//odm/etc/temperature_profile/sys_thermal_control_config.xml 45460-45461
//odm/etc/uah/uahconfig.pb 45462-45478
//odm/etc/vintf/network_manifest_dsds.xml 45483
//odm/etc/vintf/network_manifest_ssss.xml 45484
//odm/etc/virtual_audio_policy_configuration.xml 45485
//odm/etc/wifi/bdwlan.elf 45486-45489
//odm/etc/wifi/regdb.bin 45490
//odm/firmware/fastchg/21075/oplus_vooc_fw_rk826.bin 45491-45493
//odm/firmware/fastchg/21075/oplus_vooc_fw_rt5125.bin 45494-45496
//odm/firmware/fastchg/22831/oplus_vooc_fw_rk826.bin 45497-45499
//odm/firmware/fastchg/22831/oplus_vooc_fw_rt5125.bin 45500-45502
//odm/firmware/tp/19815/FW_S3908_SAMSUNG.img 45504-45553
//odm/firmware/tp/19815/FW_S3908_SAMSUNG_FAE.img 45554-45603
//odm/firmware/tp/19815/LIMIT_S3908_SAMSUNG.img 45604
//odm/firmware/tp/19825/FW_S6SY792_SAMSUNG.bin 45605-45648
//odm/firmware/tp/19825/FW_S6SY792_SAMSUNG_FAE.bin 45649-45692
//odm/firmware/tp/19825/LIMIT_S6SY792_SAMSUNG.img 45693
//odm/firmware/tp/20031/FW_S3908_SAMSUNG.img 45694-45743
//odm/firmware/tp/20031/FW_S3908_SAMSUNG_FAE.img 45744-45793
//odm/firmware/tp/20031/LIMIT_S3908_SAMSUNG.img 45794
//odm/firmware/tp/20085/FW_S3908_BOE.img 45795-45844
//odm/firmware/tp/20085/FW_S3908_BOE_FAE.img 45845-45894
//odm/firmware/tp/20085/FW_ST80Y_SAMSUNG.img 45895-45919
//odm/firmware/tp/20085/FW_ST80Y_SAMSUNG_FAE.img 45920-45944
//odm/firmware/tp/20085/LIMIT_S3908_BOE.img 45945
//odm/firmware/tp/20085/LIMIT_ST80Y_SAMSUNG.img 45946
//odm/firmware/tp/20085/LIMIT_ST80Y_SAMSUNG_AGING.img 45947
//odm/firmware/tp/20627/FW_FT3518_SAMSUNG.img 45948-45962
//odm/firmware/tp/20627/FW_FT3518_SAMSUNG_FAE.img 45963-45977
//odm/firmware/tp/20627/LIMIT_FT3518_SAMSUNG.img 45978-45980
//odm/firmware/tp/20659/FW_S6SY792_SAMSUNG.bin 45981-46024
//odm/firmware/tp/20659/FW_S6SY792_SAMSUNG_FAE.bin 46025-46068
//odm/firmware/tp/20659/LIMIT_S6SY792_SAMSUNG.img 46069
//odm/firmware/tp/20820/FW_S3908_SAMSUNG.img 46070-46119
//odm/firmware/tp/20820/FW_S3908_SAMSUNG_FAE.img 46121-46170
//odm/firmware/tp/20820/LIMIT_S3908_SAMSUNG.img 46172
//odm/firmware/tp/21005/FW_S3908_BOE.img 46173-46222
//odm/firmware/tp/21005/FW_S3908_BOE_FAE.img 46223-46272
//odm/firmware/tp/21005/FW_S3908_SAMSUNG.img 46273-46322
//odm/firmware/tp/21005/FW_S3908_SAMSUNG_FAE.img 46323-46372
//odm/firmware/tp/21005/LIMIT_S3908_BOE.img 46373
//odm/firmware/tp/21005/LIMIT_S3908_BOE_AGING.img 46374
//odm/firmware/tp/21005/LIMIT_S3908_SAMSUNG.img 46375
//odm/firmware/tp/21005/LIMIT_S3908_SAMSUNG_AGING.img 46376
//odm/firmware/tp/21031/FW_FT3518_SAMSUNG.img 46377-46391
//odm/firmware/tp/21031/FW_FT3518_SAMSUNG_FAE.img 46392-46406
//odm/firmware/tp/21031/LIMIT_FT3518_SAMSUNG.img 46407-46408
//odm/firmware/tp/21051/FW_S3908_SAMSUNG.img 46409-46458
//odm/firmware/tp/21051/FW_S3908_SAMSUNG_FAE.img 46459-46508
//odm/firmware/tp/21051/LIMIT_S3908_SAMSUNG.img 46509
//odm/firmware/tp/21075/FW_NF_ILI7807S_BOE_FAE.img 46510-46565
//odm/firmware/tp/21075/FW_NF_ILI7807S_DSJM.img 46566-46623
//odm/firmware/tp/21075/FW_NF_ILI7807S_DSJM_FAE.img 46624-46681
//odm/firmware/tp/21075/LIMIT_NF_ILI7807S_BOE.img 46682
//odm/firmware/tp/21075/LIMIT_NF_ILI7807S_DSJM.img 46683-46685
//odm/firmware/tp/21147/FW_FT3658U_SAMSUNG.img 46686-46711
//odm/firmware/tp/21147/FW_FT3658U_SAMSUNG_FAE.img 46712-46737
//odm/firmware/tp/21147/LIMIT_FT3658U_SAMSUNG.img 46738-46740
//odm/firmware/tp/21603/FW_FT3518_SAMSUNG.img 46741-46755
//odm/firmware/tp/21603/FW_FT3518_SAMSUNG_FAE.img 46756-46770
//odm/firmware/tp/21603/LIMIT_FT3518_SAMSUNG.img 46771-46773
//odm/firmware/tp/21617/FW_FT3658U_SAMSUNG.img 46774-46799
//odm/firmware/tp/21617/FW_FT3658U_SAMSUNG_FAE.img 46800-46825
//odm/firmware/tp/21617/LIMIT_FT3658U_SAMSUNG.img 46826-46828
//odm/firmware/tp/21643/FW_NF_ILI7807S_DSJM.img 46829-46884
//odm/firmware/tp/21643/FW_NF_ILI7807S_DSJM_FAE.img 46885-46940
//odm/firmware/tp/21643/LIMIT_NF_ILI7807S_DSJM.img 46941-46943
//odm/firmware/tp/22055/FW_FT3681_BOE.img 46944-46970
//odm/firmware/tp/22055/FW_FT3681_BOE_FAE.img 46971-46997
//odm/firmware/tp/22055/FW_S3910_TIANMA.img 46998-47043
//odm/firmware/tp/22055/FW_S3910_TIANMA_FAE.img 47045-47090
//odm/firmware/tp/22055/LIMIT_FT3681_BOE.img 47092-47093
//odm/firmware/tp/22055/LIMIT_S3910_TIANMA.img 47094-47095
//odm/firmware/tp/22101/FW_FT3681_BOE.img 47096-47122
//odm/firmware/tp/22101/FW_FT3681_BOE_FAE.img 47123-47149
//odm/firmware/tp/22101/FW_S3910_TIANMA.img 47150-47196
//odm/firmware/tp/22101/FW_S3910_TIANMA_FAE.img 47197-47242 47243
//odm/firmware/tp/22101/LIMIT_FT3681_BOE.img 47244-47245
//odm/firmware/tp/22101/LIMIT_S3910_TIANMA.img 47246-47247
//odm/firmware/tp/22235/FW_FT3681_BOE.img 47248-47274
//odm/firmware/tp/22235/FW_FT3681_BOE_FAE.img 47275-47301
//odm/firmware/tp/22235/FW_S3910_TIANMA.img 47302-47348
//odm/firmware/tp/22235/FW_S3910_TIANMA_FAE.img 47349-47394 47395
//odm/firmware/tp/22235/LIMIT_FT3681_BOE.img 47396-47397
//odm/firmware/tp/22235/LIMIT_S3910_TIANMA.img 47398-47399
//odm/firmware/tp/22813/FW_FT3681_BOE.img 47400-47427
//odm/firmware/tp/22813/FW_FT3681_BOE_FAE.img 47428-47455
//odm/firmware/tp/22813/LIMIT_FT3681_BOE.img 47456-47457
//odm/firmware/ufs/SAMSUNG-KLUEG8UHDB-C2D1.bin 47458-47578
//odm/firmware/ufs/SAMSUNG-KLUFG8RHDB-B0E1.bin 47579-47699
//odm/framework/oat/arm/vendor.oplus.hardware.appradio-V1.0-java.odex 47700
//odm/framework/oat/arm/vendor.oplus.hardware.charger-V1.0-java.odex 47701
//odm/framework/oat/arm/vendor.oplus.hardware.ims-V1.0-java.odex 47702
//odm/framework/oat/arm/vendor.oplus.hardware.orms-V1.0-java.odex 47703
//odm/framework/oat/arm/vendor.oplus.hardware.orms.ormsHalService-V1.0-java.odex 47704
//odm/framework/oat/arm/vendor.oplus.hardware.osense.client-V1.0-java.odex 47705
//odm/framework/oat/arm/vendor.oplus.hardware.radio-V1.0-java.odex 47706
//odm/framework/oat/arm/vendor.oplus.hardware.stability.oplus_project-V1.0-java.odex 47707
//odm/framework/oat/arm/vendor.oplus.hardware.thermalmntcfg-V1.0-java.odex 47708
//odm/framework/oat/arm64/vendor.oplus.hardware.appradio-V1.0-java.odex 47709
//odm/framework/oat/arm64/vendor.oplus.hardware.charger-V1.0-java.odex 47710
//odm/framework/oat/arm64/vendor.oplus.hardware.ims-V1.0-java.odex 47711
//odm/framework/oat/arm64/vendor.oplus.hardware.orms-V1.0-java.odex 47712
//odm/framework/oat/arm64/vendor.oplus.hardware.orms.ormsHalService-V1.0-java.odex 47713
//odm/framework/oat/arm64/vendor.oplus.hardware.osense.client-V1.0-java.odex 47714
//odm/framework/oat/arm64/vendor.oplus.hardware.radio-V1.0-java.odex 47715
//odm/framework/oat/arm64/vendor.oplus.hardware.stability.oplus_project-V1.0-java.odex 47716
//odm/framework/oat/arm64/vendor.oplus.hardware.thermalmntcfg-V1.0-java.odex 47717
//odm/framework/vendor.oplus.hardware.appradio-V1.0-java.jar 47718-47723
//odm/framework/vendor.oplus.hardware.charger-V1.0-java.jar 47724-47729
//odm/framework/vendor.oplus.hardware.ims-V1.0-java.jar 47730-47734
//odm/framework/vendor.oplus.hardware.orms-V1.0-java.jar 47735-47738
//odm/framework/vendor.oplus.hardware.orms.ormsHalService-V1.0-java.jar 47739-47742
//odm/framework/vendor.oplus.hardware.osense.client-V1.0-java.jar 47743-47747
//odm/framework/vendor.oplus.hardware.radio-V1.0-java.jar 47748-47762
//odm/framework/vendor.oplus.hardware.stability.oplus_project-V1.0-java.jar 47763-47766
//odm/framework/vendor.oplus.hardware.thermalmntcfg-V1.0-java.jar 47767-47769
//odm/lib/anc.capacitive.hal.so 47773-47791
//odm/lib/anc.hal.so 47792-47813
//odm/lib/android.frameworks.bufferhub@1.0.so 47814-47827
//odm/lib/android.hardware.biometrics.fingerprint@2.1.so 47828-47841
//odm/lib/android.hardware.biometrics.fingerprint@2.2.so 47842-47853
//odm/lib/android.hardware.biometrics.fingerprint@2.3.so 47854-47862
//odm/lib/android.hardware.camera.common@1.0.so 47863
//odm/lib/android.hardware.camera.device@1.0.so 47864-47886
//odm/lib/android.hardware.camera.device@3.2.so 47887-47904
//odm/lib/android.hardware.camera.device@3.3.so 47905-47912
//odm/lib/android.hardware.camera.device@3.4.so 47913-47925
//odm/lib/android.hardware.camera.device@3.5.so 47926-47944
//odm/lib/android.hardware.camera.device@3.6.so 47945-47963
//odm/lib/android.hardware.camera.provider@2.4.so 47968-47980
//odm/lib/android.hardware.graphics.allocator@2.0.so 47981-47989
//odm/lib/android.hardware.graphics.allocator@3.0.so 47990-47998
//odm/lib/android.hardware.graphics.allocator@4.0.so 47999-48006
//odm/lib/android.hardware.nfc@1.0.so 48007-48017
//odm/lib/android.hardware.nfc@1.1.so 48018-48029
//odm/lib/android.hardware.nfc@1.2.so 48030-48037
//odm/lib/android.hardware.secure_element@1.0-impl.so 48038-48042
//odm/lib/android.hardware.secure_element@1.0.so 48043-48054
//odm/lib/android.hardware.secure_element@1.1.so 48055-48065
//odm/lib/android.hardware.secure_element@1.2.so 48066-48073
//odm/lib/camera/components/com.arcsoft.node.eisv2.so 48074-48102
//odm/lib/camera.device@3.2-impl.so 48103-48127
//odm/lib/camera.device@3.3-impl.so 48128-48130
//odm/lib/hw/audio.binaural_record.default.so 48131-48132
//odm/lib/hw/audio.virtual.default.so 48133-48138
//odm/lib/hw/fingerprint.goodix_G2.default.so 48139
//odm/lib/hw/fingerprint.goodix_G3.default.so 48141-48142
//odm/lib/hw/fingerprint.goodix_G5.default.so 48143
//odm/lib/hw/fingerprint.goodix_G6.default.so 48145
//odm/lib/hw/fingerprint.goodix_G7.default.so 48147-48148
//odm/lib/hw/fingerprint.silead.default.so 48149-48150
//odm/lib/hw/vendor.oplus.hardware.bluetooth_audio_extend@2.1-impl.so 48151-48158
//odm/lib/hw/vendor.oplus.hardware.engcamera@1.0-impl.so 48159-48162
//odm/lib/hw/vendor.qti.esepowermanager@1.1-impl.so 48163-48166
//odm/lib/jcos_nq_client.so 48167-48170
//odm/lib/lib-virtual-modem-protos.so 48171-48263
//odm/lib/lib2DSlender.so 48264-49855
//odm/lib/libAlgoInterface.so 49857-50984
//odm/lib/libAlgoProcess.so 50986-51303
//odm/lib/libAncFilter.so 51304-51410
//odm/lib/libAncHumBokeh.so 51411-51682
//odm/lib/libAncHumBokehPost.so 51683-51954
//odm/lib/libAncHumVideoBase.so 51955
//odm/lib/libAncHumanDoubleExposure.so 51956-51958
//odm/lib/libAncHumanRetain.so 51959-51975
//odm/lib/libAncHumanSegFigureFusion.so 51976-51978
//odm/lib/libBokehPre.so 51979-51981
//odm/lib/libCOppLceTonemapAPI.so 51982-51989
//odm/lib/libDeVIS.so 51990-52004
//odm/lib/libEIS.so 52005-52030
//odm/lib/libFaceBeautyCap.so 52031-52677
//odm/lib/libFaceBeautyPre.so 52678-54286
//odm/lib/libFilterWrapper.so 54288
//odm/lib/libOGLManager.so 54289-54294
//odm/lib/libPerfectlyClearCruxOpt.so 54295-54497
//odm/lib/libPlatformValidatorShared.so 54498-54548
//odm/lib/libPolarrRender.so 54549-55771
//odm/lib/libPreviewDecisionOld.so 55774-57898
//odm/lib/libQnnHtpAltPrepStub.so 57902-58925
//odm/lib/libQnnHtpStub.so 58928-58973
//odm/lib/libRbsFlow_cap.so 58974-58988
//odm/lib/libSNPE.so 58989-59722
//odm/lib/libSNPE_G.so 59723-60212
//odm/lib/libSchedAssistExtImpl_vendor.so 60213-60217
//odm/lib/libSuperRaw.so 60218-60279
//odm/lib/libSuperTextWrapper.so 60280-60348
//odm/lib/libTrafficMode.so 60349-60355
//odm/lib/libVDBayerHDR.so 60356-61013
//odm/lib/libVDBlurless.so 61016-61631
//odm/lib/libVDBlurlessAPI_v2.so 61632-62002
//odm/lib/libVDExternal.so 62003-62059
//odm/lib/libVDSuperPhotoAPI.so 62060-62678
//odm/lib/libVDUpScale.so 62679-63082
//odm/lib/libVideoEnhance.so 63083-63201
//odm/lib/libWaterMode.so 63202-63217
//odm/lib/libXDocProcessSDK.so 63218-63866
//odm/lib/libYTCommon.so 63867-63939
//odm/lib/lib_cryptoeng_api.so 63940
//odm/lib/lib_rectify.so 63941-64019
//odm/lib/libaacvibrator.so 64020-64036
//odm/lib/libaiboost.so 64037-64820
//odm/lib/libaiboost_QnnHtpAltPrepStub.so 64821-65844
//odm/lib/libaiboost_QnnHtpStub.so 65847-65892
//odm/lib/libaiboost_hexagon.so 65893-65902
//odm/lib/libaiboost_qnn_sr.so 65903-66926
//odm/lib/libaiboost_sr.so 66929-66948
//odm/lib/libaiboost_ubwc.so 66949-66951
//odm/lib/libaiseg.so 66952-66953
//odm/lib/libalCFR.so 66954-67007
//odm/lib/libancbase_rt_bokeh.so 67008-68656
//odm/lib/libapsexif.so 68659-68682
//odm/lib/libapsjpeg.so 68683-68728
//odm/lib/libapspng.so 68729-68758
//odm/lib/libapsyuv.so 68759-68793
//odm/lib/libarcsoft_distortion_correction.so 68794-69116
//odm/lib/libarcsoft_hdr_couple_api_v4.so 69117-69203
//odm/lib/libarcsoft_hdr_denoise_api.so 69204-69287
//odm/lib/libarcsoft_hdr_denoise_api_v4.so 69288-69374
//odm/lib/libarcsoft_high_dynamic_range.so 69375-70021
//odm/lib/libarcsoft_high_dynamic_range_couple_v4.so 70022-70033
//odm/lib/libarcsoft_high_dynamic_range_v4.so 70034-70045
//odm/lib/libarcsoft_lensstaindetection.so 70046-70464
//odm/lib/libarcsoft_low_light_hdr.so 70465-72124
//odm/lib/libarcsoft_scbokeh_video.so 72127-72147
//odm/lib/libarcsoft_smart_denoise.so 72148-72163
//odm/lib/libarcsoft_smart_denoise_v4.so 72164-72179
//odm/lib/libaudioEngineerTest.so 72180-72188
//odm/lib/libav_ozodecoder.so 72189-72337
//odm/lib/libav_ozoencoder.so 72338-72441
//odm/lib/libavcodec.so 72442-74243
//odm/lib/libavformat.so 74246-74379
//odm/lib/libavutil.so 74380-74464
//odm/lib/libbluetooth_audio_extend_factory_client.so 74465
//odm/lib/libbluetooth_audio_extend_session_oplus.so 74466-74749
//odm/lib/libbsproxy.so 74750-74753
//odm/lib/libc++_shared.so 74754-74835
//odm/lib/libcalculator.so 74836-74837
//odm/lib/libcalculator_domains.so 74838-74839
//odm/lib/libcalculator_htp.so 74840
//odm/lib/libcdm_metrics_protos.so 74841-74858
//odm/lib/libcdm_protos.so 74859-74921
//odm/lib/libchrome.so 74922-75057
//odm/lib/libcodec2_soft_ozodec.so 75058-75074
//odm/lib/libcodec2_soft_ozoenc.so 75075-75095
//odm/lib/libcom.oplus.calidatacontainer.so 75096-75097
//odm/lib/libcommcenterfw.so 75098-75103
//odm/lib/libdapparamstorage_v3_6.so 75104-75106
//odm/lib/libdav1d.so.4 75107-75231
//odm/lib/libdeccfg_v3_6.so 75232-75236
//odm/lib/libdlbdsservice_v3_6.so 75237-75283
//odm/lib/libdmtp-protos-lite.so 75284-75286
//odm/lib/libdmtp.so 75287-75299
//odm/lib/libdmtpclient.so 75300-75310
//odm/lib/libdpservice.so 75311-75314
//odm/lib/libeffect_custom.so 75315-75578
//odm/lib/libexif-jpeg-aps.so 75579-75604
//odm/lib/libffmpeg_omx.so 75605-75612
//odm/lib/libfido_factory.so 75613
//odm/lib/libgf_hal_G2.so 75615-76283
//odm/lib/libgf_hal_G3.so 76284-76967
//odm/lib/libgf_hal_G5.so 76968-76997
//odm/lib/libgf_hal_G6.so 76998-77034
//odm/lib/libgf_hal_G7.so 77035-77114
//odm/lib/libhta.so 77115-77446
//odm/lib/libhwconfigurationutil.so 77447-77457
//odm/lib/libhyperlapse.so 77458-77478
//odm/lib/libifaa_factory.so 77479
//odm/lib/libimgClarityEvaluate.so 77481-78288
//odm/lib/liblvimfs.so 78291-78354
//odm/lib/liblvimfs_wrapper.so 78355-78358
//odm/lib/libmindroid-app.so 78359-78360
//odm/lib/libmindroid-framework.so 78361-78515
//odm/lib/libmpbase.so 78516
//odm/lib/libnpu.so 78517-78788
//odm/lib/liboemcrypto.so 78789-78809
//odm/lib/libolc_vnd.so 78810-78811
//odm/lib/libop-ai-beauty-body-detection.so 78812-78850
//odm/lib/libop-ai-beauty-faceretouch-cn.so 78851-78897
//odm/lib/liboplus-uah-client.so 78898-78919
//odm/lib/liboplus_service.so 78920-78922
//odm/lib/liboplusvppfilter.so 78923-78965
//odm/lib/libormshalclient.so 78966-78968
//odm/lib/libosenseaidlhalclient.so 78969-78973
//odm/lib/libosensehalclient.so 78974-78977
//odm/lib/libosie_process.so 78978-78994
//odm/lib/libosie_stub.so 78995-78996
//odm/lib/libozoaudiodecoder.so 78997-79809
//odm/lib/libozoaudioencoder.so 79810-80653
//odm/lib/libozoc2store.so 80654-80673
//odm/lib/libpn553_fw.so 80674-80681
//odm/lib/libpn557_fw.so 80682-80689
//odm/lib/libpngwrapper.so 80690
//odm/lib/libpnscr2_aidl.so 80691-80722
//odm/lib/libpwirisIoctlWrapper.so 80723
//odm/lib/libpwirisPCS.so 80724-80739
//odm/lib/libpwiriscalibrate.so 80740-80759
//odm/lib/libpwirisfeature.so 80760
//odm/lib/libpwirishalwrapper.so 80762-80769
//odm/lib/libpwirispq.so 80770-80872
//odm/lib/libpwirisservice.so 80873-80933
//odm/lib/libpwirissoft.so 80934-81020
//odm/lib/libpwsoftirisPCS.so 81021-81051
//odm/lib/libqsee_keybox_ca.so 81052-81060
//odm/lib/libqtigef.so 81061-81063
//odm/lib/libqtivibratoreffect.so 81064-81147
//odm/lib/librfapis.so 81148-81165
//odm/lib/librpmbengclient.so 81166
//odm/lib/libsecurity_event_dcs.so 81167-81170
//odm/lib/libsecurity_event_dcs_vnd.so 81171-81174
//odm/lib/libsharebuffer.so 81175
//odm/lib/libsharebuffer_impl.so 81177-81178
//odm/lib/libsl_fp_impl.so 81179-81215
//odm/lib/libsn100u_fw.so 81216-81265
//odm/lib/libsnapdragoncolor-pxlw.so 81267-81382
//odm/lib/libsnpe_dsp_domains_v2.so 81383-81385
//odm/lib/libsnpe_dsp_domains_v3.so 81386-81387
//odm/lib/libsnpe_htp.so 81388-81389
//odm/lib/libsnpe_loader.so 81390-81395
//odm/lib/libstagefright_soft_ac4dec_v3_6.so 81396-81798
//odm/lib/libstagefright_soft_ddpdec_v3_6.so 81799-82221
//odm/lib/libstagefrightdolby.so 82222
//odm/lib/libstblur_api.so 82224-87078
//odm/lib/libstblur_capture_api.so 87083-97517
//odm/lib/libstdc++.so 97526-97527
//odm/lib/libstface_fd_api.so 97528-104900
//odm/lib/libsubsys-utils.so 104906-104907
//odm/lib/libswresample.so 104908-104921
//odm/lib/libswscale.so 104922-104990
//odm/lib/libsymphony-cpu.so 104991-105056
//odm/lib/libuahcore.so 105057-105137
//odm/lib/libui.so 105138-105165
//odm/lib/libwvhidl.so 105166-105559
//odm/lib/libyuvwrapper.so 105560
//odm/lib/ls_nq_client.so 105561-105566
//odm/lib/mediadrm/libwvdrmengine.so 105567-105948
//odm/lib/nfc_nci.nqx.default.hw.so 105949-105992
//odm/lib/rfsa/adsp/aiboost/libQnnHtpAltPrepSkel.so 105993-107087
//odm/lib/rfsa/adsp/aiboost/libQnnHtpSkel.so 107090-108193
//odm/lib/rfsa/adsp/aiboost/libaiboostubwc_skel.so 108196-108209
//odm/lib/rfsa/adsp/libQnnHtp.so 108210-109303
//odm/lib/rfsa/adsp/libQnnHtpAltPrepSkel.so 109306-110400
//odm/lib/rfsa/adsp/libQnnHtpSkel.so 110403-111506
//odm/lib/rfsa/adsp/libSuperRawPost_skel.so 111509-111526
//odm/lib/rfsa/adsp/libVDHexagonBlurless_v2_skel.so 111527-111535
//odm/lib/rfsa/adsp/libarc_gk_pt_hvx_skel.so 111536-111543
//odm/lib/rfsa/adsp/libarcsoft_dualcam_refocus_skel.so 111544-111577
//odm/lib/rfsa/adsp/libarcsoft_hdrplus_hvx_skel.so 111578-111661
//odm/lib/rfsa/adsp/libarcsoft_hdrplus_hvx_skel_20031.so 111662-111757
//odm/lib/rfsa/adsp/libarcsoft_portraitSN_hvx_skel.so 111758-111845
//odm/lib/rfsa/adsp/libarcsoft_portraitsn_hvx_skel_20031.so 111846-111940
//odm/lib/rfsa/adsp/libcalculator_domains_skel.so 111941-111942
//odm/lib/rfsa/adsp/libcalculator_skel.so 111943-111944
//odm/lib/rfsa/adsp/libhdr_skel.so 111945-112041
//odm/lib/rfsa/adsp/libhvxFaceBeautyPre_skel.so 112042-112060
//odm/lib/rfsa/adsp/libktvdrc.so 112061-112063
//odm/lib/rfsa/adsp/libktveffect.so 112064-112096
//odm/lib/rfsa/adsp/libktveq.so 112097-112101
//odm/lib/rfsa/adsp/libktvns.so 112102-112107
//odm/lib/rfsa/adsp/libktvpitchshift.so 112108-112111
//odm/lib/rfsa/adsp/libktvreverb.so 112112-112115
//odm/lib/rfsa/adsp/libktvvolume.so 112116-112117
//odm/lib/rfsa/adsp/libsnpe_dsp_domains_skel.so 112118-112357
//odm/lib/rfsa/adsp/libsnpe_dsp_skel.so 112358-112598
//odm/lib/rfsa/adsp/libsnpe_dsp_v65_domains_v2_skel.so 112599-112892
//odm/lib/rfsa/adsp/libsnpe_dsp_v66_domains_v2_skel.so 112893-113187
//odm/lib/rfsa/adsp/libsnpe_dsp_v68_domains_v3_skel.so 113188-114424
//odm/lib/rfsa/adsp/libsnpe_htp_v65_skel.so 114427-115591
//odm/lib/rfsa/adsp/libsnpe_htp_v66_skel.so 115594-116758
//odm/lib/rfsa/adsp/libsnpe_htp_v68_skel.so 116761-117926
//odm/lib/rfsa/adsp/libvdblurless_4.6.10L_skel.so 117929-117942
//odm/lib/rfsa/adsp/libvdblurless_skel.so 117943-117950
//odm/lib/rfsa/adsp/libvdsuperphoto_skel.so 117951-117964
//odm/lib/rfsa/adsp/libworker_pool.so 117965-117966
//odm/lib/se_nq_extn_client.so 117967-117971
//odm/lib/soundfx/libhwdap_v3_6.so 117972-117982
//odm/lib/soundfx/libozoprocessing.so 117983-117985
//odm/lib/soundfx/libswdap_v3_6.so 117986-118309
//odm/lib/vendor.aac.hardware.richtap.vibrator-V1-ndk_platform.so 118310-118314
//odm/lib/vendor.aac.hardware.richtap.vibrator-V2-ndk_platform.so 118315-118320
//odm/lib/vendor.dolby_v3_6.hardware.dms360@2.0-impl.so 118321-118324
//odm/lib/vendor.dolby_v3_6.hardware.dms360@2.0.so 118325-118346
//odm/lib/vendor.nxp.hardware.nfc@1.0.so 118347-118353
//odm/lib/vendor.nxp.hardware.nfc@1.1.so 118354-118361
//odm/lib/vendor.nxp.hardware.nfc@2.0.so 118362-118370
//odm/lib/vendor.oplus.hardware.appradio@1.0.so 118371-118387
//odm/lib/vendor.oplus.hardware.biometrics.fingerprint@2.1.so 118388-118400
//odm/lib/vendor.oplus.hardware.biometrics.fingerprintpay-V1-ndk_platform.so 118401-118404
//odm/lib/vendor.oplus.hardware.bluetooth_audio_extend@2.1.so 118405-118420
//odm/lib/vendor.oplus.hardware.cameraextension-V1-service-impl.so 118421-118425
//odm/lib/vendor.oplus.hardware.cammidasservice-V1-ndk_platform.so 118426-118430
//odm/lib/vendor.oplus.hardware.charger-V3-ndk_platform.so 118431-118440
//odm/lib/vendor.oplus.hardware.charger@1.0.so 118441-118467
//odm/lib/vendor.oplus.hardware.commondcs-V1-ndk_platform.so 118468-118471
//odm/lib/vendor.oplus.hardware.communicationcenter_compat@1.0.so 118472-118489
//odm/lib/vendor.oplus.hardware.cryptoeng-V1-ndk_platform.so 118490-118492
//odm/lib/vendor.oplus.hardware.cryptoeng@1.0.so 118493-118499
//odm/lib/vendor.oplus.hardware.cwb@1.0.so 118500-118512
//odm/lib/vendor.oplus.hardware.displaypanelfeature@1.0.so 118513-118520
//odm/lib/vendor.oplus.hardware.engcamera@1.0.so 118521-118532
//odm/lib/vendor.oplus.hardware.engineer-V1-ndk_platform.so 118533-118538
//odm/lib/vendor.oplus.hardware.fido.fido2ca-V1-ndk_platform.so 118539-118542
//odm/lib/vendor.oplus.hardware.fido.fidoca-V1-ndk_platform.so 118543-118546
//odm/lib/vendor.oplus.hardware.gameopt-V1-ndk_platform.so 118547-118551
//odm/lib/vendor.oplus.hardware.handlefactory-V1-ndk_platform.so 118552-118555
//odm/lib/vendor.oplus.hardware.ims@1.0.so 118556-118570
//odm/lib/vendor.oplus.hardware.misc-V1-ndk_platform.so 118571-118574
//odm/lib/vendor.oplus.hardware.mmdisplayfeature@1.0.so 118575-118581
//odm/lib/vendor.oplus.hardware.nfcExtns-V1-ndk_platform.so 118582-118585
//odm/lib/vendor.oplus.hardware.nfc_aidl-V2-ndk_platform.so 118586-118588
//odm/lib/vendor.oplus.hardware.olc2-V1-ndk_platform.so 118589-118593
//odm/lib/vendor.oplus.hardware.oplusSensor-V1-ndk_platform.so 118594-118597
//odm/lib/vendor.oplus.hardware.orms.ormsHalService@1.0.so 118598-118610
//odm/lib/vendor.oplus.hardware.orms@1.0.so 118611-118618
//odm/lib/vendor.oplus.hardware.ormsHalService-V1-ndk_platform.so 118619-118624
//odm/lib/vendor.oplus.hardware.osense.client-V1-ndk_platform.so 118625-118629
//odm/lib/vendor.oplus.hardware.osense.client@1.0.so 118630-118638
//odm/lib/vendor.oplus.hardware.performance-V1-ndk_platform.so 118639-118652
//odm/lib/vendor.oplus.hardware.power.powermonitor-V1-ndk_platform.so 118653-118656
//odm/lib/vendor.oplus.hardware.radio@1.0.so 118657-118700
//odm/lib/vendor.oplus.hardware.riskdetect-V1-ndk_platform.so 118701-118703
//odm/lib/vendor.oplus.hardware.rpmh-V1-ndk_platform.so 118704-118707
//odm/lib/vendor.oplus.hardware.sendextcamcmd-V1-ndk_platform.so 118708-118710
//odm/lib/vendor.oplus.hardware.sendextcamcmd-V1-service-impl.so 118711-118715
//odm/lib/vendor.oplus.hardware.stability.oplus_project-V1-ndk_platform.so 118716-118720
//odm/lib/vendor.oplus.hardware.stability.oplus_project@1.0.so 118721-118733
//odm/lib/vendor.oplus.hardware.subsys-V1-ndk_platform.so 118734-118739
//odm/lib/vendor.oplus.hardware.subsys_radio-V1-ndk_platform.so 118740-118783
//odm/lib/vendor.oplus.hardware.thermalmntcfg@1.0.so 118784-118791
//odm/lib/vendor.oplus.hardware.touch-V2-ndk_platform.so 118792-118796
//odm/lib/vendor.oplus.hardware.transfer-V1-ndk_platform.so 118797-118800
//odm/lib/vendor.oplus.hardware.transmessage@1.0.so 118801-118808
//odm/lib/vendor.oplus.hardware.urcc-V1-ndk_platform.so 118809-118824
//odm/lib/vendor.oplus.hardware.virtual_device.audio@1.0-impl.so 118825-118826
//odm/lib/vendor.oplus.hardware.virtual_device.audio@1.0.so 118827-118836
//odm/lib/vendor.oplus.hardware.virtual_device.camera.hal@3.3.so 118837-118850
//odm/lib/vendor.oplus.hardware.virtual_device.camera.manager@1.0-impl.so 118851-118876
//odm/lib/vendor.oplus.hardware.virtual_device.camera.manager@1.0.so 118877-118911
//odm/lib/vendor.oplus.hardware.virtual_device.camera.provider@2.4-impl.so 118912-118931
//odm/lib/vendor.oplus.hardware.wifi.supplicant@2.0.so 118932-118966
//odm/lib/vendor.pixelworks.hardware.display@1.0.so 118967-118978
//odm/lib/vendor.pixelworks.hardware.display@1.1.so 118979-119001
//odm/lib/vendor.pixelworks.hardware.feature@1.0.so 119002-119008
//odm/lib/vendor.qti.esepowermanager@1.0.so 119009-119016
//odm/lib/vendor.qti.esepowermanager@1.1.so 119017-119024
//odm/lib/vendor.qti.hardware.vibrator.impl.so 119025-119028
//odm/lib64/anc.capacitive.hal.so 119032-119052
//odm/lib64/anc.hal.so 119053-119077
//odm/lib64/android.frameworks.bufferhub@1.0.so 119078-119093
//odm/lib64/android.hardware.biometrics.common-V1-ndk_platform.so 119094-119098
//odm/lib64/android.hardware.biometrics.face-V1-ndk_platform.so 119099-119112
//odm/lib64/android.hardware.biometrics.fingerprint-V1-ndk_platform.so 119113-119124
//odm/lib64/android.hardware.biometrics.fingerprint@2.1.so 119125-119145
//odm/lib64/android.hardware.biometrics.fingerprint@2.2.so 119146-119164
//odm/lib64/android.hardware.biometrics.fingerprint@2.3.so 119165-119177
//odm/lib64/android.hardware.camera.common@1.0.so 119178-119179
//odm/lib64/android.hardware.camera.device@1.0.so 119180-119215
//odm/lib64/android.hardware.camera.device@3.2.so 119216-119245
//odm/lib64/android.hardware.camera.device@3.3.so 119246-119258
//odm/lib64/android.hardware.camera.device@3.4.so 119259-119279
//odm/lib64/android.hardware.camera.device@3.5.so 119280-119311
//odm/lib64/android.hardware.camera.device@3.6.so 119312-119342
//odm/lib64/android.hardware.camera.metadata@3.2.so 119343
//odm/lib64/android.hardware.camera.metadata@3.3.so 119344
//odm/lib64/android.hardware.camera.metadata@3.4.so 119345
//odm/lib64/android.hardware.camera.metadata@3.5.so 119346
//odm/lib64/android.hardware.camera.provider@2.4.so 119347-119367
//odm/lib64/android.hardware.common-V2-ndk_platform.so 119368-119369
//odm/lib64/android.hardware.graphics.allocator@2.0.so 119370-119380
//odm/lib64/android.hardware.graphics.allocator@3.0.so 119381-119391
//odm/lib64/android.hardware.graphics.allocator@4.0.so 119392-119401
//odm/lib64/android.hardware.keymaster-V3-ndk_platform.so 119402-119403
//odm/lib64/android.hardware.nfc@1.0.so 119404-119421
//odm/lib64/android.hardware.nfc@1.1.so 119422-119441
//odm/lib64/android.hardware.nfc@1.2.so 119442-119455
//odm/lib64/android.hardware.secure_element@1.0-impl.so 119456-119461
//odm/lib64/android.hardware.secure_element@1.0.so 119462-119481
//odm/lib64/android.hardware.secure_element@1.1.so 119482-119500
//odm/lib64/android.hardware.secure_element@1.2.so 119501-119513
//odm/lib64/camera/com.qti.sensor.gc5035.so 119514-119515
//odm/lib64/camera/com.qti.sensor.imx615.so 119516-119517
//odm/lib64/camera/com.qti.sensor.imx616.so 119518-119519
//odm/lib64/camera/com.qti.sensor.imx686_uw.so 119520-119522
//odm/lib64/camera/com.qti.sensor.imx766.so 119523-119524
//odm/lib64/camera/com.qti.sensor.imx766_uw.so 119525-119526
//odm/lib64/camera/com.qti.sensor.s5k3m5.so 119527-119528
//odm/lib64/camera/com.qti.sensormodule.qtech_imx615.bin 119529-119535
//odm/lib64/camera/com.qti.sensormodule.qtech_imx616.bin 119536-119543
//odm/lib64/camera/com.qti.sensormodule.qtech_imx766_main.bin 119544-119560
//odm/lib64/camera/com.qti.sensormodule.qtech_imx766_main_MP.bin 119561-119583
//odm/lib64/camera/com.qti.sensormodule.qtech_s5k3m5.bin 119584-119599
//odm/lib64/camera/com.qti.sensormodule.semco_imx686_main.bin 119600-119619
//odm/lib64/camera/com.qti.sensormodule.semco_imx686_wide.bin 119620-119637
//odm/lib64/camera/com.qti.sensormodule.semco_imx789_main.bin 119638-119643
//odm/lib64/camera/com.qti.sensormodule.shine_gc5035.bin 119644-119647
//odm/lib64/camera/com.qti.sensormodule.sunny_imx766_wide.bin 119648-119662
//odm/lib64/camera/com.qti.sensormodule.sunny_imx766_wide_MP.bin 119663-119682
//odm/lib64/camera/com.qti.sensormodule.sunny_imx766_wide_MP_second.bin 119683-119702
//odm/lib64/camera/com.qti.sensormodule.sunny_imx766_wide_second.bin 119703-119717
//odm/lib64/camera/com.qti.tuned.imx686_main.bin 119718-119796
//odm/lib64/camera/com.qti.tuned.imx686_wide.bin 119797-119875
//odm/lib64/camera/com.qti.tuned.qtech_imx616.bin 119876-120168
//odm/lib64/camera/com.qti.tuned.qtech_s5k3m5.bin 120171-120322
//odm/lib64/camera/com.qti.tuned.sm8350_gc5035.bin 120325-120395
//odm/lib64/camera/com.qti.tuned.sm8350_imx766_main.bin 120396-121006
//odm/lib64/camera/com.qti.tuned.sm8350_imx766_wide.bin 121010-121523
//odm/lib64/camera/components/com.arcsoft.node.eisv2.so 121527-121559
//odm/lib64/camera/components/com.arcsoft.node.smooth_transition.so 121560-121583
//odm/lib64/camera/components/com.oplus.node.pilot.so 121584-121586
//odm/lib64/camera/components/com.oplus.node.preview.so 121587-121604
//odm/lib64/camera/components/com.oplus.node.videoenhance.so 121605-121611
//odm/lib64/camera.device@3.2-impl.so 121612-121652
//odm/lib64/camera.device@3.3-impl.so 121653-121656
//odm/lib64/hw/audio.binaural_record.default.so 121657-121658
//odm/lib64/hw/audio.virtual.default.so 121659-121665
//odm/lib64/hw/fingerprint.goodix_G2.default.so 121666-121667
//odm/lib64/hw/fingerprint.goodix_G3.default.so 121668-121669
//odm/lib64/hw/fingerprint.goodix_G5.default.so 121670-121671
//odm/lib64/hw/fingerprint.goodix_G6.default.so 121672-121673
//odm/lib64/hw/fingerprint.goodix_G7.default.so 121674-121675
//odm/lib64/hw/fingerprint.silead.default.so 121676-121677
//odm/lib64/hw/fpsensor_fingerprint.default.so 121678-121710
//odm/lib64/hw/sidefp_fingerprint.default.so 121711-121744
//odm/lib64/hw/vendor.oplus.hardware.bluetooth_audio_extend@2.1-impl.so 121745-121754
//odm/lib64/hw/vendor.oplus.hardware.engcamera@1.0-impl.so 121755-121758
//odm/lib64/hw/vendor.qti.esepowermanager@1.1-impl.so 121759-121764
//odm/lib64/hwconfigurationutiltest 121765-121766
//odm/lib64/jcos_nq_client.so 121767-121771
//odm/lib64/lib-virtual-modem-protos.so 121772-121889
//odm/lib64/lib2DSlender.so 121890-123529
//odm/lib64/libAlgoInterface.so 123531-124733
//odm/lib64/libAlgoProcess.so 124736-125112
//odm/lib64/libAncFilter.so 125113-125262
//odm/lib64/libAncHumBokeh.so 125263-125651
//odm/lib64/libAncHumBokehPost.so 125652-126040
//odm/lib64/libAncHumVideoBase.so 126041
//odm/lib64/libAncHumanDoubleExposure.so 126042
//odm/lib64/libAncHumanRetain.so 126043-126059
//odm/lib64/libAncHumanSegFigureFusion.so 126060
//odm/lib64/libAncSegBaseSdk.so 126061-126666
//odm/lib64/libAncSegmentSdk.so 126667-127065
//odm/lib64/libBokehPre.so 127066
//odm/lib64/libCNamaSDK_vendor.so 127067-129216
//odm/lib64/libCOppLceTonemapAPI.so 129220-129224
//odm/lib64/libDeVIS.so 129225-129241
//odm/lib64/libEIS.so 129242-129277
//odm/lib64/libFDClite.so 129278-130648
//odm/lib64/libFaceBeautyCap.so 130651-131336
//odm/lib64/libFaceBeautyJni.so 131337-131397
//odm/lib64/libFaceBeautyPICap.so 131398-131945
//odm/lib64/libFaceBeautyPre.so 131946-133597
//odm/lib64/libFaceDistortionCorrection.so 133599-135035
//odm/lib64/libFilterWrapper.so 135038
//odm/lib64/libImageWarpMask.so 135039-135136
//odm/lib64/libNamaWrapper.so 135137-135253
//odm/lib64/libOGLManager.so 135254-135259
//odm/lib64/libOPLUS_SCPortrait.so 135260-138472
//odm/lib64/libPerfectColor.so 138475-138601
//odm/lib64/libPerfectlyClearCrux.so 138602-138741
//odm/lib64/libPerfectlyClearCruxOpt.so 138742-138954
//odm/lib64/libPlatformValidatorShared.so 138955-139015
//odm/lib64/libPolarrRender.so 139016-140269
//odm/lib64/libPreviewDecisionOld.so 140272-142628
//odm/lib64/libQnnHtpAltPrepStub.so 142632-144355
//odm/lib64/libQnnHtpStub.so 144358-144425
//odm/lib64/libRbsFlow_cap.so 144426-144441
//odm/lib64/libRedeyeReduce.so 144442-144469
//odm/lib64/libSNPE.so 144470-145346
//odm/lib64/libSNPE_G.so 145348-145932
//odm/lib64/libSchedAssistExtImpl_vendor.so 145933-145937
//odm/lib64/libSuperRaw.so 145938-145995
//odm/lib64/libSuperTextWrapper.so 145996-146092
//odm/lib64/libTeeClient.so 146093-146130
//odm/lib64/libTrafficMode.so 146131-146140
//odm/lib64/libVDBayerHDR.so 146141-146227
//odm/lib64/libVDBlurless.so 146228-146927
//odm/lib64/libVDDualCameraBlurlessAPI.so 146928-147250
//odm/lib64/libVDExternal.so 147251-147316
//odm/lib64/libVDPostureDetection.so 147317-147362
//odm/lib64/libVDSuperPhotoAPI.so 147363-147924
//odm/lib64/libVDUpScale.so 147925-148288
//odm/lib64/libVideoEnhance.so 148289-148424
//odm/lib64/libWaterMark.so 148425-148472
//odm/lib64/libWaterMode.so 148473-148493
//odm/lib64/libXDocProcessSDK.so 148494-149387
//odm/lib64/libYTCommon.so 149388-149492
//odm/lib64/lib_cryptoeng_api.so 149494
//odm/lib64/lib_rectify.so 149495-149600
//odm/lib64/libaacvibrator.so 149601-149617
//odm/lib64/libaiboost.so 149618-150606
//odm/lib64/libaiboost_QnnHtpAltPrepStub.so 150608-152331
//odm/lib64/libaiboost_QnnHtpStub.so 152334-152401
//odm/lib64/libaiboost_hexagon.so 152402-152411
//odm/lib64/libaiboost_qnn_sr.so 152412-153444
//odm/lib64/libaiboost_sr.so 153447-153474
//odm/lib64/libaiboost_ubwc.so 153475-153477
//odm/lib64/libaisal.so 153478-156100
//odm/lib64/libaisd.so 156103-157729
//odm/lib64/libaiseg.so 157732
//odm/lib64/libalCFR.so 157733-157780
//odm/lib64/libancbase_rt_bokeh.so 157781-159666
//odm/lib64/libancbase_segbase.so 159669-163028
//odm/lib64/libancbase_segment.so 163032-166391
//odm/lib64/libaps_frame_registration.so 166395-166429
//odm/lib64/libapsdarksight.so 166430-166895
//odm/lib64/libapsexif.so 166896-166921
//odm/lib64/libapsjpeg.so 166922-166974
//odm/lib64/libapspng.so 166975-167012
//odm/lib64/libapsyuv.so 167013-167061
//odm/lib64/libarcsoft_distortion_correction.so 167062-167394
//odm/lib64/libarcsoft_dual_sat.so 167395-167445
//odm/lib64/libarcsoft_dual_zoomtranslator.so 167446-167468
//odm/lib64/libarcsoft_dualcam_bokeh_api.so 167469-167495
//odm/lib64/libarcsoft_dualcam_refocus_left.so 167496-170018
//odm/lib64/libarcsoft_dualcam_refocus_preview.so 170021-171995
//odm/lib64/libarcsoft_dualcam_refocus_uw.so 171998-174520
//odm/lib64/libarcsoft_eis_wrapper.so 174523-174541
//odm/lib64/libarcsoft_hdr_couple_api.so 174542-174576
//odm/lib64/libarcsoft_hdr_couple_api_v4.so 174577-174687
//odm/lib64/libarcsoft_hdr_denoise_api.so 174688-174795
//odm/lib64/libarcsoft_hdr_denoise_api_v4.so 174796-174906
//odm/lib64/libarcsoft_hdrplus_hvx_stub.so 174907-174909
//odm/lib64/libarcsoft_high_dynamic_range.so 174910-175578
//odm/lib64/libarcsoft_high_dynamic_range_couple.so 175579-176225
//odm/lib64/libarcsoft_high_dynamic_range_couple_v4.so 176226-179107
//odm/lib64/libarcsoft_high_dynamic_range_v4.so 179111-180206
//odm/lib64/libarcsoft_lensstaindetection.so 180209-181485
//odm/lib64/libarcsoft_long_exposure_capture.so 181488-183450
//odm/lib64/libarcsoft_long_exposure_preview.so 183453-185375
//odm/lib64/libarcsoft_low_light_hdr.so 185378-187124
//odm/lib64/libarcsoft_low_light_hdr_for_neon.so 187128-188882
//odm/lib64/libarcsoft_pic_best.so 188886-191686
//odm/lib64/libarcsoft_portraitSN_hvx_stub.so 191690-191692
//odm/lib64/libarcsoft_portrait_super_night_raw.so 191693-194159
//odm/lib64/libarcsoft_preview_antibanding.so 194163-194210
//odm/lib64/libarcsoft_qnnhtp.so 194211-194212
//odm/lib64/libarcsoft_scbokeh_video.so 194213
//odm/lib64/libarcsoft_smart_denoise.so 194214-194231
//odm/lib64/libarcsoft_smart_denoise_v4.so 194232-194249
//odm/lib64/libarcsoft_super_night_raw.so 194250-201488
//odm/lib64/libarcsoft_triple_sat.so 201495-201512
//odm/lib64/libarcsoft_triple_zoomtranslator.so 201513-201541
//odm/lib64/libarcsoft_videoautozoom.so 201542-203121
//odm/lib64/libaudioEngineerTest.so 203122-203130
//odm/lib64/libav_ozodecoder.so 203131-203309
//odm/lib64/libav_ozoencoder.so 203310-203437
//odm/lib64/libavcodec.so 203438-205090
//odm/lib64/libavformat.so 205093-205215
//odm/lib64/libavutil.so 205216-205288
//odm/lib64/libbluetooth_audio_extend_factory_client.so 205289
//odm/lib64/libbluetooth_audio_extend_session_oplus.so 205290-205584
//odm/lib64/libbsproxy.so 205585-205588
//odm/lib64/libc++_shared.so 205589-205701
//odm/lib64/libcalculator.so 205702-205703
//odm/lib64/libcalculator_domains.so 205704-205705
//odm/lib64/libcalculator_htp.so 205706
//odm/lib64/libcdm_metrics_protos.so 205707-205727
//odm/lib64/libcdm_protos.so 205728-205804
//odm/lib64/libchrome.so 205805-205972
//odm/lib64/libcodec2_soft_ozodec.so 205973-205992
//odm/lib64/libcodec2_soft_ozoenc.so 205993-206016
//odm/lib64/libcom.oplus.calidatacontainer.so 206017-206018
//odm/lib64/libcommcenterfw.so 206019-206028
//odm/lib64/libcommcenterutils.so 206029
//odm/lib64/libcreatebin.so 206030-206068
//odm/lib64/libdapparamstorage_v3_6.so 206069-206071
//odm/lib64/libdav1d.so.4 206072-206194
//odm/lib64/libdeccfg_v3_6.so 206195-206200
//odm/lib64/libdisplayhidlapis.so 206201-206202
//odm/lib64/libdlbdsservice_v3_6.so 206203-206259
//odm/lib64/libdmtp-protos-lite.so 206260-206264
//odm/lib64/libdmtp.so 206265-206282
//odm/lib64/libdmtpclient.so 206283-206299
//odm/lib64/libdpservice.so 206300-206303
//odm/lib64/libdualcam_image_optical_zoom.so 206304-206733
//odm/lib64/libdualcam_optical_zoom_control.so 206734-206774
//odm/lib64/libdualcam_video_optical_zoom.so 206775-206933
//odm/lib64/libeffect_custom.so 206934-207220
//odm/lib64/libexif-jpeg-aps.so 207221-207249
//odm/lib64/libfido_factory.so 207250-207251
//odm/lib64/libfuai_vendor.so 207252-208183
//odm/lib64/libgf_hal_G2.so 208184-208859
//odm/lib64/libgf_hal_G3.so 208860-209551
//odm/lib64/libgf_hal_G5.so 209552-209586
//odm/lib64/libgf_hal_G6.so 209587-209628
//odm/lib64/libgf_hal_G7.so 209629-209720
//odm/lib64/libhta.so 209721-210075
//odm/lib64/libhwconfigurationutil.so 210076-210090
//odm/lib64/libhyperlapse.so 210091-210120
//odm/lib64/libifaa_factory.so 210121-210122
//odm/lib64/libimgClarityEvaluate.so 210123-210808
//odm/lib64/liblvimfs.so 210811-210930
//odm/lib64/liblvimfs_wrapper.so 210931-210932
//odm/lib64/libmindroid-app.so 210933-210934
//odm/lib64/libmindroid-framework.so 210935-211125
//odm/lib64/libml_util.so 211126-211158
//odm/lib64/libmpbase.so 211159
//odm/lib64/libnpu.so 211160-211597
//odm/lib64/liboemcrypto.so 211598-211622
//odm/lib64/libolc_vnd.so 211623-211624
//odm/lib64/libop-ai-beauty-body-detection.so 211625-211668
//odm/lib64/libop-ai-beauty-faceretouch-cn.so 211669-211722
//odm/lib64/liboplus-uah-client.so 211723-211747
//odm/lib64/liboplus_service.so 211748-211750
//odm/lib64/liboplusvppfilter.so 211751-211804
//odm/lib64/liboptical_zoom_dc.so 211805-211844
//odm/lib64/liboptical_zoom_vs.so 211845-211900
//odm/lib64/libormshalclient.so 211901-211903
//odm/lib64/libosenseaidlhalclient.so 211904-211908
//odm/lib64/libosensehalclient.so 211909-211913
//odm/lib64/libosie_process.so 211914-211932
//odm/lib64/libosie_stub.so 211933-211934
//odm/lib64/libozoaudiodecoder.so 211935-212798
//odm/lib64/libozoaudioencoder.so 212799-213702
//odm/lib64/libozoc2store.so 213704-213732
//odm/lib64/libpngwrapper.so 213733-213734
//odm/lib64/libpnscr2_aidl.so 213735-213764
//odm/lib64/libpwirisIoctlWrapper.so 213765
//odm/lib64/libpwirisPCS.so 213766-213791
//odm/lib64/libpwiriscalibrate.so 213792-213811
//odm/lib64/libpwirisfeature.so 213812-213813
//odm/lib64/libpwirishalwrapper.so 213814-213823
//odm/lib64/libpwirispq.so 213824-213924
//odm/lib64/libpwirisservice.so 213925-213995
//odm/lib64/libpwirissoft.so 213996-214082
//odm/lib64/libpwsoftirisPCS.so 214083-214124
//odm/lib64/libqsee_keybox_ca.so 214125-214135
//odm/lib64/libqti-radio-service.so 214136-214237
//odm/lib64/libqti-subsys-service.so 214239-214245
//odm/lib64/libqtigef.so 214246-214249
//odm/lib64/libqtivibratoreffect.so 214250-214333
//odm/lib64/libradio-service.so 214334-214444
//odm/lib64/libradioapis.so 214445-214487
//odm/lib64/librfapis.so 214488-214506
//odm/lib64/librpmbengclient.so 214507
//odm/lib64/libsaveshaderbin.so 214508-214556
//odm/lib64/libsecurity_event_dcs.so 214557-214561
//odm/lib64/libsecurity_event_dcs_vnd.so 214563-214567
//odm/lib64/libsharebuffer.so 214568-214569
//odm/lib64/libsharebuffer_impl.so 214570-214571
//odm/lib64/libsl_fp_impl.so 214572-214618
//odm/lib64/libsnapdragoncolor-pxlw.so 214619-214746
//odm/lib64/libsnpe_dsp_domains_v2.so 214747-214749
//odm/lib64/libsnpe_dsp_domains_v3.so 214750-214751
//odm/lib64/libsnpe_htp.so 214752-214753
//odm/lib64/libsnpe_loader.so 214754-214761
//odm/lib64/libsnpeml.so 214762-214852
//odm/lib64/libstblur_api.so 214853-224855
//odm/lib64/libstblur_capture_api.so 224862-236051
//odm/lib64/libstdc++.so 236061-236062
//odm/lib64/libstface_fd_api.so 236063-243644
//odm/lib64/libstfaceunlockocl.so 243650-253075
//odm/lib64/libstfd_mobile_api.so 253084-257729
//odm/lib64/libsubsys-service.so 257734-257745
//odm/lib64/libsubsys-utils.so 257746-257747
//odm/lib64/libswresample.so 257748-257760
//odm/lib64/libswscale.so 257761-257830
//odm/lib64/libsymphony-cpu.so 257831-257899
//odm/lib64/libsymphonypower.so 257900-257907
//odm/lib64/libtriplecam_image_optical_zoom.so 257908-258354
//odm/lib64/libtriplecam_optical_zoom_control.so 258355-258400
//odm/lib64/libtriplecam_video_optical_zoom.so 258401-258566
//odm/lib64/libuahcore.so 258567-258666
//odm/lib64/libui.so 258667-258698
//odm/lib64/liburcccore.so 258699-258771
//odm/lib64/libwatermark_photo.so 258772-258872
//odm/lib64/libwvhidl.so 258873-259301
//odm/lib64/libyuvwrapper.so 259302
//odm/lib64/ls_nq_client.so 259303-259309
//odm/lib64/mediadrm/libwvdrmengine.so 259310-259722
//odm/lib64/nfc_nci.nqx.default.hw.so 259723-259779
//odm/lib64/se_nq_extn_client.so 259780-259786
//odm/lib64/soundfx/libhwdap_v3_6.so 259787-259799
//odm/lib64/soundfx/libozoprocessing.so 259800-259802
//odm/lib64/soundfx/libswdap_v3_6.so 259803-260142
//odm/lib64/vendor.aac.hardware.richtap.vibrator-V1-ndk_platform.so 260144-260150
//odm/lib64/vendor.aac.hardware.richtap.vibrator-V2-ndk_platform.so 260151-260157
//odm/lib64/vendor.dolby_v3_6.hardware.dms360@2.0-impl.so 260158-260162
//odm/lib64/vendor.dolby_v3_6.hardware.dms360@2.0.so 260163-260188
//odm/lib64/vendor.nxp.hardware.nfc@1.0.so 260189-260199
//odm/lib64/vendor.nxp.hardware.nfc@1.1.so 260200-260212
//odm/lib64/vendor.nxp.hardware.nfc@2.0.so 260213-260226
//odm/lib64/vendor.oplus.hardware.appradio@1.0.so 260227-260247
//odm/lib64/vendor.oplus.hardware.biometrics.fingerprint@2.1.so 260248-260262
//odm/lib64/vendor.oplus.hardware.biometrics.fingerprintpay-V1-ndk_platform.so 260263-260266
//odm/lib64/vendor.oplus.hardware.bluetooth_audio_extend@2.1.so 260267-260285
//odm/lib64/vendor.oplus.hardware.cameraextension-V1-service-impl.so 260286-260291
//odm/lib64/vendor.oplus.hardware.cammidasservice-V1-ndk_platform.so 260292-260297
//odm/lib64/vendor.oplus.hardware.charger-V3-ndk_platform.so 260298-260308
//odm/lib64/vendor.oplus.hardware.charger@1.0.so 260309-260338
//odm/lib64/vendor.oplus.hardware.commondcs-V1-ndk_platform.so 260339-260342
//odm/lib64/vendor.oplus.hardware.communicationcenter_compat@1.0.so 260343-260363
//odm/lib64/vendor.oplus.hardware.cryptoeng-V1-ndk_platform.so 260364-260367
//odm/lib64/vendor.oplus.hardware.cryptoeng@1.0.so 260368-260375
//odm/lib64/vendor.oplus.hardware.cwb@1.0.so 260376-260391
//odm/lib64/vendor.oplus.hardware.displaypanelfeature@1.0.so 260392-260400
//odm/lib64/vendor.oplus.hardware.engcamera@1.0.so 260401-260414
//odm/lib64/vendor.oplus.hardware.engineer-V1-ndk_platform.so 260415-260421
//odm/lib64/vendor.oplus.hardware.fido.fido2ca-V1-ndk_platform.so 260422-260425
//odm/lib64/vendor.oplus.hardware.fido.fidoca-V1-ndk_platform.so 260426-260429
//odm/lib64/vendor.oplus.hardware.gameopt-V1-ndk_platform.so 260431-260436
//odm/lib64/vendor.oplus.hardware.handlefactory-V1-ndk_platform.so 260437-260440
//odm/lib64/vendor.oplus.hardware.ims@1.0.so 260441-260457
//odm/lib64/vendor.oplus.hardware.misc-V1-ndk_platform.so 260458-260461
//odm/lib64/vendor.oplus.hardware.mmdisplayfeature@1.0.so 260462-260469
//odm/lib64/vendor.oplus.hardware.nfcExtns-V1-ndk_platform.so 260470-260473
//odm/lib64/vendor.oplus.hardware.nfc_aidl-V2-ndk_platform.so 260474-260477
//odm/lib64/vendor.oplus.hardware.olc2-V1-ndk_platform.so 260478-260483
//odm/lib64/vendor.oplus.hardware.oplusSensor-V1-ndk_platform.so 260484-260488
//odm/lib64/vendor.oplus.hardware.orms.ormsHalService@1.0.so 260489-260503
//odm/lib64/vendor.oplus.hardware.orms@1.0.so 260504-260512
//odm/lib64/vendor.oplus.hardware.ormsHalService-V1-ndk_platform.so 260513-260519
//odm/lib64/vendor.oplus.hardware.osense.client-V1-ndk_platform.so 260520-260524
//odm/lib64/vendor.oplus.hardware.osense.client@1.0.so 260525-260534
//odm/lib64/vendor.oplus.hardware.performance-V1-ndk_platform.so 260535-260550
//odm/lib64/vendor.oplus.hardware.power.powermonitor-V1-ndk_platform.so 260551-260554
//odm/lib64/vendor.oplus.hardware.radio@1.0.so 260555-260606
//odm/lib64/vendor.oplus.hardware.riskdetect-V1-ndk_platform.so 260607-260610
//odm/lib64/vendor.oplus.hardware.rpmh-V1-ndk_platform.so 260611-260614
//odm/lib64/vendor.oplus.hardware.sendextcamcmd-V1-ndk_platform.so 260615-260618
//odm/lib64/vendor.oplus.hardware.sendextcamcmd-V1-service-impl.so 260619-260624
//odm/lib64/vendor.oplus.hardware.stability.oplus_project-V1-ndk_platform.so 260625-260630
//odm/lib64/vendor.oplus.hardware.stability.oplus_project@1.0.so 260631-260645
//odm/lib64/vendor.oplus.hardware.subsys-V1-ndk_platform.so 260646-260652
//odm/lib64/vendor.oplus.hardware.subsys_radio-V1-ndk_platform.so 260653-260702
//odm/lib64/vendor.oplus.hardware.thermalmntcfg@1.0.so 260703-260711
//odm/lib64/vendor.oplus.hardware.touch-V2-ndk_platform.so 260712-260717
//odm/lib64/vendor.oplus.hardware.transfer-V1-ndk_platform.so 260718-260722
//odm/lib64/vendor.oplus.hardware.transmessage@1.0.so 260724-260733
//odm/lib64/vendor.oplus.hardware.urcc-V1-ndk_platform.so 260734-260750
//odm/lib64/vendor.oplus.hardware.virtual_device.audio@1.0-impl.so 260751-260753
//odm/lib64/vendor.oplus.hardware.virtual_device.audio@1.0.so 260754-260765
//odm/lib64/vendor.oplus.hardware.virtual_device.camera.hal@3.3.so 260766-260782
//odm/lib64/vendor.oplus.hardware.virtual_device.camera.manager@1.0-impl.so 260783-260813
//odm/lib64/vendor.oplus.hardware.virtual_device.camera.manager@1.0.so 260814-260854
//odm/lib64/vendor.oplus.hardware.virtual_device.camera.provider@2.4-impl.so 260855-260880
//odm/lib64/vendor.oplus.hardware.wifi.supplicant@2.0.so 260881-260922
//odm/lib64/vendor.pixelworks.hardware.display@1.0.so 260923-260937
//odm/lib64/vendor.pixelworks.hardware.display@1.1.so 260938-260963
//odm/lib64/vendor.pixelworks.hardware.feature@1.0.so 260964-260971
//odm/lib64/vendor.qti.esepowermanager@1.0.so 260972-260984
//odm/lib64/vendor.qti.esepowermanager@1.1.so 260985-260996
//odm/lib64/vendor.qti.hardware.vibrator.impl.so 260997-261000
//odm/overlay/android_framework_res_overlay.display.product.20031.apk 261001-261002
//odm/overlay/oplus_framework_res_overlay.display.product.20031.apk 261003-261006
//odm/vendor/etc/wifi/WCNSS_qcom_cfg.ini 261008-261011
//odm/vendor/etc/wifi/WCNSS_qcom_cfg_ftm.ini 261012-261014
//odm/vendor/firmware/alipay.b01 261015
//odm/vendor/firmware/alipay.b02 261016-261025
//odm/vendor/firmware/alipay.b07 261027
//odm/vendor/firmware/alipay.mdt 261029
//odm/vendor/firmware/antdtx.b01 261030
//odm/vendor/firmware/antdtx.b02 261031-261059
//odm/vendor/firmware/antdtx.b07 261061-261064
//odm/vendor/firmware/antdtx.mdt 261065
//odm/vendor/firmware/cryptoeng.b01 261066
//odm/vendor/firmware/cryptoeng.b02 261067-261089
//odm/vendor/firmware/cryptoeng.b04 261090-261092
//odm/vendor/firmware/cryptoeng.b07 261093-261096
//odm/vendor/firmware/cryptoeng.mdt 261097
//odm/vendor/firmware/facereg.b01 261099
//odm/vendor/firmware/facereg.b02 261100-261108
//odm/vendor/firmware/facereg.b04 261109
//odm/vendor/firmware/facereg.b07 261110-261111
//odm/vendor/firmware/facereg.mdt 261112
//odm/vendor/firmware/fidotap.b01 261113
//odm/vendor/firmware/fidotap.b02 261114-261147
//odm/vendor/firmware/fidotap.b04 261148
//odm/vendor/firmware/fidotap.b07 261149-261152
//odm/vendor/firmware/fidotap.mdt 261153
//odm/vendor/firmware/goodixfp.b01 261154
//odm/vendor/firmware/goodixfp.b02 261155-262253
//odm/vendor/firmware/goodixfp.b04 262255-263410
//odm/vendor/firmware/goodixfp.b07 263413-263436
//odm/vendor/firmware/goodixfp.mdt 263437
