/product/app/ConfURIDialer/ConfURIDialer.apk 1-6
/product/app/ConfURIDialer/oat/arm64/ConfURIDialer.odex 7
/product/app/ModuleMetadata/ModuleMetadata.apk 8-9
/product/app/remotesimlockservice/oat/arm64/remotesimlockservice.odex 10
/product/app/remotesimlockservice/remotesimlockservice.apk 11-14
/product/app/uimlpaservice/oat/arm64/uimlpaservice.odex 16
/product/app/uimlpaservice/uimlpaservice.apk 17-46
/product/app/uimremoteclient/oat/arm64/uimremoteclient.odex 48
/product/app/uimremoteclient/uimremoteclient.apk 49-67
/product/app/uimremoteserver/oat/arm64/uimremoteserver.odex 68
/product/app/uimremoteserver/uimremoteserver.apk 70-86
/product/bin/init.oplus.nandswap.sh 87-88
/product/bin/nandswap_tool 89-91
/product/bin/qvirtmgr 92-97
/product/etc/NOTICE.xml.gz 98-131
/product/etc/apns-conf.xml 132-176
/product/etc/init/init.oplus.nandswap.rc 178
/product/etc/permissions/privapp-permissions-oplus.xml 182-183
/product/etc/selinux/product_sepolicy.cil 189-194
/product/etc/selinux/product_sepolicy_debug.cil 195-200
/product/etc/sysconfig/google.xml 201
/product/etc/sysconfig/preinstalled-packages-platform-overlays.xml 203
/product/framework/com.qti.snapdragon.sdk.display.jar 205-212
/product/framework/ims-ext-common.jar 213-232
/product/framework/oat/arm/com.qti.snapdragon.sdk.display.odex 233
/product/framework/oat/arm/ims-ext-common.odex 234
/product/framework/oat/arm/qti-telephony-hidl-wrapper-prd.odex 236
/product/framework/oat/arm/uimlpalibrary.odex 237
/product/framework/oat/arm/uimremoteclientlibrary.odex 238
/product/framework/oat/arm/uimremoteserverlibrary.odex 239
/product/framework/oat/arm64/com.qti.snapdragon.sdk.display.odex 241
/product/framework/oat/arm64/ims-ext-common.odex 242
/product/framework/oat/arm64/qti-telephony-hidl-wrapper-prd.odex 244
/product/framework/oat/arm64/uimlpalibrary.odex 245
/product/framework/oat/arm64/uimremoteclientlibrary.odex 246
/product/framework/oat/arm64/uimremoteserverlibrary.odex 247
/product/framework/qti-telephony-hidl-wrapper-prd.jar 248-252
/product/framework/uimlpalibrary.jar 253-256
/product/framework/uimremoteclientlibrary.jar 257-258
/product/framework/uimremoteserverlibrary.jar 259-260
/product/framework/uimservicelibrary.jar 261-274
/product/lib/libandroid_log_sys.dylib.so 275
/product/lib/libandroid_logger.dylib.so 276-284
/product/lib/libbinder_ndk_sys.dylib.so 285-286
/product/lib/libbinder_rs.dylib.so 287-300
/product/lib/libenv_logger.dylib.so 304-319
/product/lib/libjni_aidl_service.so 321
/product/lib/liblibc.dylib.so 323-339
/product/lib/liblog_rust.dylib.so 340-341
/product/lib/liblogger.dylib.so 342
/product/lib/libnix.dylib.so 345-381
/product/lib/libonce_cell.dylib.so 382
/product/lib/libryu.dylib.so 385-396
/product/lib/libserde.dylib.so 397-407
/product/lib/libserde_json.dylib.so 408-426
/product/lib/libstd.dylib.so 428-539
/product/lib/libvendor_qti_qvirt_V1.dylib.so 540-551
/product/lib/vendor.qti.qvirt-V1-ndk.so 552-558
/product/lib64/libandroid_log_sys.dylib.so 559
/product/lib64/libandroid_logger.dylib.so 560-562
/product/lib64/libbinder_ndk_sys.dylib.so 563-564
/product/lib64/libbinder_rs.dylib.so 565-572
/product/lib64/libbitflags.dylib.so 573
/product/lib64/libcfg_if.dylib.so 574
/product/lib64/libdowncast_rs.dylib.so 575
/product/lib64/libenv_logger.dylib.so 576-585
/product/lib64/libitoa.dylib.so 586
/product/lib64/libjni_aidl_service.so 587
/product/lib64/libjni_eglfence.so 588
/product/lib64/libjni_filtershow_filters.so 589-594
/product/lib64/libjni_jpegstream.so 595-665
/product/lib64/libjni_jpegutil.so 666-710
/product/lib64/libjni_latinime.so 711-842
/product/lib64/libjni_tinyplanet.so 843
/product/lib64/liblazy_static.dylib.so 844
/product/lib64/liblibc.dylib.so 845-856
/product/lib64/liblog_rust.dylib.so 857-859
/product/lib64/liblogger.dylib.so 860-861
/product/lib64/libmemoffset.dylib.so 862
/product/lib64/libnix.dylib.so 863-898
/product/lib64/libonce_cell.dylib.so 899-900
/product/lib64/libpin_utils.dylib.so 901
/product/lib64/libryu.dylib.so 902-907
/product/lib64/libserde.dylib.so 908-912
/product/lib64/libserde_json.dylib.so 913-926
/product/lib64/libstatic_assertions.dylib.so 927
/product/lib64/libstd.dylib.so 928-1061
/product/lib64/libvendor_qti_qvirt_V1.dylib.so 1062-1067
/product/lib64/vendor.qti.qvirt-V1-ndk.so 1068-1076
/product/media/audio/ui/Camera_Timer.ogg 1077-1078
/product/media/audio/ui/Camera_Timer_2sec.ogg 1079-1095
/product/media/audio/ui/Dock.ogg 1096
/product/media/audio/ui/Effect_Tick.ogg 1098
/product/media/audio/ui/InCallNotification.ogg 1099
/product/media/audio/ui/KeypressDelete.ogg 1101
/product/media/audio/ui/KeypressInvalid.ogg 1102
/product/media/audio/ui/KeypressReturn.ogg 1104
/product/media/audio/ui/KeypressSpacebar.ogg 1105
/product/media/audio/ui/KeypressStandard.ogg 1106
/product/media/audio/ui/Lock.ogg 1107
/product/media/audio/ui/LowBattery.ogg 1109-1110
/product/media/audio/ui/Screenshots.ogg 1111-1112
/product/media/audio/ui/Undock.ogg 1113-1117
/product/media/audio/ui/Unlock.ogg 1119
/product/media/audio/ui/VideoRecord.ogg 1121-1123
/product/media/audio/ui/camera_click.ogg 1124-1125
/product/media/audio/ui/camera_click_start.ogg 1126-1127
/product/media/audio/ui/camera_click_stop.ogg 1128-1129
/product/media/audio/ui/camera_focus.ogg 1130
/product/media/audio/ui/camera_shutter.ogg 1132-1134
/product/media/audio/ui/charging.ogg 1135-1136
/product/overlay/CarrierConfigResCommon_Sys.apk 1138-1145
/product/overlay/CellBroadcastReceiverResCommon_Sys.apk 1146-1147
/product/overlay/DisplayCutoutEmulationCorner/DisplayCutoutEmulationCornerOverlay.apk 1148-1149
/product/overlay/DisplayCutoutEmulationDouble/DisplayCutoutEmulationDoubleOverlay.apk 1150-1151
/product/overlay/DisplayCutoutEmulationHole/DisplayCutoutEmulationHoleOverlay.apk 1152-1153
/product/overlay/DisplayCutoutEmulationTall/DisplayCutoutEmulationTallOverlay.apk 1154-1155
/product/overlay/DisplayCutoutEmulationWaterfall/DisplayCutoutEmulationWaterfallOverlay.apk 1156-1157
/product/overlay/FontNotoSerifSource/FontNotoSerifSourceOverlay.apk 1158-1159
/product/overlay/FrameworksResCommon_Sys.apk 1160-1162
/product/overlay/NavigationBarMode3Button/NavigationBarMode3ButtonOverlay.apk 1163-1164
/product/overlay/NavigationBarModeGestural/NavigationBarModeGesturalOverlay.apk 1165-1166
/product/overlay/NavigationBarModeGesturalExtraWideBack/NavigationBarModeGesturalOverlayExtraWideBack.apk 1167-1168
/product/overlay/NavigationBarModeGesturalNarrowBack/NavigationBarModeGesturalOverlayNarrowBack.apk 1169-1170
/product/overlay/NavigationBarModeGesturalWideBack/NavigationBarModeGesturalOverlayWideBack.apk 1171-1172
/product/overlay/NotesRoleEnabled/NotesRoleEnabledOverlay.apk 1173-1174
/product/overlay/OplusCarrierConfig.apk 1175-1207
/product/overlay/SettingsResCommon_Sys.apk 1208-1209
/product/overlay/SystemUIResCommon_Sys.apk 1210-1211
/product/overlay/TelecommResCommon_Sys.apk 1212-1213
/product/overlay/TelephonyResCommon_Sys.apk 1214-1215
/product/overlay/TransparentNavigationBar/TransparentNavigationBarOverlay.apk 1216-1217
/product/overlay/WifiResCommon_Sys.apk 1218-1219
